Archive member included to satisfy reference by file (symbol)

/home/abso/gcc-arm-none-eabi-6-2017-q2-update-linux/gcc-arm-none-eabi-6-2017-q2-update/bin/../lib/gcc/arm-none-eabi/6.3.1/../../../../arm-none-eabi/lib/thumb/v6-m/libc.a(lib_a-assert.o)
                              stap_utils.o (__assert_func)
/home/abso/gcc-arm-none-eabi-6-2017-q2-update-linux/gcc-arm-none-eabi-6-2017-q2-update/bin/../lib/gcc/arm-none-eabi/6.3.1/../../../../arm-none-eabi/lib/thumb/v6-m/libc.a(lib_a-fclose.o)
                              stap_utils.o (fclose)
/home/abso/gcc-arm-none-eabi-6-2017-q2-update-linux/gcc-arm-none-eabi-6-2017-q2-update/bin/../lib/gcc/arm-none-eabi/6.3.1/../../../../arm-none-eabi/lib/thumb/v6-m/libc.a(lib_a-fflush.o)
                              /home/abso/gcc-arm-none-eabi-6-2017-q2-update-linux/gcc-arm-none-eabi-6-2017-q2-update/bin/../lib/gcc/arm-none-eabi/6.3.1/../../../../arm-none-eabi/lib/thumb/v6-m/libc.a(lib_a-fclose.o) (__sflush_r)
/home/abso/gcc-arm-none-eabi-6-2017-q2-update-linux/gcc-arm-none-eabi-6-2017-q2-update/bin/../lib/gcc/arm-none-eabi/6.3.1/../../../../arm-none-eabi/lib/thumb/v6-m/libc.a(lib_a-findfp.o)
                              /home/abso/gcc-arm-none-eabi-6-2017-q2-update-linux/gcc-arm-none-eabi-6-2017-q2-update/bin/../lib/gcc/arm-none-eabi/6.3.1/../../../../arm-none-eabi/lib/thumb/v6-m/libc.a(lib_a-fclose.o) (__sinit)
/home/abso/gcc-arm-none-eabi-6-2017-q2-update-linux/gcc-arm-none-eabi-6-2017-q2-update/bin/../lib/gcc/arm-none-eabi/6.3.1/../../../../arm-none-eabi/lib/thumb/v6-m/libc.a(lib_a-fiprintf.o)
                              /home/abso/gcc-arm-none-eabi-6-2017-q2-update-linux/gcc-arm-none-eabi-6-2017-q2-update/bin/../lib/gcc/arm-none-eabi/6.3.1/../../../../arm-none-eabi/lib/thumb/v6-m/libc.a(lib_a-assert.o) (fiprintf)
/home/abso/gcc-arm-none-eabi-6-2017-q2-update-linux/gcc-arm-none-eabi-6-2017-q2-update/bin/../lib/gcc/arm-none-eabi/6.3.1/../../../../arm-none-eabi/lib/thumb/v6-m/libc.a(lib_a-fopen.o)
                              stap_utils.o (fopen)
/home/abso/gcc-arm-none-eabi-6-2017-q2-update-linux/gcc-arm-none-eabi-6-2017-q2-update/bin/../lib/gcc/arm-none-eabi/6.3.1/../../../../arm-none-eabi/lib/thumb/v6-m/libc.a(lib_a-fprintf.o)
                              stap_utils.o (fprintf)
/home/abso/gcc-arm-none-eabi-6-2017-q2-update-linux/gcc-arm-none-eabi-6-2017-q2-update/bin/../lib/gcc/arm-none-eabi/6.3.1/../../../../arm-none-eabi/lib/thumb/v6-m/libc.a(lib_a-fread.o)
                              stap_utils.o (fread)
/home/abso/gcc-arm-none-eabi-6-2017-q2-update-linux/gcc-arm-none-eabi-6-2017-q2-update/bin/../lib/gcc/arm-none-eabi/6.3.1/../../../../arm-none-eabi/lib/thumb/v6-m/libc.a(lib_a-freer.o)
                              /home/abso/gcc-arm-none-eabi-6-2017-q2-update-linux/gcc-arm-none-eabi-6-2017-q2-update/bin/../lib/gcc/arm-none-eabi/6.3.1/../../../../arm-none-eabi/lib/thumb/v6-m/libc.a(lib_a-fclose.o) (_free_r)
/home/abso/gcc-arm-none-eabi-6-2017-q2-update-linux/gcc-arm-none-eabi-6-2017-q2-update/bin/../lib/gcc/arm-none-eabi/6.3.1/../../../../arm-none-eabi/lib/thumb/v6-m/libc.a(lib_a-fseek.o)
                              /home/abso/gcc-arm-none-eabi-6-2017-q2-update-linux/gcc-arm-none-eabi-6-2017-q2-update/bin/../lib/gcc/arm-none-eabi/6.3.1/../../../../arm-none-eabi/lib/thumb/v6-m/libc.a(lib_a-fopen.o) (_fseek_r)
/home/abso/gcc-arm-none-eabi-6-2017-q2-update-linux/gcc-arm-none-eabi-6-2017-q2-update/bin/../lib/gcc/arm-none-eabi/6.3.1/../../../../arm-none-eabi/lib/thumb/v6-m/libc.a(lib_a-fseeko.o)
                              /home/abso/gcc-arm-none-eabi-6-2017-q2-update-linux/gcc-arm-none-eabi-6-2017-q2-update/bin/../lib/gcc/arm-none-eabi/6.3.1/../../../../arm-none-eabi/lib/thumb/v6-m/libc.a(lib_a-fseek.o) (_fseeko_r)
/home/abso/gcc-arm-none-eabi-6-2017-q2-update-linux/gcc-arm-none-eabi-6-2017-q2-update/bin/../lib/gcc/arm-none-eabi/6.3.1/../../../../arm-none-eabi/lib/thumb/v6-m/libc.a(lib_a-fstatr.o)
                              /home/abso/gcc-arm-none-eabi-6-2017-q2-update-linux/gcc-arm-none-eabi-6-2017-q2-update/bin/../lib/gcc/arm-none-eabi/6.3.1/../../../../arm-none-eabi/lib/thumb/v6-m/libc.a(lib_a-fseeko.o) (_fstat_r)
/home/abso/gcc-arm-none-eabi-6-2017-q2-update-linux/gcc-arm-none-eabi-6-2017-q2-update/bin/../lib/gcc/arm-none-eabi/6.3.1/../../../../arm-none-eabi/lib/thumb/v6-m/libc.a(lib_a-fwalk.o)
                              /home/abso/gcc-arm-none-eabi-6-2017-q2-update-linux/gcc-arm-none-eabi-6-2017-q2-update/bin/../lib/gcc/arm-none-eabi/6.3.1/../../../../arm-none-eabi/lib/thumb/v6-m/libc.a(lib_a-findfp.o) (_fwalk)
/home/abso/gcc-arm-none-eabi-6-2017-q2-update-linux/gcc-arm-none-eabi-6-2017-q2-update/bin/../lib/gcc/arm-none-eabi/6.3.1/../../../../arm-none-eabi/lib/thumb/v6-m/libc.a(lib_a-impure.o)
                              /home/abso/gcc-arm-none-eabi-6-2017-q2-update-linux/gcc-arm-none-eabi-6-2017-q2-update/bin/../lib/gcc/arm-none-eabi/6.3.1/../../../../arm-none-eabi/lib/thumb/v6-m/libc.a(lib_a-fflush.o) (_global_impure_ptr)
[...]
Memory Configuration

Name             Origin             Length             Attributes
rom              0x0000000000000000 0x0000000000800000
ram              0x0000000040000000 0x0000000000800000
h                0x0000000040000000 0x0000000000400000
*default*        0x0000000000000000 0xffffffffffffffff

Linker script and memory map

LOAD vectors.o
LOAD putget.o
LOAD supportFuncs.o
LOAD LED.o
LOAD timer.o
LOAD stap_utils.o
LOAD stap_covariance_estimate.o
LOAD stap_kernel1_driver.o
LOAD /home/abso/gcc-arm-none-eabi-6-2017-q2-update-linux/gcc-arm-none-eabi-6-2017-q2-update/bin/../lib/gcc/arm-none-eabi/6.3.1/../../../../arm-none-eabi/lib/thumb/v6-m/libnosys.a
LOAD /home/abso/gcc-arm-none-eabi-6-2017-q2-update-linux/gcc-arm-none-eabi-6-2017-q2-update/bin/../lib/gcc/arm-none-eabi/6.3.1/../../../../arm-none-eabi/lib/thumb/v6-m/libc.a
LOAD /home/abso/gcc-arm-none-eabi-6-2017-q2-update-linux/gcc-arm-none-eabi-6-2017-q2-update/bin/../lib/gcc/arm-none-eabi/6.3.1/../../../../arm-none-eabi/lib/thumb/v6-m/libm.a
START GROUP
LOAD /home/abso/gcc-arm-none-eabi-6-2017-q2-update-linux/gcc-arm-none-eabi-6-2017-q2-update/bin/../lib/gcc/arm-none-eabi/6.3.1/thumb/v6-m/libgcc.a
LOAD /home/abso/gcc-arm-none-eabi-6-2017-q2-update-linux/gcc-arm-none-eabi-6-2017-q2-update/bin/../lib/gcc/arm-none-eabi/6.3.1/../../../../arm-none-eabi/lib/thumb/v6-m/libc.a
END GROUP
START GROUP
LOAD /home/abso/gcc-arm-none-eabi-6-2017-q2-update-linux/gcc-arm-none-eabi-6-2017-q2-update/bin/../lib/gcc/arm-none-eabi/6.3.1/thumb/v6-m/libgcc.a
LOAD /home/abso/gcc-arm-none-eabi-6-2017-q2-update-linux/gcc-arm-none-eabi-6-2017-q2-update/bin/../lib/gcc/arm-none-eabi/6.3.1/../../../../arm-none-eabi/lib/thumb/v6-m/libc.a
LOAD /home/abso/gcc-arm-none-eabi-6-2017-q2-update-linux/gcc-arm-none-eabi-6-2017-q2-update/bin/../lib/gcc/arm-none-eabi/6.3.1/../../../../arm-none-eabi/lib/thumb/v6-m/libnosys.a
END GROUP

.text           0x0000000000000000     0xaa0c
 *(.text*)
 .text          0x0000000000000000       0x7c vectors.o
                0x0000000000000074                _start
                0x0000000000000078                exit
 .text          0x000000000000007c       0x88 putget.o
                0x000000000000007c                putchar
                0x000000000000008a                PUT32
                0x000000000000008e                GET32
                0x0000000000000092                PUTGETCLR
                0x000000000000009a                atest
                0x00000000000000ac                stest
                0x00000000000000dc                testfun1
                0x00000000000000e4                testfun2
                0x00000000000000ec                testfun3
                0x00000000000000f4                testfun4
                0x00000000000000fc                PUTGETSET
 .text          0x0000000000000104       0x18 supportFuncs.o
                0x0000000000000104                _fini
                0x0000000000000108                __exidx_start
                0x000000000000010c                __exidx_end
                0x0000000000000110                __errno
                0x0000000000000114                rand
                0x0000000000000118                srand
 .text          0x000000000000011c       0x54 LED.o
                0x000000000000011c                initLED
                0x000000000000014a                LED
 .text          0x0000000000000170       0x44 timer.o
                0x0000000000000170                init_timer
                0x0000000000000174                timer
                0x000000000000017c                timer_getres
                0x0000000000000184                tic
                0x0000000000000194                toc
 .text          0x00000000000001b4      0x3ec stap_utils.o
                0x00000000000001b4                cconj
                0x00000000000001cc                cmult
                0x0000000000000234                calculate_snr
                0x0000000000000328                xmalloc
                0x000000000000033c                extract_snapshot
                0x0000000000000444                read_complex_data_file
 .text          0x00000000000005a0      0x710 stap_covariance_estimate.o
                0x00000000000005a0                stap_compute_covariance_estimate
                0x0000000000000c28                accumulate_outer_product_lower
 .text          0x0000000000000cb0       0xa0 stap_kernel1_driver.o
                0x0000000000000cb0                benchmark
 .text.startup  0x0000000000000d50        0xc stap_kernel1_driver.o
                0x0000000000000d50                main
 .text          0x0000000000000d5c        0x0 /home/abso/gcc-arm-none-eabi-6-2017-q2-update-linux/gcc-arm-none-eabi-6-2017-q2-update/bin/../lib/gcc/arm-none-eabi/6.3.1/../../../../arm-none-eabi/lib/thumb/v6-m/libc.a(lib_a-assert.o)
 .text.__assert_func
                0x0000000000000d5c       0x40 /home/abso/gcc-arm-none-eabi-6-2017-q2-update-linux/gcc-arm-none-eabi-6-2017-q2-update/bin/../lib/gcc/arm-none-eabi/6.3.1/../../../../arm-none-eabi/lib/thumb/v6-m/libc.a(lib_a-assert.o)
                0x0000000000000d5c                __assert_func
 .text.__assert
                0x0000000000000d9c        0xc /home/abso/gcc-arm-none-eabi-6-2017-q2-update-linux/gcc-arm-none-eabi-6-2017-q2-update/bin/../lib/gcc/arm-none-eabi/6.3.1/../../../../arm-none-eabi/lib/thumb/v6-m/libc.a(lib_a-assert.o)
                0x0000000000000d9c                __assert
 .text          0x0000000000000da8        0x0 /home/abso/gcc-arm-none-eabi-6-2017-q2-update-linux/gcc-arm-none-eabi-6-2017-q2-update/bin/../lib/gcc/arm-none-eabi/6.3.1/../../../../arm-none-eabi/lib/thumb/v6-m/libc.a(lib_a-fclose.o)
 .text._fclose_r
                0x0000000000000da8       0xcc /home/abso/gcc-arm-none-eabi-6-2017-q2-update-linux/gcc-arm-none-eabi-6-2017-q2-update/bin/../lib/gcc/arm-none-eabi/6.3.1/../../../../arm-none-eabi/lib/thumb/v6-m/libc.a(lib_a-fclose.o)
                0x0000000000000da8                _fclose_r
 .text.fclose   0x0000000000000e74       0x14 /home/abso/gcc-arm-none-eabi-6-2017-q2-update-linux/gcc-arm-none-eabi-6-2017-q2-update/bin/../lib/gcc/arm-none-eabi/6.3.1/../../../../arm-none-eabi/lib/thumb/v6-m/libc.a(lib_a-fclose.o)
                0x0000000000000e74                fclose
 .text          0x0000000000000e88        0x0 /home/abso/gcc-arm-none-eabi-6-2017-q2-update-linux/gcc-arm-none-eabi-6-2017-q2-update/bin/../lib/gcc/arm-none-eabi/6.3.1/../../../../arm-none-eabi/lib/thumb/v6-m/libc.a(lib_a-fflush.o)
 .text.__sflush_r
                0x0000000000000e88      0x150 /home/abso/gcc-arm-none-eabi-6-2017-q2-update-linux/gcc-arm-none-eabi-6-2017-q2-update/bin/../lib/gcc/arm-none-eabi/6.3.1/../../../../arm-none-eabi/lib/thumb/v6-m/libc.a(lib_a-fflush.o)
                0x0000000000000e88                __sflush_r
 .text._fflush_r
                0x0000000000000fd8       0x54 /home/abso/gcc-arm-none-eabi-6-2017-q2-update-linux/gcc-arm-none-eabi-6-2017-q2-update/bin/../lib/gcc/arm-none-eabi/6.3.1/../../../../arm-none-eabi/lib/thumb/v6-m/libc.a(lib_a-fflush.o)
                0x0000000000000fd8                _fflush_r
 .text.fflush   0x000000000000102c       0x28 /home/abso/gcc-arm-none-eabi-6-2017-q2-update-linux/gcc-arm-none-eabi-6-2017-q2-update/bin/../lib/gcc/arm-none-eabi/6.3.1/../../../../arm-none-eabi/lib/thumb/v6-m/libc.a(lib_a-fflush.o)
                0x000000000000102c                fflush
 .text          0x0000000000001054        0x0 /home/abso/gcc-arm-none-eabi-6-2017-q2-update-linux/gcc-arm-none-eabi-6-2017-q2-update/bin/../lib/gcc/arm-none-eabi/6.3.1/../../../../arm-none-eabi/lib/thumb/v6-m/libc.a(lib_a-findfp.o)
 .text._cleanup_r
                0x0000000000001054       0x10 /home/abso/gcc-arm-none-eabi-6-2017-q2-update-linux/gcc-arm-none-eabi-6-2017-q2-update/bin/../lib/gcc/arm-none-eabi/6.3.1/../../../../arm-none-eabi/lib/thumb/v6-m/libc.a(lib_a-findfp.o)
                0x0000000000001054                _cleanup_r
 .text.std.isra.0
                0x0000000000001064       0x50 /home/abso/gcc-arm-none-eabi-6-2017-q2-update-linux/gcc-arm-none-eabi-6-2017-q2-update/bin/../lib/gcc/arm-none-eabi/6.3.1/../../../../arm-none-eabi/lib/thumb/v6-m/libc.a(lib_a-findfp.o)
 .text.__fp_lock
                0x00000000000010b4       0x1c /home/abso/gcc-arm-none-eabi-6-2017-q2-update-linux/gcc-arm-none-eabi-6-2017-q2-update/bin/../lib/gcc/arm-none-eabi/6.3.1/../../../../arm-none-eabi/lib/thumb/v6-m/libc.a(lib_a-findfp.o)
 .text.__fp_unlock
                0x00000000000010d0       0x1c /home/abso/gcc-arm-none-eabi-6-2017-q2-update-linux/gcc-arm-none-eabi-6-2017-q2-update/bin/../lib/gcc/arm-none-eabi/6.3.1/../../../../arm-none-eabi/lib/thumb/v6-m/libc.a(lib_a-findfp.o)
 .text.__sfmoreglue
                0x00000000000010ec       0x30 /home/abso/gcc-arm-none-eabi-6-2017-q2-update-linux/gcc-arm-none-eabi-6-2017-q2-update/bin/../lib/gcc/arm-none-eabi/6.3.1/../../../../arm-none-eabi/lib/thumb/v6-m/libc.a(lib_a-findfp.o)
                0x00000000000010ec                __sfmoreglue
 .text._cleanup
                0x000000000000111c       0x18 /home/abso/gcc-arm-none-eabi-6-2017-q2-update-linux/gcc-arm-none-eabi-6-2017-q2-update/bin/../lib/gcc/arm-none-eabi/6.3.1/../../../../arm-none-eabi/lib/thumb/v6-m/libc.a(lib_a-findfp.o)
                0x000000000000111c                _cleanup
 .text.__sinit  0x0000000000001134       0x60 /home/abso/gcc-arm-none-eabi-6-2017-q2-update-linux/gcc-arm-none-eabi-6-2017-q2-update/bin/../lib/gcc/arm-none-eabi/6.3.1/../../../../arm-none-eabi/lib/thumb/v6-m/libc.a(lib_a-findfp.o)
                0x0000000000001134                __sinit
 .text.__sfp    0x0000000000001194       0xac /home/abso/gcc-arm-none-eabi-6-2017-q2-update-linux/gcc-arm-none-eabi-6-2017-q2-update/bin/../lib/gcc/arm-none-eabi/6.3.1/../../../../arm-none-eabi/lib/thumb/v6-m/libc.a(lib_a-findfp.o)
                0x0000000000001194                __sfp
 .text.__sfp_lock_acquire
                0x0000000000001240       0x10 /home/abso/gcc-arm-none-eabi-6-2017-q2-update-linux/gcc-arm-none-eabi-6-2017-q2-update/bin/../lib/gcc/arm-none-eabi/6.3.1/../../../../arm-none-eabi/lib/thumb/v6-m/libc.a(lib_a-findfp.o)
                0x0000000000001240                __sfp_lock_acquire
 .text.__sfp_lock_release
                0x0000000000001250       0x10 /home/abso/gcc-arm-none-eabi-6-2017-q2-update-linux/gcc-arm-none-eabi-6-2017-q2-update/bin/../lib/gcc/arm-none-eabi/6.3.1/../../../../arm-none-eabi/lib/thumb/v6-m/libc.a(lib_a-findfp.o)
                0x0000000000001250                __sfp_lock_release
 .text.__sinit_lock_acquire
                0x0000000000001260       0x10 /home/abso/gcc-arm-none-eabi-6-2017-q2-update-linux/gcc-arm-none-eabi-6-2017-q2-update/bin/../lib/gcc/arm-none-eabi/6.3.1/../../../../arm-none-eabi/lib/thumb/v6-m/libc.a(lib_a-findfp.o)
                0x0000000000001260                __sinit_lock_acquire
 .text.__sinit_lock_release
                0x0000000000001270       0x10 /home/abso/gcc-arm-none-eabi-6-2017-q2-update-linux/gcc-arm-none-eabi-6-2017-q2-update/bin/../lib/gcc/arm-none-eabi/6.3.1/../../../../arm-none-eabi/lib/thumb/v6-m/libc.a(lib_a-findfp.o)
                0x0000000000001270                __sinit_lock_release
 .text.__fp_lock_all
                0x0000000000001280       0x20 /home/abso/gcc-arm-none-eabi-6-2017-q2-update-linux/gcc-arm-none-eabi-6-2017-q2-update/bin/../lib/gcc/arm-none-eabi/6.3.1/../../../../arm-none-eabi/lib/thumb/v6-m/libc.a(lib_a-findfp.o)
                0x0000000000001280                __fp_lock_all
 .text.__fp_unlock_all
                0x00000000000012a0       0x20 /home/abso/gcc-arm-none-eabi-6-2017-q2-update-linux/gcc-arm-none-eabi-6-2017-q2-update/bin/../lib/gcc/arm-none-eabi/6.3.1/../../../../arm-none-eabi/lib/thumb/v6-m/libc.a(lib_a-findfp.o)
                0x00000000000012a0                __fp_unlock_all
 .text          0x00000000000012c0        0x0 /home/abso/gcc-arm-none-eabi-6-2017-q2-update-linux/gcc-arm-none-eabi-6-2017-q2-update/bin/../lib/gcc/arm-none-eabi/6.3.1/../../../../arm-none-eabi/lib/thumb/v6-m/libc.a(lib_a-fiprintf.o)
 .text._fiprintf_r
                0x00000000000012c0       0x18 /home/abso/gcc-arm-none-eabi-6-2017-q2-update-linux/gcc-arm-none-eabi-6-2017-q2-update/bin/../lib/gcc/arm-none-eabi/6.3.1/../../../../arm-none-eabi/lib/thumb/v6-m/libc.a(lib_a-fiprintf.o)
                0x00000000000012c0                _fiprintf_r
 .text.fiprintf
                0x00000000000012d8       0x24 /home/abso/gcc-arm-none-eabi-6-2017-q2-update-linux/gcc-arm-none-eabi-6-2017-q2-update/bin/../lib/gcc/arm-none-eabi/6.3.1/../../../../arm-none-eabi/lib/thumb/v6-m/libc.a(lib_a-fiprintf.o)
                0x00000000000012d8                fiprintf
 .text          0x00000000000012fc        0x0 /home/abso/gcc-arm-none-eabi-6-2017-q2-update-linux/gcc-arm-none-eabi-6-2017-q2-update/bin/../lib/gcc/arm-none-eabi/6.3.1/../../../../arm-none-eabi/lib/thumb/v6-m/libc.a(lib_a-fopen.o)
 .text._fopen_r
                0x00000000000012fc       0xac /home/abso/gcc-arm-none-eabi-6-2017-q2-update-linux/gcc-arm-none-eabi-6-2017-q2-update/bin/../lib/gcc/arm-none-eabi/6.3.1/../../../../arm-none-eabi/lib/thumb/v6-m/libc.a(lib_a-fopen.o)
                0x00000000000012fc                _fopen_r
 .text.fopen    0x00000000000013a8       0x18 /home/abso/gcc-arm-none-eabi-6-2017-q2-update-linux/gcc-arm-none-eabi-6-2017-q2-update/bin/../lib/gcc/arm-none-eabi/6.3.1/../../../../arm-none-eabi/lib/thumb/v6-m/libc.a(lib_a-fopen.o)
                0x00000000000013a8                fopen
 .text          0x00000000000013c0        0x0 /home/abso/gcc-arm-none-eabi-6-2017-q2-update-linux/gcc-arm-none-eabi-6-2017-q2-update/bin/../lib/gcc/arm-none-eabi/6.3.1/../../../../arm-none-eabi/lib/thumb/v6-m/libc.a(lib_a-fprintf.o)
 .text._fprintf_r
                0x00000000000013c0       0x18 /home/abso/gcc-arm-none-eabi-6-2017-q2-update-linux/gcc-arm-none-eabi-6-2017-q2-update/bin/../lib/gcc/arm-none-eabi/6.3.1/../../../../arm-none-eabi/lib/thumb/v6-m/libc.a(lib_a-fprintf.o)
                0x00000000000013c0                _fprintf_r
 .text.fprintf  0x00000000000013d8       0x24 /home/abso/gcc-arm-none-eabi-6-2017-q2-update-linux/gcc-arm-none-eabi-6-2017-q2-update/bin/../lib/gcc/arm-none-eabi/6.3.1/../../../../arm-none-eabi/lib/thumb/v6-m/libc.a(lib_a-fprintf.o)
                0x00000000000013d8                fprintf
 .text          0x00000000000013fc        0x0 /home/abso/gcc-arm-none-eabi-6-2017-q2-update-linux/gcc-arm-none-eabi-6-2017-q2-update/bin/../lib/gcc/arm-none-eabi/6.3.1/../../../../arm-none-eabi/lib/thumb/v6-m/libc.a(lib_a-fread.o)
 .text._fread_r
                0x00000000000013fc      0x1d8 /home/abso/gcc-arm-none-eabi-6-2017-q2-update-linux/gcc-arm-none-eabi-6-2017-q2-update/bin/../lib/gcc/arm-none-eabi/6.3.1/../../../../arm-none-eabi/lib/thumb/v6-m/libc.a(lib_a-fread.o)
                0x00000000000013fc                _fread_r
 .text.fread    0x00000000000015d4       0x20 /home/abso/gcc-arm-none-eabi-6-2017-q2-update-linux/gcc-arm-none-eabi-6-2017-q2-update/bin/../lib/gcc/arm-none-eabi/6.3.1/../../../../arm-none-eabi/lib/thumb/v6-m/libc.a(lib_a-fread.o)
                0x00000000000015d4                fread
 .text          0x00000000000015f4        0x0 /home/abso/gcc-arm-none-eabi-6-2017-q2-update-linux/gcc-arm-none-eabi-6-2017-q2-update/bin/../lib/gcc/arm-none-eabi/6.3.1/../../../../arm-none-eabi/lib/thumb/v6-m/libc.a(lib_a-freer.o)
 .text._malloc_trim_r
                0x00000000000015f4       0xa0 /home/abso/gcc-arm-none-eabi-6-2017-q2-update-linux/gcc-arm-none-eabi-6-2017-q2-update/bin/../lib/gcc/arm-none-eabi/6.3.1/../../../../arm-none-eabi/lib/thumb/v6-m/libc.a(lib_a-freer.o)
                0x00000000000015f4                _malloc_trim_r
 .text._free_r  0x0000000000001694      0x1bc /home/abso/gcc-arm-none-eabi-6-2017-q2-update-linux/gcc-arm-none-eabi-6-2017-q2-update/bin/../lib/gcc/arm-none-eabi/6.3.1/../../../../arm-none-eabi/lib/thumb/v6-m/libc.a(lib_a-freer.o)
                0x0000000000001694                _free_r
 .text          0x0000000000001850        0x0 /home/abso/gcc-arm-none-eabi-6-2017-q2-update-linux/gcc-arm-none-eabi-6-2017-q2-update/bin/../lib/gcc/arm-none-eabi/6.3.1/../../../../arm-none-eabi/lib/thumb/v6-m/libc.a(lib_a-fseek.o)
 .text._fseek_r
                0x0000000000001850        0x8 /home/abso/gcc-arm-none-eabi-6-2017-q2-update-linux/gcc-arm-none-eabi-6-2017-q2-update/bin/../lib/gcc/arm-none-eabi/6.3.1/../../../../arm-none-eabi/lib/thumb/v6-m/libc.a(lib_a-fseek.o)
                0x0000000000001850                _fseek_r
 .text.fseek    0x0000000000001858       0x18 /home/abso/gcc-arm-none-eabi-6-2017-q2-update-linux/gcc-arm-none-eabi-6-2017-q2-update/bin/../lib/gcc/arm-none-eabi/6.3.1/../../../../arm-none-eabi/lib/thumb/v6-m/libc.a(lib_a-fseek.o)
                0x0000000000001858                fseek
 .text          0x0000000000001870        0x0 /home/abso/gcc-arm-none-eabi-6-2017-q2-update-linux/gcc-arm-none-eabi-6-2017-q2-update/bin/../lib/gcc/arm-none-eabi/6.3.1/../../../../arm-none-eabi/lib/thumb/v6-m/libc.a(lib_a-fseeko.o)
 .text._fseeko_r
                0x0000000000001870      0x33c /home/abso/gcc-arm-none-eabi-6-2017-q2-update-linux/gcc-arm-none-eabi-6-2017-q2-update/bin/../lib/gcc/arm-none-eabi/6.3.1/../../../../arm-none-eabi/lib/thumb/v6-m/libc.a(lib_a-fseeko.o)
                0x0000000000001870                _fseeko_r
 .text.fseeko   0x0000000000001bac       0x18 /home/abso/gcc-arm-none-eabi-6-2017-q2-update-linux/gcc-arm-none-eabi-6-2017-q2-update/bin/../lib/gcc/arm-none-eabi/6.3.1/../../../../arm-none-eabi/lib/thumb/v6-m/libc.a(lib_a-fseeko.o)
                0x0000000000001bac                fseeko
 .text          0x0000000000001bc4        0x0 /home/abso/gcc-arm-none-eabi-6-2017-q2-update-linux/gcc-arm-none-eabi-6-2017-q2-update/bin/../lib/gcc/arm-none-eabi/6.3.1/../../../../arm-none-eabi/lib/thumb/v6-m/libc.a(lib_a-fstatr.o)
 .text._fstat_r
                0x0000000000001bc4       0x28 /home/abso/gcc-arm-none-eabi-6-2017-q2-update-linux/gcc-arm-none-eabi-6-2017-q2-update/bin/../lib/gcc/arm-none-eabi/6.3.1/../../../../arm-none-eabi/lib/thumb/v6-m/libc.a(lib_a-fstatr.o)
                0x0000000000001bc4                _fstat_r
 .text          0x0000000000001bec        0x0 /home/abso/gcc-arm-none-eabi-6-2017-q2-update-linux/gcc-arm-none-eabi-6-2017-q2-update/bin/../lib/gcc/arm-none-eabi/6.3.1/../../../../arm-none-eabi/lib/thumb/v6-m/libc.a(lib_a-fwalk.o)
 .text._fwalk   0x0000000000001bec       0x44 /home/abso/gcc-arm-none-eabi-6-2017-q2-update-linux/gcc-arm-none-eabi-6-2017-q2-update/bin/../lib/gcc/arm-none-eabi/6.3.1/../../../../arm-none-eabi/lib/thumb/v6-m/libc.a(lib_a-fwalk.o)
                0x0000000000001bec                _fwalk
 .text._fwalk_reent
                0x0000000000001c30       0x4c /home/abso/gcc-arm-none-eabi-6-2017-q2-update-linux/gcc-arm-none-eabi-6-2017-q2-update/bin/../lib/gcc/arm-none-eabi/6.3.1/../../../../arm-none-eabi/lib/thumb/v6-m/libc.a(lib_a-fwalk.o)
                0x0000000000001c30                _fwalk_reent
 .text          0x0000000000001c7c        0x0 /home/abso/gcc-arm-none-eabi-6-2017-q2-update-linux/gcc-arm-none-eabi-6-2017-q2-update/bin/../lib/gcc/arm-none-eabi/6.3.1/../../../../arm-none-eabi/lib/thumb/v6-m/libc.a(lib_a-impure.o)
 .text          0x0000000000001c7c        0x0 /home/abso/gcc-arm-none-eabi-6-2017-q2-update-linux/gcc-arm-none-eabi-6-2017-q2-update/bin/../lib/gcc/arm-none-eabi/6.3.1/../../../../arm-none-eabi/lib/thumb/v6-m/libc.a(lib_a-lock.o)
 .text.__retarget_lock_init
                0x0000000000001c7c        0x4 /home/abso/gcc-arm-none-eabi-6-2017-q2-update-linux/gcc-arm-none-eabi-6-2017-q2-update/bin/../lib/gcc/arm-none-eabi/6.3.1/../../../../arm-none-eabi/lib/thumb/v6-m/libc.a(lib_a-lock.o)
                0x0000000000001c7c                __retarget_lock_init
 .text.__retarget_lock_init_recursive
                0x0000000000001c80        0x4 /home/abso/gcc-arm-none-eabi-6-2017-q2-update-linux/gcc-arm-none-eabi-6-2017-q2-update/bin/../lib/gcc/arm-none-eabi/6.3.1/../../../../arm-none-eabi/lib/thumb/v6-m/libc.a(lib_a-lock.o)
                0x0000000000001c80                __retarget_lock_init_recursive
 .text.__retarget_lock_close
                0x0000000000001c84        0x4 /home/abso/gcc-arm-none-eabi-6-2017-q2-update-linux/gcc-arm-none-eabi-6-2017-q2-update/bin/../lib/gcc/arm-none-eabi/6.3.1/../../../../arm-none-eabi/lib/thumb/v6-m/libc.a(lib_a-lock.o)
                0x0000000000001c84                __retarget_lock_close
 .text.__retarget_lock_close_recursive
                0x0000000000001c88        0x4 /home/abso/gcc-arm-none-eabi-6-2017-q2-update-linux/gcc-arm-none-eabi-6-2017-q2-update/bin/../lib/gcc/arm-none-eabi/6.3.1/../../../../arm-none-eabi/lib/thumb/v6-m/libc.a(lib_a-lock.o)
                0x0000000000001c88                __retarget_lock_close_recursive
 .text.__retarget_lock_acquire
                0x0000000000001c8c        0x4 /home/abso/gcc-arm-none-eabi-6-2017-q2-update-linux/gcc-arm-none-eabi-6-2017-q2-update/bin/../lib/gcc/arm-none-eabi/6.3.1/../../../../arm-none-eabi/lib/thumb/v6-m/libc.a(lib_a-lock.o)
                0x0000000000001c8c                __retarget_lock_acquire
 .text.__retarget_lock_acquire_recursive
                0x0000000000001c90        0x4 /home/abso/gcc-arm-none-eabi-6-2017-q2-update-linux/gcc-arm-none-eabi-6-2017-q2-update/bin/../lib/gcc/arm-none-eabi/6.3.1/../../../../arm-none-eabi/lib/thumb/v6-m/libc.a(lib_a-lock.o)
                0x0000000000001c90                __retarget_lock_acquire_recursive
 .text.__retarget_lock_try_acquire
                0x0000000000001c94        0x4 /home/abso/gcc-arm-none-eabi-6-2017-q2-update-linux/gcc-arm-none-eabi-6-2017-q2-update/bin/../lib/gcc/arm-none-eabi/6.3.1/../../../../arm-none-eabi/lib/thumb/v6-m/libc.a(lib_a-lock.o)
                0x0000000000001c94                __retarget_lock_try_acquire
 .text.__retarget_lock_try_acquire_recursive
                0x0000000000001c98        0x4 /home/abso/gcc-arm-none-eabi-6-2017-q2-update-linux/gcc-arm-none-eabi-6-2017-q2-update/bin/../lib/gcc/arm-none-eabi/6.3.1/../../../../arm-none-eabi/lib/thumb/v6-m/libc.a(lib_a-lock.o)
                0x0000000000001c98                __retarget_lock_try_acquire_recursive
 .text.__retarget_lock_release
                0x0000000000001c9c        0x4 /home/abso/gcc-arm-none-eabi-6-2017-q2-update-linux/gcc-arm-none-eabi-6-2017-q2-update/bin/../lib/gcc/arm-none-eabi/6.3.1/../../../../arm-none-eabi/lib/thumb/v6-m/libc.a(lib_a-lock.o)
                0x0000000000001c9c                __retarget_lock_release
 .text.__retarget_lock_release_recursive
                0x0000000000001ca0        0x4 /home/abso/gcc-arm-none-eabi-6-2017-q2-update-linux/gcc-arm-none-eabi-6-2017-q2-update/bin/../lib/gcc/arm-none-eabi/6.3.1/../../../../arm-none-eabi/lib/thumb/v6-m/libc.a(lib_a-lock.o)
                0x0000000000001ca0                __retarget_lock_release_recursive
 .text          0x0000000000001ca4        0x0 /home/abso/gcc-arm-none-eabi-6-2017-q2-update-linux/gcc-arm-none-eabi-6-2017-q2-update/bin/../lib/gcc/arm-none-eabi/6.3.1/../../../../arm-none-eabi/lib/thumb/v6-m/libc.a(lib_a-makebuf.o)
 .text.__swhatbuf_r
                0x0000000000001ca4       0x60 /home/abso/gcc-arm-none-eabi-6-2017-q2-update-linux/gcc-arm-none-eabi-6-2017-q2-update/bin/../lib/gcc/arm-none-eabi/6.3.1/../../../../arm-none-eabi/lib/thumb/v6-m/libc.a(lib_a-makebuf.o)
                0x0000000000001ca4                __swhatbuf_r
 .text.__smakebuf_r
                0x0000000000001d04       0x90 /home/abso/gcc-arm-none-eabi-6-2017-q2-update-linux/gcc-arm-none-eabi-6-2017-q2-update/bin/../lib/gcc/arm-none-eabi/6.3.1/../../../../arm-none-eabi/lib/thumb/v6-m/libc.a(lib_a-makebuf.o)
                0x0000000000001d04                __smakebuf_r
 .text          0x0000000000001d94        0x0 /home/abso/gcc-arm-none-eabi-6-2017-q2-update-linux/gcc-arm-none-eabi-6-2017-q2-update/bin/../lib/gcc/arm-none-eabi/6.3.1/../../../../arm-none-eabi/lib/thumb/v6-m/libc.a(lib_a-malloc.o)
 .text.malloc   0x0000000000001d94       0x14 /home/abso/gcc-arm-none-eabi-6-2017-q2-update-linux/gcc-arm-none-eabi-6-2017-q2-update/bin/../lib/gcc/arm-none-eabi/6.3.1/../../../../arm-none-eabi/lib/thumb/v6-m/libc.a(lib_a-malloc.o)
                0x0000000000001d94                malloc
 .text.free     0x0000000000001da8       0x14 /home/abso/gcc-arm-none-eabi-6-2017-q2-update-linux/gcc-arm-none-eabi-6-2017-q2-update/bin/../lib/gcc/arm-none-eabi/6.3.1/../../../../arm-none-eabi/lib/thumb/v6-m/libc.a(lib_a-malloc.o)
                0x0000000000001da8                free
 .text          0x0000000000001dbc        0x0 /home/abso/gcc-arm-none-eabi-6-2017-q2-update-linux/gcc-arm-none-eabi-6-2017-q2-update/bin/../lib/gcc/arm-none-eabi/6.3.1/../../../../arm-none-eabi/lib/thumb/v6-m/libc.a(lib_a-mallocr.o)
 .text._malloc_r
                0x0000000000001dbc      0x568 /home/abso/gcc-arm-none-eabi-6-2017-q2-update-linux/gcc-arm-none-eabi-6-2017-q2-update/bin/../lib/gcc/arm-none-eabi/6.3.1/../../../../arm-none-eabi/lib/thumb/v6-m/libc.a(lib_a-mallocr.o)
                0x0000000000001dbc                _malloc_r
 .text          0x0000000000002324        0x0 /home/abso/gcc-arm-none-eabi-6-2017-q2-update-linux/gcc-arm-none-eabi-6-2017-q2-update/bin/../lib/gcc/arm-none-eabi/6.3.1/../../../../arm-none-eabi/lib/thumb/v6-m/libc.a(lib_a-memcpy-stub.o)
 .text.memcpy   0x0000000000002324       0x84 /home/abso/gcc-arm-none-eabi-6-2017-q2-update-linux/gcc-arm-none-eabi-6-2017-q2-update/bin/../lib/gcc/arm-none-eabi/6.3.1/../../../../arm-none-eabi/lib/thumb/v6-m/libc.a(lib_a-memcpy-stub.o)
                0x0000000000002324                memcpy
 .text          0x00000000000023a8        0x0 /home/abso/gcc-arm-none-eabi-6-2017-q2-update-linux/gcc-arm-none-eabi-6-2017-q2-update/bin/../lib/gcc/arm-none-eabi/6.3.1/../../../../arm-none-eabi/lib/thumb/v6-m/libc.a(lib_a-memset.o)
 .text.memset   0x00000000000023a8       0x94 /home/abso/gcc-arm-none-eabi-6-2017-q2-update-linux/gcc-arm-none-eabi-6-2017-q2-update/bin/../lib/gcc/arm-none-eabi/6.3.1/../../../../arm-none-eabi/lib/thumb/v6-m/libc.a(lib_a-memset.o)
                0x00000000000023a8                memset
 .text          0x000000000000243c        0x0 /home/abso/gcc-arm-none-eabi-6-2017-q2-update-linux/gcc-arm-none-eabi-6-2017-q2-update/bin/../lib/gcc/arm-none-eabi/6.3.1/../../../../arm-none-eabi/lib/thumb/v6-m/libc.a(lib_a-mlock.o)
 .text.__malloc_lock
                0x000000000000243c       0x10 /home/abso/gcc-arm-none-eabi-6-2017-q2-update-linux/gcc-arm-none-eabi-6-2017-q2-update/bin/../lib/gcc/arm-none-eabi/6.3.1/../../../../arm-none-eabi/lib/thumb/v6-m/libc.a(lib_a-mlock.o)
                0x000000000000243c                __malloc_lock
 .text.__malloc_unlock
                0x000000000000244c       0x10 /home/abso/gcc-arm-none-eabi-6-2017-q2-update-linux/gcc-arm-none-eabi-6-2017-q2-update/bin/../lib/gcc/arm-none-eabi/6.3.1/../../../../arm-none-eabi/lib/thumb/v6-m/libc.a(lib_a-mlock.o)
                0x000000000000244c                __malloc_unlock
 .text          0x000000000000245c        0x0 /home/abso/gcc-arm-none-eabi-6-2017-q2-update-linux/gcc-arm-none-eabi-6-2017-q2-update/bin/../lib/gcc/arm-none-eabi/6.3.1/../../../../arm-none-eabi/lib/thumb/v6-m/libc.a(lib_a-openr.o)
 .text._open_r  0x000000000000245c       0x28 /home/abso/gcc-arm-none-eabi-6-2017-q2-update-linux/gcc-arm-none-eabi-6-2017-q2-update/bin/../lib/gcc/arm-none-eabi/6.3.1/../../../../arm-none-eabi/lib/thumb/v6-m/libc.a(lib_a-openr.o)
                0x000000000000245c                _open_r
 .text          0x0000000000002484        0x0 /home/abso/gcc-arm-none-eabi-6-2017-q2-update-linux/gcc-arm-none-eabi-6-2017-q2-update/bin/../lib/gcc/arm-none-eabi/6.3.1/../../../../arm-none-eabi/lib/thumb/v6-m/libc.a(lib_a-printf.o)
 .text._printf_r
                0x0000000000002484       0x1c /home/abso/gcc-arm-none-eabi-6-2017-q2-update-linux/gcc-arm-none-eabi-6-2017-q2-update/bin/../lib/gcc/arm-none-eabi/6.3.1/../../../../arm-none-eabi/lib/thumb/v6-m/libc.a(lib_a-printf.o)
                0x0000000000002484                _printf_r
 .text.printf   0x00000000000024a0       0x24 /home/abso/gcc-arm-none-eabi-6-2017-q2-update-linux/gcc-arm-none-eabi-6-2017-q2-update/bin/../lib/gcc/arm-none-eabi/6.3.1/../../../../arm-none-eabi/lib/thumb/v6-m/libc.a(lib_a-printf.o)
                0x00000000000024a0                printf
 .text          0x00000000000024c4        0x0 /home/abso/gcc-arm-none-eabi-6-2017-q2-update-linux/gcc-arm-none-eabi-6-2017-q2-update/bin/../lib/gcc/arm-none-eabi/6.3.1/../../../../arm-none-eabi/lib/thumb/v6-m/libc.a(lib_a-reent.o)
 .text.cleanup_glue
                0x00000000000024c4       0x1c /home/abso/gcc-arm-none-eabi-6-2017-q2-update-linux/gcc-arm-none-eabi-6-2017-q2-update/bin/../lib/gcc/arm-none-eabi/6.3.1/../../../../arm-none-eabi/lib/thumb/v6-m/libc.a(lib_a-reent.o)
                0x00000000000024c4                cleanup_glue
 .text._reclaim_reent
                0x00000000000024e0       0x94 /home/abso/gcc-arm-none-eabi-6-2017-q2-update-linux/gcc-arm-none-eabi-6-2017-q2-update/bin/../lib/gcc/arm-none-eabi/6.3.1/../../../../arm-none-eabi/lib/thumb/v6-m/libc.a(lib_a-reent.o)
                0x00000000000024e0                _reclaim_reent
 .text          0x0000000000002574        0x0 /home/abso/gcc-arm-none-eabi-6-2017-q2-update-linux/gcc-arm-none-eabi-6-2017-q2-update/bin/../lib/gcc/arm-none-eabi/6.3.1/../../../../arm-none-eabi/lib/thumb/v6-m/libc.a(lib_a-refill.o)
 .text.lflush   0x0000000000002574       0x1c /home/abso/gcc-arm-none-eabi-6-2017-q2-update-linux/gcc-arm-none-eabi-6-2017-q2-update/bin/../lib/gcc/arm-none-eabi/6.3.1/../../../../arm-none-eabi/lib/thumb/v6-m/libc.a(lib_a-refill.o)
 .text.__srefill_r
                0x0000000000002590      0x11c /home/abso/gcc-arm-none-eabi-6-2017-q2-update-linux/gcc-arm-none-eabi-6-2017-q2-update/bin/../lib/gcc/arm-none-eabi/6.3.1/../../../../arm-none-eabi/lib/thumb/v6-m/libc.a(lib_a-refill.o)
                0x0000000000002590                __srefill_r
 .text          0x00000000000026ac        0x0 /home/abso/gcc-arm-none-eabi-6-2017-q2-update-linux/gcc-arm-none-eabi-6-2017-q2-update/bin/../lib/gcc/arm-none-eabi/6.3.1/../../../../arm-none-eabi/lib/thumb/v6-m/libc.a(lib_a-sbrkr.o)
 .text._sbrk_r  0x00000000000026ac       0x24 /home/abso/gcc-arm-none-eabi-6-2017-q2-update-linux/gcc-arm-none-eabi-6-2017-q2-update/bin/../lib/gcc/arm-none-eabi/6.3.1/../../../../arm-none-eabi/lib/thumb/v6-m/libc.a(lib_a-sbrkr.o)
                0x00000000000026ac                _sbrk_r
 .text          0x00000000000026d0        0x0 /home/abso/gcc-arm-none-eabi-6-2017-q2-update-linux/gcc-arm-none-eabi-6-2017-q2-update/bin/../lib/gcc/arm-none-eabi/6.3.1/../../../../arm-none-eabi/lib/thumb/v6-m/libc.a(lib_a-stdio.o)
 .text.__sread  0x00000000000026d0       0x28 /home/abso/gcc-arm-none-eabi-6-2017-q2-update-linux/gcc-arm-none-eabi-6-2017-q2-update/bin/../lib/gcc/arm-none-eabi/6.3.1/../../../../arm-none-eabi/lib/thumb/v6-m/libc.a(lib_a-stdio.o)
                0x00000000000026d0                __sread
 .text.__seofread
                0x00000000000026f8        0x4 /home/abso/gcc-arm-none-eabi-6-2017-q2-update-linux/gcc-arm-none-eabi-6-2017-q2-update/bin/../lib/gcc/arm-none-eabi/6.3.1/../../../../arm-none-eabi/lib/thumb/v6-m/libc.a(lib_a-stdio.o)
                0x00000000000026f8                __seofread
 .text.__swrite
                0x00000000000026fc       0x3c /home/abso/gcc-arm-none-eabi-6-2017-q2-update-linux/gcc-arm-none-eabi-6-2017-q2-update/bin/../lib/gcc/arm-none-eabi/6.3.1/../../../../arm-none-eabi/lib/thumb/v6-m/libc.a(lib_a-stdio.o)
                0x00000000000026fc                __swrite
 .text.__sseek  0x0000000000002738       0x2c /home/abso/gcc-arm-none-eabi-6-2017-q2-update-linux/gcc-arm-none-eabi-6-2017-q2-update/bin/../lib/gcc/arm-none-eabi/6.3.1/../../../../arm-none-eabi/lib/thumb/v6-m/libc.a(lib_a-stdio.o)
                0x0000000000002738                __sseek
 .text.__sclose
                0x0000000000002764        0xc /home/abso/gcc-arm-none-eabi-6-2017-q2-update-linux/gcc-arm-none-eabi-6-2017-q2-update/bin/../lib/gcc/arm-none-eabi/6.3.1/../../../../arm-none-eabi/lib/thumb/v6-m/libc.a(lib_a-stdio.o)
                0x0000000000002764                __sclose
 .text          0x0000000000002770        0x0 /home/abso/gcc-arm-none-eabi-6-2017-q2-update-linux/gcc-arm-none-eabi-6-2017-q2-update/bin/../lib/gcc/arm-none-eabi/6.3.1/../../../../arm-none-eabi/lib/thumb/v6-m/libc.a(lib_a-strlen-stub.o)
 .text.strlen   0x0000000000002770       0x64 /home/abso/gcc-arm-none-eabi-6-2017-q2-update-linux/gcc-arm-none-eabi-6-2017-q2-update/bin/../lib/gcc/arm-none-eabi/6.3.1/../../../../arm-none-eabi/lib/thumb/v6-m/libc.a(lib_a-strlen-stub.o)
                0x0000000000002770                strlen
 .text          0x00000000000027d4        0x0 /home/abso/gcc-arm-none-eabi-6-2017-q2-update-linux/gcc-arm-none-eabi-6-2017-q2-update/bin/../lib/gcc/arm-none-eabi/6.3.1/../../../../arm-none-eabi/lib/thumb/v6-m/libc.a(lib_a-strncat.o)
 .text.strncat  0x00000000000027d4       0x64 /home/abso/gcc-arm-none-eabi-6-2017-q2-update-linux/gcc-arm-none-eabi-6-2017-q2-update/bin/../lib/gcc/arm-none-eabi/6.3.1/../../../../arm-none-eabi/lib/thumb/v6-m/libc.a(lib_a-strncat.o)
                0x00000000000027d4                strncat
 .text          0x0000000000002838        0x0 /home/abso/gcc-arm-none-eabi-6-2017-q2-update-linux/gcc-arm-none-eabi-6-2017-q2-update/bin/../lib/gcc/arm-none-eabi/6.3.1/../../../../arm-none-eabi/lib/thumb/v6-m/libc.a(lib_a-strncpy.o)
 .text.strncpy  0x0000000000002838       0x78 /home/abso/gcc-arm-none-eabi-6-2017-q2-update-linux/gcc-arm-none-eabi-6-2017-q2-update/bin/../lib/gcc/arm-none-eabi/6.3.1/../../../../arm-none-eabi/lib/thumb/v6-m/libc.a(lib_a-strncpy.o)
                0x0000000000002838                strncpy
 .text          0x00000000000028b0        0x0 /home/abso/gcc-arm-none-eabi-6-2017-q2-update-linux/gcc-arm-none-eabi-6-2017-q2-update/bin/../lib/gcc/arm-none-eabi/6.3.1/../../../../arm-none-eabi/lib/thumb/v6-m/libc.a(lib_a-vfiprintf.o)
 .text.__sprint_r.part.0
                0x00000000000028b0       0x84 /home/abso/gcc-arm-none-eabi-6-2017-q2-update-linux/gcc-arm-none-eabi-6-2017-q2-update/bin/../lib/gcc/arm-none-eabi/6.3.1/../../../../arm-none-eabi/lib/thumb/v6-m/libc.a(lib_a-vfiprintf.o)
 .text.__sprint_r
                0x0000000000002934       0x14 /home/abso/gcc-arm-none-eabi-6-2017-q2-update-linux/gcc-arm-none-eabi-6-2017-q2-update/bin/../lib/gcc/arm-none-eabi/6.3.1/../../../../arm-none-eabi/lib/thumb/v6-m/libc.a(lib_a-vfiprintf.o)
                0x0000000000002934                __sprint_r
 .text._vfiprintf_r
                0x0000000000002948      0xca8 /home/abso/gcc-arm-none-eabi-6-2017-q2-update-linux/gcc-arm-none-eabi-6-2017-q2-update/bin/../lib/gcc/arm-none-eabi/6.3.1/../../../../arm-none-eabi/lib/thumb/v6-m/libc.a(lib_a-vfiprintf.o)
                0x0000000000002948                _vfiprintf_r
 .text.vfiprintf
                0x00000000000035f0       0x18 /home/abso/gcc-arm-none-eabi-6-2017-q2-update-linux/gcc-arm-none-eabi-6-2017-q2-update/bin/../lib/gcc/arm-none-eabi/6.3.1/../../../../arm-none-eabi/lib/thumb/v6-m/libc.a(lib_a-vfiprintf.o)
                0x00000000000035f0                vfiprintf
 .text.__sbprintf
                0x0000000000003608       0x88 /home/abso/gcc-arm-none-eabi-6-2017-q2-update-linux/gcc-arm-none-eabi-6-2017-q2-update/bin/../lib/gcc/arm-none-eabi/6.3.1/../../../../arm-none-eabi/lib/thumb/v6-m/libc.a(lib_a-vfiprintf.o)
 .text          0x0000000000003690        0x0 /home/abso/gcc-arm-none-eabi-6-2017-q2-update-linux/gcc-arm-none-eabi-6-2017-q2-update/bin/../lib/gcc/arm-none-eabi/6.3.1/../../../../arm-none-eabi/lib/thumb/v6-m/libc.a(lib_a-vfprintf.o)
 .text._vfprintf_r
                0x0000000000003690     0x16d8 /home/abso/gcc-arm-none-eabi-6-2017-q2-update-linux/gcc-arm-none-eabi-6-2017-q2-update/bin/../lib/gcc/arm-none-eabi/6.3.1/../../../../arm-none-eabi/lib/thumb/v6-m/libc.a(lib_a-vfprintf.o)
                0x0000000000003690                _vfprintf_r
 .text.vfprintf
                0x0000000000004d68       0x18 /home/abso/gcc-arm-none-eabi-6-2017-q2-update-linux/gcc-arm-none-eabi-6-2017-q2-update/bin/../lib/gcc/arm-none-eabi/6.3.1/../../../../arm-none-eabi/lib/thumb/v6-m/libc.a(lib_a-vfprintf.o)
                0x0000000000004d68                vfprintf
 .text.__sbprintf
                0x0000000000004d80       0x88 /home/abso/gcc-arm-none-eabi-6-2017-q2-update-linux/gcc-arm-none-eabi-6-2017-q2-update/bin/../lib/gcc/arm-none-eabi/6.3.1/../../../../arm-none-eabi/lib/thumb/v6-m/libc.a(lib_a-vfprintf.o)
 .text          0x0000000000004e08        0x0 /home/abso/gcc-arm-none-eabi-6-2017-q2-update-linux/gcc-arm-none-eabi-6-2017-q2-update/bin/../lib/gcc/arm-none-eabi/6.3.1/../../../../arm-none-eabi/lib/thumb/v6-m/libc.a(lib_a-writer.o)
 .text._write_r
                0x0000000000004e08       0x28 /home/abso/gcc-arm-none-eabi-6-2017-q2-update-linux/gcc-arm-none-eabi-6-2017-q2-update/bin/../lib/gcc/arm-none-eabi/6.3.1/../../../../arm-none-eabi/lib/thumb/v6-m/libc.a(lib_a-writer.o)
                0x0000000000004e08                _write_r
 .text          0x0000000000004e30        0x0 /home/abso/gcc-arm-none-eabi-6-2017-q2-update-linux/gcc-arm-none-eabi-6-2017-q2-update/bin/../lib/gcc/arm-none-eabi/6.3.1/../../../../arm-none-eabi/lib/thumb/v6-m/libc.a(lib_a-wsetup.o)
 .text.__swsetup_r
                0x0000000000004e30       0xd4 /home/abso/gcc-arm-none-eabi-6-2017-q2-update-linux/gcc-arm-none-eabi-6-2017-q2-update/bin/../lib/gcc/arm-none-eabi/6.3.1/../../../../arm-none-eabi/lib/thumb/v6-m/libc.a(lib_a-wsetup.o)
                0x0000000000004e30                __swsetup_r
 .text          0x0000000000004f04        0x0 /home/abso/gcc-arm-none-eabi-6-2017-q2-update-linux/gcc-arm-none-eabi-6-2017-q2-update/bin/../lib/gcc/arm-none-eabi/6.3.1/../../../../arm-none-eabi/lib/thumb/v6-m/libc.a(lib_a-abort.o)
 .text.abort    0x0000000000004f04       0x10 /home/abso/gcc-arm-none-eabi-6-2017-q2-update-linux/gcc-arm-none-eabi-6-2017-q2-update/bin/../lib/gcc/arm-none-eabi/6.3.1/../../../../arm-none-eabi/lib/thumb/v6-m/libc.a(lib_a-abort.o)
                0x0000000000004f04                abort
 .text          0x0000000000004f14        0x0 /home/abso/gcc-arm-none-eabi-6-2017-q2-update-linux/gcc-arm-none-eabi-6-2017-q2-update/bin/../lib/gcc/arm-none-eabi/6.3.1/../../../../arm-none-eabi/lib/thumb/v6-m/libc.a(lib_a-closer.o)
 .text._close_r
                0x0000000000004f14       0x24 /home/abso/gcc-arm-none-eabi-6-2017-q2-update-linux/gcc-arm-none-eabi-6-2017-q2-update/bin/../lib/gcc/arm-none-eabi/6.3.1/../../../../arm-none-eabi/lib/thumb/v6-m/libc.a(lib_a-closer.o)
                0x0000000000004f14                _close_r
 .text          0x0000000000004f38        0x0 /home/abso/gcc-arm-none-eabi-6-2017-q2-update-linux/gcc-arm-none-eabi-6-2017-q2-update/bin/../lib/gcc/arm-none-eabi/6.3.1/../../../../arm-none-eabi/lib/thumb/v6-m/libc.a(lib_a-dtoa.o)
 .text.quorem   0x0000000000004f38      0x154 /home/abso/gcc-arm-none-eabi-6-2017-q2-update-linux/gcc-arm-none-eabi-6-2017-q2-update/bin/../lib/gcc/arm-none-eabi/6.3.1/../../../../arm-none-eabi/lib/thumb/v6-m/libc.a(lib_a-dtoa.o)
 .text._dtoa_r  0x000000000000508c      0xf88 /home/abso/gcc-arm-none-eabi-6-2017-q2-update-linux/gcc-arm-none-eabi-6-2017-q2-update/bin/../lib/gcc/arm-none-eabi/6.3.1/../../../../arm-none-eabi/lib/thumb/v6-m/libc.a(lib_a-dtoa.o)
                0x000000000000508c                _dtoa_r
 .text          0x0000000000006014        0x0 /home/abso/gcc-arm-none-eabi-6-2017-q2-update-linux/gcc-arm-none-eabi-6-2017-q2-update/bin/../lib/gcc/arm-none-eabi/6.3.1/../../../../arm-none-eabi/lib/thumb/v6-m/libc.a(lib_a-flags.o)
 .text.__sflags
                0x0000000000006014       0x9c /home/abso/gcc-arm-none-eabi-6-2017-q2-update-linux/gcc-arm-none-eabi-6-2017-q2-update/bin/../lib/gcc/arm-none-eabi/6.3.1/../../../../arm-none-eabi/lib/thumb/v6-m/libc.a(lib_a-flags.o)
                0x0000000000006014                __sflags
 .text          0x00000000000060b0        0x0 /home/abso/gcc-arm-none-eabi-6-2017-q2-update-linux/gcc-arm-none-eabi-6-2017-q2-update/bin/../lib/gcc/arm-none-eabi/6.3.1/../../../../arm-none-eabi/lib/thumb/v6-m/libc.a(lib_a-fputwc.o)
 .text.__fputwc
                0x00000000000060b0       0x98 /home/abso/gcc-arm-none-eabi-6-2017-q2-update-linux/gcc-arm-none-eabi-6-2017-q2-update/bin/../lib/gcc/arm-none-eabi/6.3.1/../../../../arm-none-eabi/lib/thumb/v6-m/libc.a(lib_a-fputwc.o)
                0x00000000000060b0                __fputwc
 .text._fputwc_r
                0x0000000000006148       0x5c /home/abso/gcc-arm-none-eabi-6-2017-q2-update-linux/gcc-arm-none-eabi-6-2017-q2-update/bin/../lib/gcc/arm-none-eabi/6.3.1/../../../../arm-none-eabi/lib/thumb/v6-m/libc.a(lib_a-fputwc.o)
                0x0000000000006148                _fputwc_r
 .text.fputwc   0x00000000000061a4       0x2c /home/abso/gcc-arm-none-eabi-6-2017-q2-update-linux/gcc-arm-none-eabi-6-2017-q2-update/bin/../lib/gcc/arm-none-eabi/6.3.1/../../../../arm-none-eabi/lib/thumb/v6-m/libc.a(lib_a-fputwc.o)
                0x00000000000061a4                fputwc
 .text          0x00000000000061d0        0x0 /home/abso/gcc-arm-none-eabi-6-2017-q2-update-linux/gcc-arm-none-eabi-6-2017-q2-update/bin/../lib/gcc/arm-none-eabi/6.3.1/../../../../arm-none-eabi/lib/thumb/v6-m/libc.a(lib_a-fvwrite.o)
 .text.__sfvwrite_r
                0x00000000000061d0      0x304 /home/abso/gcc-arm-none-eabi-6-2017-q2-update-linux/gcc-arm-none-eabi-6-2017-q2-update/bin/../lib/gcc/arm-none-eabi/6.3.1/../../../../arm-none-eabi/lib/thumb/v6-m/libc.a(lib_a-fvwrite.o)
                0x00000000000061d0                __sfvwrite_r
 .text          0x00000000000064d4        0x0 /home/abso/gcc-arm-none-eabi-6-2017-q2-update-linux/gcc-arm-none-eabi-6-2017-q2-update/bin/../lib/gcc/arm-none-eabi/6.3.1/../../../../arm-none-eabi/lib/thumb/v6-m/libc.a(lib_a-isattyr.o)
 .text._isatty_r
                0x00000000000064d4       0x24 /home/abso/gcc-arm-none-eabi-6-2017-q2-update-linux/gcc-arm-none-eabi-6-2017-q2-update/bin/../lib/gcc/arm-none-eabi/6.3.1/../../../../arm-none-eabi/lib/thumb/v6-m/libc.a(lib_a-isattyr.o)
                0x00000000000064d4                _isatty_r
 .text          0x00000000000064f8        0x0 /home/abso/gcc-arm-none-eabi-6-2017-q2-update-linux/gcc-arm-none-eabi-6-2017-q2-update/bin/../lib/gcc/arm-none-eabi/6.3.1/../../../../arm-none-eabi/lib/thumb/v6-m/libc.a(lib_a-locale.o)
 .text._setlocale_r
                0x00000000000064f8       0x44 /home/abso/gcc-arm-none-eabi-6-2017-q2-update-linux/gcc-arm-none-eabi-6-2017-q2-update/bin/../lib/gcc/arm-none-eabi/6.3.1/../../../../arm-none-eabi/lib/thumb/v6-m/libc.a(lib_a-locale.o)
                0x00000000000064f8                _setlocale_r
 .text.__locale_mb_cur_max
                0x000000000000653c       0x20 /home/abso/gcc-arm-none-eabi-6-2017-q2-update-linux/gcc-arm-none-eabi-6-2017-q2-update/bin/../lib/gcc/arm-none-eabi/6.3.1/../../../../arm-none-eabi/lib/thumb/v6-m/libc.a(lib_a-locale.o)
                0x000000000000653c                __locale_mb_cur_max
 .text.__locale_ctype_ptr_l
                0x000000000000655c        0x8 /home/abso/gcc-arm-none-eabi-6-2017-q2-update-linux/gcc-arm-none-eabi-6-2017-q2-update/bin/../lib/gcc/arm-none-eabi/6.3.1/../../../../arm-none-eabi/lib/thumb/v6-m/libc.a(lib_a-locale.o)
                0x000000000000655c                __locale_ctype_ptr_l
 .text.__locale_ctype_ptr
                0x0000000000006564       0x1c /home/abso/gcc-arm-none-eabi-6-2017-q2-update-linux/gcc-arm-none-eabi-6-2017-q2-update/bin/../lib/gcc/arm-none-eabi/6.3.1/../../../../arm-none-eabi/lib/thumb/v6-m/libc.a(lib_a-locale.o)
                0x0000000000006564                __locale_ctype_ptr
 .text.setlocale
                0x0000000000006580       0x18 /home/abso/gcc-arm-none-eabi-6-2017-q2-update-linux/gcc-arm-none-eabi-6-2017-q2-update/bin/../lib/gcc/arm-none-eabi/6.3.1/../../../../arm-none-eabi/lib/thumb/v6-m/libc.a(lib_a-locale.o)
                0x0000000000006580                setlocale
 .text          0x0000000000006598        0x0 /home/abso/gcc-arm-none-eabi-6-2017-q2-update-linux/gcc-arm-none-eabi-6-2017-q2-update/bin/../lib/gcc/arm-none-eabi/6.3.1/../../../../arm-none-eabi/lib/thumb/v6-m/libc.a(lib_a-localeconv.o)
 .text.__localeconv_l
                0x0000000000006598        0x4 /home/abso/gcc-arm-none-eabi-6-2017-q2-update-linux/gcc-arm-none-eabi-6-2017-q2-update/bin/../lib/gcc/arm-none-eabi/6.3.1/../../../../arm-none-eabi/lib/thumb/v6-m/libc.a(lib_a-localeconv.o)
                0x0000000000006598                __localeconv_l
 .text._localeconv_r
                0x000000000000659c       0x1c /home/abso/gcc-arm-none-eabi-6-2017-q2-update-linux/gcc-arm-none-eabi-6-2017-q2-update/bin/../lib/gcc/arm-none-eabi/6.3.1/../../../../arm-none-eabi/lib/thumb/v6-m/libc.a(lib_a-localeconv.o)
                0x000000000000659c                _localeconv_r
 .text.localeconv
                0x00000000000065b8       0x1c /home/abso/gcc-arm-none-eabi-6-2017-q2-update-linux/gcc-arm-none-eabi-6-2017-q2-update/bin/../lib/gcc/arm-none-eabi/6.3.1/../../../../arm-none-eabi/lib/thumb/v6-m/libc.a(lib_a-localeconv.o)
                0x00000000000065b8                localeconv
 .text          0x00000000000065d4        0x0 /home/abso/gcc-arm-none-eabi-6-2017-q2-update-linux/gcc-arm-none-eabi-6-2017-q2-update/bin/../lib/gcc/arm-none-eabi/6.3.1/../../../../arm-none-eabi/lib/thumb/v6-m/libc.a(lib_a-lseekr.o)
 .text._lseek_r
                0x00000000000065d4       0x28 /home/abso/gcc-arm-none-eabi-6-2017-q2-update-linux/gcc-arm-none-eabi-6-2017-q2-update/bin/../lib/gcc/arm-none-eabi/6.3.1/../../../../arm-none-eabi/lib/thumb/v6-m/libc.a(lib_a-lseekr.o)
                0x00000000000065d4                _lseek_r
 .text          0x00000000000065fc        0x0 /home/abso/gcc-arm-none-eabi-6-2017-q2-update-linux/gcc-arm-none-eabi-6-2017-q2-update/bin/../lib/gcc/arm-none-eabi/6.3.1/../../../../arm-none-eabi/lib/thumb/v6-m/libc.a(lib_a-mbtowc_r.o)
 .text._mbtowc_r
                0x00000000000065fc       0x28 /home/abso/gcc-arm-none-eabi-6-2017-q2-update-linux/gcc-arm-none-eabi-6-2017-q2-update/bin/../lib/gcc/arm-none-eabi/6.3.1/../../../../arm-none-eabi/lib/thumb/v6-m/libc.a(lib_a-mbtowc_r.o)
                0x00000000000065fc                _mbtowc_r
 .text.__ascii_mbtowc
                0x0000000000006624       0x2c /home/abso/gcc-arm-none-eabi-6-2017-q2-update-linux/gcc-arm-none-eabi-6-2017-q2-update/bin/../lib/gcc/arm-none-eabi/6.3.1/../../../../arm-none-eabi/lib/thumb/v6-m/libc.a(lib_a-mbtowc_r.o)
                0x0000000000006624                __ascii_mbtowc
 .text          0x0000000000006650        0x0 /home/abso/gcc-arm-none-eabi-6-2017-q2-update-linux/gcc-arm-none-eabi-6-2017-q2-update/bin/../lib/gcc/arm-none-eabi/6.3.1/../../../../arm-none-eabi/lib/thumb/v6-m/libc.a(lib_a-memchr-stub.o)
 .text.memchr   0x0000000000006650       0x80 /home/abso/gcc-arm-none-eabi-6-2017-q2-update-linux/gcc-arm-none-eabi-6-2017-q2-update/bin/../lib/gcc/arm-none-eabi/6.3.1/../../../../arm-none-eabi/lib/thumb/v6-m/libc.a(lib_a-memchr-stub.o)
                0x0000000000006650                memchr
 .text          0x00000000000066d0        0x0 /home/abso/gcc-arm-none-eabi-6-2017-q2-update-linux/gcc-arm-none-eabi-6-2017-q2-update/bin/../lib/gcc/arm-none-eabi/6.3.1/../../../../arm-none-eabi/lib/thumb/v6-m/libc.a(lib_a-memmove.o)
 .text.memmove  0x00000000000066d0       0xa0 /home/abso/gcc-arm-none-eabi-6-2017-q2-update-linux/gcc-arm-none-eabi-6-2017-q2-update/bin/../lib/gcc/arm-none-eabi/6.3.1/../../../../arm-none-eabi/lib/thumb/v6-m/libc.a(lib_a-memmove.o)
                0x00000000000066d0                memmove
 .text          0x0000000000006770        0x0 /home/abso/gcc-arm-none-eabi-6-2017-q2-update-linux/gcc-arm-none-eabi-6-2017-q2-update/bin/../lib/gcc/arm-none-eabi/6.3.1/../../../../arm-none-eabi/lib/thumb/v6-m/libc.a(lib_a-mprec.o)
 .text._Balloc  0x0000000000006770       0x50 /home/abso/gcc-arm-none-eabi-6-2017-q2-update-linux/gcc-arm-none-eabi-6-2017-q2-update/bin/../lib/gcc/arm-none-eabi/6.3.1/../../../../arm-none-eabi/lib/thumb/v6-m/libc.a(lib_a-mprec.o)
                0x0000000000006770                _Balloc
 .text._Bfree   0x00000000000067c0       0x14 /home/abso/gcc-arm-none-eabi-6-2017-q2-update-linux/gcc-arm-none-eabi-6-2017-q2-update/bin/../lib/gcc/arm-none-eabi/6.3.1/../../../../arm-none-eabi/lib/thumb/v6-m/libc.a(lib_a-mprec.o)
                0x00000000000067c0                _Bfree
 .text.__multadd
                0x00000000000067d4       0x8c /home/abso/gcc-arm-none-eabi-6-2017-q2-update-linux/gcc-arm-none-eabi-6-2017-q2-update/bin/../lib/gcc/arm-none-eabi/6.3.1/../../../../arm-none-eabi/lib/thumb/v6-m/libc.a(lib_a-mprec.o)
                0x00000000000067d4                __multadd
 .text.__s2b    0x0000000000006860       0x94 /home/abso/gcc-arm-none-eabi-6-2017-q2-update-linux/gcc-arm-none-eabi-6-2017-q2-update/bin/../lib/gcc/arm-none-eabi/6.3.1/../../../../arm-none-eabi/lib/thumb/v6-m/libc.a(lib_a-mprec.o)
                0x0000000000006860                __s2b
 .text.__hi0bits
                0x00000000000068f4       0x34 /home/abso/gcc-arm-none-eabi-6-2017-q2-update-linux/gcc-arm-none-eabi-6-2017-q2-update/bin/../lib/gcc/arm-none-eabi/6.3.1/../../../../arm-none-eabi/lib/thumb/v6-m/libc.a(lib_a-mprec.o)
                0x00000000000068f4                __hi0bits
 .text.__lo0bits
                0x0000000000006928       0x5c /home/abso/gcc-arm-none-eabi-6-2017-q2-update-linux/gcc-arm-none-eabi-6-2017-q2-update/bin/../lib/gcc/arm-none-eabi/6.3.1/../../../../arm-none-eabi/lib/thumb/v6-m/libc.a(lib_a-mprec.o)
                0x0000000000006928                __lo0bits
 .text.__i2b    0x0000000000006984       0x14 /home/abso/gcc-arm-none-eabi-6-2017-q2-update-linux/gcc-arm-none-eabi-6-2017-q2-update/bin/../lib/gcc/arm-none-eabi/6.3.1/../../../../arm-none-eabi/lib/thumb/v6-m/libc.a(lib_a-mprec.o)
                0x0000000000006984                __i2b
 .text.__multiply
                0x0000000000006998      0x154 /home/abso/gcc-arm-none-eabi-6-2017-q2-update-linux/gcc-arm-none-eabi-6-2017-q2-update/bin/../lib/gcc/arm-none-eabi/6.3.1/../../../../arm-none-eabi/lib/thumb/v6-m/libc.a(lib_a-mprec.o)
                0x0000000000006998                __multiply
 .text.__pow5mult
                0x0000000000006aec       0xc0 /home/abso/gcc-arm-none-eabi-6-2017-q2-update-linux/gcc-arm-none-eabi-6-2017-q2-update/bin/../lib/gcc/arm-none-eabi/6.3.1/../../../../arm-none-eabi/lib/thumb/v6-m/libc.a(lib_a-mprec.o)
                0x0000000000006aec                __pow5mult
 .text.__lshift
                0x0000000000006bac       0xc0 /home/abso/gcc-arm-none-eabi-6-2017-q2-update-linux/gcc-arm-none-eabi-6-2017-q2-update/bin/../lib/gcc/arm-none-eabi/6.3.1/../../../../arm-none-eabi/lib/thumb/v6-m/libc.a(lib_a-mprec.o)
                0x0000000000006bac                __lshift
 .text.__mcmp   0x0000000000006c6c       0x34 /home/abso/gcc-arm-none-eabi-6-2017-q2-update-linux/gcc-arm-none-eabi-6-2017-q2-update/bin/../lib/gcc/arm-none-eabi/6.3.1/../../../../arm-none-eabi/lib/thumb/v6-m/libc.a(lib_a-mprec.o)
                0x0000000000006c6c                __mcmp
 .text.__mdiff  0x0000000000006ca0      0x138 /home/abso/gcc-arm-none-eabi-6-2017-q2-update-linux/gcc-arm-none-eabi-6-2017-q2-update/bin/../lib/gcc/arm-none-eabi/6.3.1/../../../../arm-none-eabi/lib/thumb/v6-m/libc.a(lib_a-mprec.o)
                0x0000000000006ca0                __mdiff
 .text.__ulp    0x0000000000006dd8       0x4c /home/abso/gcc-arm-none-eabi-6-2017-q2-update-linux/gcc-arm-none-eabi-6-2017-q2-update/bin/../lib/gcc/arm-none-eabi/6.3.1/../../../../arm-none-eabi/lib/thumb/v6-m/libc.a(lib_a-mprec.o)
                0x0000000000006dd8                __ulp
 .text.__b2d    0x0000000000006e24       0xd8 /home/abso/gcc-arm-none-eabi-6-2017-q2-update-linux/gcc-arm-none-eabi-6-2017-q2-update/bin/../lib/gcc/arm-none-eabi/6.3.1/../../../../arm-none-eabi/lib/thumb/v6-m/libc.a(lib_a-mprec.o)
                0x0000000000006e24                __b2d
 .text.__d2b    0x0000000000006efc       0xbc /home/abso/gcc-arm-none-eabi-6-2017-q2-update-linux/gcc-arm-none-eabi-6-2017-q2-update/bin/../lib/gcc/arm-none-eabi/6.3.1/../../../../arm-none-eabi/lib/thumb/v6-m/libc.a(lib_a-mprec.o)
                0x0000000000006efc                __d2b
 .text.__ratio  0x0000000000006fb8       0x74 /home/abso/gcc-arm-none-eabi-6-2017-q2-update-linux/gcc-arm-none-eabi-6-2017-q2-update/bin/../lib/gcc/arm-none-eabi/6.3.1/../../../../arm-none-eabi/lib/thumb/v6-m/libc.a(lib_a-mprec.o)
                0x0000000000006fb8                __ratio
 .text._mprec_log10
                0x000000000000702c       0x34 /home/abso/gcc-arm-none-eabi-6-2017-q2-update-linux/gcc-arm-none-eabi-6-2017-q2-update/bin/../lib/gcc/arm-none-eabi/6.3.1/../../../../arm-none-eabi/lib/thumb/v6-m/libc.a(lib_a-mprec.o)
                0x000000000000702c                _mprec_log10
 .text.__copybits
                0x0000000000007060       0x40 /home/abso/gcc-arm-none-eabi-6-2017-q2-update-linux/gcc-arm-none-eabi-6-2017-q2-update/bin/../lib/gcc/arm-none-eabi/6.3.1/../../../../arm-none-eabi/lib/thumb/v6-m/libc.a(lib_a-mprec.o)
                0x0000000000007060                __copybits
 .text.__any_on
                0x00000000000070a0       0x60 /home/abso/gcc-arm-none-eabi-6-2017-q2-update-linux/gcc-arm-none-eabi-6-2017-q2-update/bin/../lib/gcc/arm-none-eabi/6.3.1/../../../../arm-none-eabi/lib/thumb/v6-m/libc.a(lib_a-mprec.o)
                0x00000000000070a0                __any_on
 .text          0x0000000000007100        0x0 /home/abso/gcc-arm-none-eabi-6-2017-q2-update-linux/gcc-arm-none-eabi-6-2017-q2-update/bin/../lib/gcc/arm-none-eabi/6.3.1/../../../../arm-none-eabi/lib/thumb/v6-m/libc.a(lib_a-readr.o)
 .text._read_r  0x0000000000007100       0x28 /home/abso/gcc-arm-none-eabi-6-2017-q2-update-linux/gcc-arm-none-eabi-6-2017-q2-update/bin/../lib/gcc/arm-none-eabi/6.3.1/../../../../arm-none-eabi/lib/thumb/v6-m/libc.a(lib_a-readr.o)
                0x0000000000007100                _read_r
 .text          0x0000000000007128        0x0 /home/abso/gcc-arm-none-eabi-6-2017-q2-update-linux/gcc-arm-none-eabi-6-2017-q2-update/bin/../lib/gcc/arm-none-eabi/6.3.1/../../../../arm-none-eabi/lib/thumb/v6-m/libc.a(lib_a-reallocr.o)
 .text._realloc_r
                0x0000000000007128      0x37c /home/abso/gcc-arm-none-eabi-6-2017-q2-update-linux/gcc-arm-none-eabi-6-2017-q2-update/bin/../lib/gcc/arm-none-eabi/6.3.1/../../../../arm-none-eabi/lib/thumb/v6-m/libc.a(lib_a-reallocr.o)
                0x0000000000007128                _realloc_r
 .text          0x00000000000074a4        0x0 /home/abso/gcc-arm-none-eabi-6-2017-q2-update-linux/gcc-arm-none-eabi-6-2017-q2-update/bin/../lib/gcc/arm-none-eabi/6.3.1/../../../../arm-none-eabi/lib/thumb/v6-m/libc.a(lib_a-signal.o)
 .text._init_signal_r.part.0
                0x00000000000074a4       0x2c /home/abso/gcc-arm-none-eabi-6-2017-q2-update-linux/gcc-arm-none-eabi-6-2017-q2-update/bin/../lib/gcc/arm-none-eabi/6.3.1/../../../../arm-none-eabi/lib/thumb/v6-m/libc.a(lib_a-signal.o)
 .text._init_signal_r
                0x00000000000074d0       0x1c /home/abso/gcc-arm-none-eabi-6-2017-q2-update-linux/gcc-arm-none-eabi-6-2017-q2-update/bin/../lib/gcc/arm-none-eabi/6.3.1/../../../../arm-none-eabi/lib/thumb/v6-m/libc.a(lib_a-signal.o)
                0x00000000000074d0                _init_signal_r
 .text._signal_r
                0x00000000000074ec       0x3c /home/abso/gcc-arm-none-eabi-6-2017-q2-update-linux/gcc-arm-none-eabi-6-2017-q2-update/bin/../lib/gcc/arm-none-eabi/6.3.1/../../../../arm-none-eabi/lib/thumb/v6-m/libc.a(lib_a-signal.o)
                0x00000000000074ec                _signal_r
 .text._raise_r
                0x0000000000007528       0x5c /home/abso/gcc-arm-none-eabi-6-2017-q2-update-linux/gcc-arm-none-eabi-6-2017-q2-update/bin/../lib/gcc/arm-none-eabi/6.3.1/../../../../arm-none-eabi/lib/thumb/v6-m/libc.a(lib_a-signal.o)
                0x0000000000007528                _raise_r
 .text.__sigtramp_r
                0x0000000000007584       0x50 /home/abso/gcc-arm-none-eabi-6-2017-q2-update-linux/gcc-arm-none-eabi-6-2017-q2-update/bin/../lib/gcc/arm-none-eabi/6.3.1/../../../../arm-none-eabi/lib/thumb/v6-m/libc.a(lib_a-signal.o)
                0x0000000000007584                __sigtramp_r
 .text.raise    0x00000000000075d4       0x14 /home/abso/gcc-arm-none-eabi-6-2017-q2-update-linux/gcc-arm-none-eabi-6-2017-q2-update/bin/../lib/gcc/arm-none-eabi/6.3.1/../../../../arm-none-eabi/lib/thumb/v6-m/libc.a(lib_a-signal.o)
                0x00000000000075d4                raise
 .text.signal   0x00000000000075e8       0x18 /home/abso/gcc-arm-none-eabi-6-2017-q2-update-linux/gcc-arm-none-eabi-6-2017-q2-update/bin/../lib/gcc/arm-none-eabi/6.3.1/../../../../arm-none-eabi/lib/thumb/v6-m/libc.a(lib_a-signal.o)
                0x00000000000075e8                signal
 .text._init_signal
                0x0000000000007600       0x20 /home/abso/gcc-arm-none-eabi-6-2017-q2-update-linux/gcc-arm-none-eabi-6-2017-q2-update/bin/../lib/gcc/arm-none-eabi/6.3.1/../../../../arm-none-eabi/lib/thumb/v6-m/libc.a(lib_a-signal.o)
                0x0000000000007600                _init_signal
 .text.__sigtramp
                0x0000000000007620       0x14 /home/abso/gcc-arm-none-eabi-6-2017-q2-update-linux/gcc-arm-none-eabi-6-2017-q2-update/bin/../lib/gcc/arm-none-eabi/6.3.1/../../../../arm-none-eabi/lib/thumb/v6-m/libc.a(lib_a-signal.o)
                0x0000000000007620                __sigtramp
 .text          0x0000000000007634        0x0 /home/abso/gcc-arm-none-eabi-6-2017-q2-update-linux/gcc-arm-none-eabi-6-2017-q2-update/bin/../lib/gcc/arm-none-eabi/6.3.1/../../../../arm-none-eabi/lib/thumb/v6-m/libc.a(lib_a-signalr.o)
 .text._kill_r  0x0000000000007634       0x28 /home/abso/gcc-arm-none-eabi-6-2017-q2-update-linux/gcc-arm-none-eabi-6-2017-q2-update/bin/../lib/gcc/arm-none-eabi/6.3.1/../../../../arm-none-eabi/lib/thumb/v6-m/libc.a(lib_a-signalr.o)
                0x0000000000007634                _kill_r
 .text._getpid_r
                0x000000000000765c        0x8 /home/abso/gcc-arm-none-eabi-6-2017-q2-update-linux/gcc-arm-none-eabi-6-2017-q2-update/bin/../lib/gcc/arm-none-eabi/6.3.1/../../../../arm-none-eabi/lib/thumb/v6-m/libc.a(lib_a-signalr.o)
                0x000000000000765c                _getpid_r
 .text          0x0000000000007664       0x88 /home/abso/gcc-arm-none-eabi-6-2017-q2-update-linux/gcc-arm-none-eabi-6-2017-q2-update/bin/../lib/gcc/arm-none-eabi/6.3.1/../../../../arm-none-eabi/lib/thumb/v6-m/libc.a(lib_a-strcmp.o)
                0x0000000000007664                strcmp
 .text          0x00000000000076ec        0x0 /home/abso/gcc-arm-none-eabi-6-2017-q2-update-linux/gcc-arm-none-eabi-6-2017-q2-update/bin/../lib/gcc/arm-none-eabi/6.3.1/../../../../arm-none-eabi/lib/thumb/v6-m/libc.a(lib_a-wbuf.o)
 .text.__swbuf_r
                0x00000000000076ec       0xbc /home/abso/gcc-arm-none-eabi-6-2017-q2-update-linux/gcc-arm-none-eabi-6-2017-q2-update/bin/../lib/gcc/arm-none-eabi/6.3.1/../../../../arm-none-eabi/lib/thumb/v6-m/libc.a(lib_a-wbuf.o)
                0x00000000000076ec                __swbuf_r
 .text.__swbuf  0x00000000000077a8       0x18 /home/abso/gcc-arm-none-eabi-6-2017-q2-update-linux/gcc-arm-none-eabi-6-2017-q2-update/bin/../lib/gcc/arm-none-eabi/6.3.1/../../../../arm-none-eabi/lib/thumb/v6-m/libc.a(lib_a-wbuf.o)
                0x00000000000077a8                __swbuf
 .text          0x00000000000077c0        0x0 /home/abso/gcc-arm-none-eabi-6-2017-q2-update-linux/gcc-arm-none-eabi-6-2017-q2-update/bin/../lib/gcc/arm-none-eabi/6.3.1/../../../../arm-none-eabi/lib/thumb/v6-m/libc.a(lib_a-wcrtomb.o)
 .text._wcrtomb_r
                0x00000000000077c0       0x54 /home/abso/gcc-arm-none-eabi-6-2017-q2-update-linux/gcc-arm-none-eabi-6-2017-q2-update/bin/../lib/gcc/arm-none-eabi/6.3.1/../../../../arm-none-eabi/lib/thumb/v6-m/libc.a(lib_a-wcrtomb.o)
                0x00000000000077c0                _wcrtomb_r
 .text.wcrtomb  0x0000000000007814       0x58 /home/abso/gcc-arm-none-eabi-6-2017-q2-update-linux/gcc-arm-none-eabi-6-2017-q2-update/bin/../lib/gcc/arm-none-eabi/6.3.1/../../../../arm-none-eabi/lib/thumb/v6-m/libc.a(lib_a-wcrtomb.o)
                0x0000000000007814                wcrtomb
 .text          0x000000000000786c        0x0 /home/abso/gcc-arm-none-eabi-6-2017-q2-update-linux/gcc-arm-none-eabi-6-2017-q2-update/bin/../lib/gcc/arm-none-eabi/6.3.1/../../../../arm-none-eabi/lib/thumb/v6-m/libc.a(lib_a-wctomb_r.o)
 .text._wctomb_r
                0x000000000000786c       0x20 /home/abso/gcc-arm-none-eabi-6-2017-q2-update-linux/gcc-arm-none-eabi-6-2017-q2-update/bin/../lib/gcc/arm-none-eabi/6.3.1/../../../../arm-none-eabi/lib/thumb/v6-m/libc.a(lib_a-wctomb_r.o)
                0x000000000000786c                _wctomb_r
 .text.__ascii_wctomb
                0x000000000000788c       0x1c /home/abso/gcc-arm-none-eabi-6-2017-q2-update-linux/gcc-arm-none-eabi-6-2017-q2-update/bin/../lib/gcc/arm-none-eabi/6.3.1/../../../../arm-none-eabi/lib/thumb/v6-m/libc.a(lib_a-wctomb_r.o)
                0x000000000000788c                __ascii_wctomb
 .text          0x00000000000078a8        0x0 /home/abso/gcc-arm-none-eabi-6-2017-q2-update-linux/gcc-arm-none-eabi-6-2017-q2-update/bin/../lib/gcc/arm-none-eabi/6.3.1/../../../../arm-none-eabi/lib/thumb/v6-m/libc.a(lib_a-callocr.o)
 .text._calloc_r
                0x00000000000078a8       0x58 /home/abso/gcc-arm-none-eabi-6-2017-q2-update-linux/gcc-arm-none-eabi-6-2017-q2-update/bin/../lib/gcc/arm-none-eabi/6.3.1/../../../../arm-none-eabi/lib/thumb/v6-m/libc.a(lib_a-callocr.o)
                0x00000000000078a8                _calloc_r
 .text          0x0000000000007900        0x0 /home/abso/gcc-arm-none-eabi-6-2017-q2-update-linux/gcc-arm-none-eabi-6-2017-q2-update/bin/../lib/gcc/arm-none-eabi/6.3.1/../../../../arm-none-eabi/lib/thumb/v6-m/libc.a(lib_a-ctype_.o)
 .text          0x0000000000007900        0x0 /home/abso/gcc-arm-none-eabi-6-2017-q2-update-linux/gcc-arm-none-eabi-6-2017-q2-update/bin/../lib/gcc/arm-none-eabi/6.3.1/../../../../arm-none-eabi/lib/thumb/v6-m/libm.a(lib_a-w_log10.o)
 .text.log10    0x0000000000007900      0x118 /home/abso/gcc-arm-none-eabi-6-2017-q2-update-linux/gcc-arm-none-eabi-6-2017-q2-update/bin/../lib/gcc/arm-none-eabi/6.3.1/../../../../arm-none-eabi/lib/thumb/v6-m/libm.a(lib_a-w_log10.o)
                0x0000000000007900                log10
 .text          0x0000000000007a18        0x0 /home/abso/gcc-arm-none-eabi-6-2017-q2-update-linux/gcc-arm-none-eabi-6-2017-q2-update/bin/../lib/gcc/arm-none-eabi/6.3.1/../../../../arm-none-eabi/lib/thumb/v6-m/libm.a(lib_a-e_log10.o)
 .text.__ieee754_log10
                0x0000000000007a18      0x124 /home/abso/gcc-arm-none-eabi-6-2017-q2-update-linux/gcc-arm-none-eabi-6-2017-q2-update/bin/../lib/gcc/arm-none-eabi/6.3.1/../../../../arm-none-eabi/lib/thumb/v6-m/libm.a(lib_a-e_log10.o)
                0x0000000000007a18                __ieee754_log10
 .text          0x0000000000007b3c        0x0 /home/abso/gcc-arm-none-eabi-6-2017-q2-update-linux/gcc-arm-none-eabi-6-2017-q2-update/bin/../lib/gcc/arm-none-eabi/6.3.1/../../../../arm-none-eabi/lib/thumb/v6-m/libm.a(lib_a-s_lib_ver.o)
 .text          0x0000000000007b3c        0x0 /home/abso/gcc-arm-none-eabi-6-2017-q2-update-linux/gcc-arm-none-eabi-6-2017-q2-update/bin/../lib/gcc/arm-none-eabi/6.3.1/../../../../arm-none-eabi/lib/thumb/v6-m/libm.a(lib_a-s_matherr.o)
 .text.matherr  0x0000000000007b3c        0x4 /home/abso/gcc-arm-none-eabi-6-2017-q2-update-linux/gcc-arm-none-eabi-6-2017-q2-update/bin/../lib/gcc/arm-none-eabi/6.3.1/../../../../arm-none-eabi/lib/thumb/v6-m/libm.a(lib_a-s_matherr.o)
                0x0000000000007b3c                matherr
 .text          0x0000000000007b40        0x0 /home/abso/gcc-arm-none-eabi-6-2017-q2-update-linux/gcc-arm-none-eabi-6-2017-q2-update/bin/../lib/gcc/arm-none-eabi/6.3.1/../../../../arm-none-eabi/lib/thumb/v6-m/libm.a(lib_a-s_nan.o)
 .text.nan      0x0000000000007b40        0xc /home/abso/gcc-arm-none-eabi-6-2017-q2-update-linux/gcc-arm-none-eabi-6-2017-q2-update/bin/../lib/gcc/arm-none-eabi/6.3.1/../../../../arm-none-eabi/lib/thumb/v6-m/libm.a(lib_a-s_nan.o)
                0x0000000000007b40                nan
 .text          0x0000000000007b4c        0x0 /home/abso/gcc-arm-none-eabi-6-2017-q2-update-linux/gcc-arm-none-eabi-6-2017-q2-update/bin/../lib/gcc/arm-none-eabi/6.3.1/../../../../arm-none-eabi/lib/thumb/v6-m/libm.a(lib_a-e_log.o)
 .text.__ieee754_log
                0x0000000000007b4c      0x404 /home/abso/gcc-arm-none-eabi-6-2017-q2-update-linux/gcc-arm-none-eabi-6-2017-q2-update/bin/../lib/gcc/arm-none-eabi/6.3.1/../../../../arm-none-eabi/lib/thumb/v6-m/libm.a(lib_a-e_log.o)
                0x0000000000007b4c                __ieee754_log
 .text          0x0000000000007f50      0x114 /home/abso/gcc-arm-none-eabi-6-2017-q2-update-linux/gcc-arm-none-eabi-6-2017-q2-update/bin/../lib/gcc/arm-none-eabi/6.3.1/thumb/v6-m/libgcc.a(_udivsi3.o)
                0x0000000000007f50                __udivsi3
                0x0000000000007f50                __aeabi_uidiv
                0x000000000000805c                __aeabi_uidivmod
 .text          0x0000000000008064      0x1d4 /home/abso/gcc-arm-none-eabi-6-2017-q2-update-linux/gcc-arm-none-eabi-6-2017-q2-update/bin/../lib/gcc/arm-none-eabi/6.3.1/thumb/v6-m/libgcc.a(_divsi3.o)
                0x0000000000008064                __aeabi_idiv
                0x0000000000008064                __divsi3
                0x0000000000008230                __aeabi_idivmod
 .text          0x0000000000008238        0x4 /home/abso/gcc-arm-none-eabi-6-2017-q2-update-linux/gcc-arm-none-eabi-6-2017-q2-update/bin/../lib/gcc/arm-none-eabi/6.3.1/thumb/v6-m/libgcc.a(_dvmd_tls.o)
                0x0000000000008238                __aeabi_ldiv0
                0x0000000000008238                __aeabi_idiv0
 .text          0x000000000000823c       0x7c /home/abso/gcc-arm-none-eabi-6-2017-q2-update-linux/gcc-arm-none-eabi-6-2017-q2-update/bin/../lib/gcc/arm-none-eabi/6.3.1/thumb/v6-m/libgcc.a(_arm_cmpdf2.o)
                0x000000000000823c                __aeabi_cdrcmple
                0x000000000000824c                __aeabi_cdcmple
                0x000000000000824c                __aeabi_cdcmpeq
                0x000000000000825c                __aeabi_dcmpeq
                0x0000000000008268                __aeabi_dcmplt
                0x000000000000827c                __aeabi_dcmple
                0x0000000000008290                __aeabi_dcmpgt
                0x00000000000082a4                __aeabi_dcmpge
 .text          0x00000000000082b8       0x40 /home/abso/gcc-arm-none-eabi-6-2017-q2-update-linux/gcc-arm-none-eabi-6-2017-q2-update/bin/../lib/gcc/arm-none-eabi/6.3.1/thumb/v6-m/libgcc.a(_aeabi_uldivmod.o)
                0x00000000000082b8                __aeabi_uldivmod
 .text          0x00000000000082f8      0x180 /home/abso/gcc-arm-none-eabi-6-2017-q2-update-linux/gcc-arm-none-eabi-6-2017-q2-update/bin/../lib/gcc/arm-none-eabi/6.3.1/thumb/v6-m/libgcc.a(_udivmoddi4.o)
                0x00000000000082f8                __udivmoddi4
 .text          0x0000000000008478      0x324 /home/abso/gcc-arm-none-eabi-6-2017-q2-update-linux/gcc-arm-none-eabi-6-2017-q2-update/bin/../lib/gcc/arm-none-eabi/6.3.1/thumb/v6-m/libgcc.a(addsf3.o)
                0x0000000000008478                __aeabi_fadd
 .text          0x000000000000879c      0x240 /home/abso/gcc-arm-none-eabi-6-2017-q2-update-linux/gcc-arm-none-eabi-6-2017-q2-update/bin/../lib/gcc/arm-none-eabi/6.3.1/thumb/v6-m/libgcc.a(mulsf3.o)
                0x000000000000879c                __aeabi_fmul
 .text          0x00000000000089dc      0x338 /home/abso/gcc-arm-none-eabi-6-2017-q2-update-linux/gcc-arm-none-eabi-6-2017-q2-update/bin/../lib/gcc/arm-none-eabi/6.3.1/thumb/v6-m/libgcc.a(subsf3.o)
                0x00000000000089dc                __aeabi_fsub
 .text          0x0000000000008d14      0x620 /home/abso/gcc-arm-none-eabi-6-2017-q2-update-linux/gcc-arm-none-eabi-6-2017-q2-update/bin/../lib/gcc/arm-none-eabi/6.3.1/thumb/v6-m/libgcc.a(adddf3.o)
                0x0000000000008d14                __aeabi_dadd
 .text          0x0000000000009334      0x668 /home/abso/gcc-arm-none-eabi-6-2017-q2-update-linux/gcc-arm-none-eabi-6-2017-q2-update/bin/../lib/gcc/arm-none-eabi/6.3.1/thumb/v6-m/libgcc.a(divdf3.o)
                0x0000000000009334                __aeabi_ddiv
 .text          0x000000000000999c       0x74 /home/abso/gcc-arm-none-eabi-6-2017-q2-update-linux/gcc-arm-none-eabi-6-2017-q2-update/bin/../lib/gcc/arm-none-eabi/6.3.1/thumb/v6-m/libgcc.a(eqdf2.o)
                0x000000000000999c                __eqdf2
                0x000000000000999c                __nedf2
 .text          0x0000000000009a10       0xc8 /home/abso/gcc-arm-none-eabi-6-2017-q2-update-linux/gcc-arm-none-eabi-6-2017-q2-update/bin/../lib/gcc/arm-none-eabi/6.3.1/thumb/v6-m/libgcc.a(gedf2.o)
                0x0000000000009a10                __gtdf2
                0x0000000000009a10                __gedf2
 .text          0x0000000000009ad8       0xc4 /home/abso/gcc-arm-none-eabi-6-2017-q2-update-linux/gcc-arm-none-eabi-6-2017-q2-update/bin/../lib/gcc/arm-none-eabi/6.3.1/thumb/v6-m/libgcc.a(ledf2.o)
                0x0000000000009ad8                __ltdf2
                0x0000000000009ad8                __ledf2
 .text          0x0000000000009b9c      0x500 /home/abso/gcc-arm-none-eabi-6-2017-q2-update-linux/gcc-arm-none-eabi-6-2017-q2-update/bin/../lib/gcc/arm-none-eabi/6.3.1/thumb/v6-m/libgcc.a(muldf3.o)
                0x0000000000009b9c                __aeabi_dmul
 .text          0x000000000000a09c      0x62c /home/abso/gcc-arm-none-eabi-6-2017-q2-update-linux/gcc-arm-none-eabi-6-2017-q2-update/bin/../lib/gcc/arm-none-eabi/6.3.1/thumb/v6-m/libgcc.a(subdf3.o)
                0x000000000000a09c                __aeabi_dsub
 .text          0x000000000000a6c8       0x40 /home/abso/gcc-arm-none-eabi-6-2017-q2-update-linux/gcc-arm-none-eabi-6-2017-q2-update/bin/../lib/gcc/arm-none-eabi/6.3.1/thumb/v6-m/libgcc.a(unorddf2.o)
                0x000000000000a6c8                __aeabi_dcmpun
 .text          0x000000000000a708       0x68 /home/abso/gcc-arm-none-eabi-6-2017-q2-update-linux/gcc-arm-none-eabi-6-2017-q2-update/bin/../lib/gcc/arm-none-eabi/6.3.1/thumb/v6-m/libgcc.a(fixdfsi.o)
                0x000000000000a708                __aeabi_d2iz
 .text          0x000000000000a770       0x84 /home/abso/gcc-arm-none-eabi-6-2017-q2-update-linux/gcc-arm-none-eabi-6-2017-q2-update/bin/../lib/gcc/arm-none-eabi/6.3.1/thumb/v6-m/libgcc.a(floatsidf.o)
                0x000000000000a770                __aeabi_i2d
 .text          0x000000000000a7f4       0x70 /home/abso/gcc-arm-none-eabi-6-2017-q2-update-linux/gcc-arm-none-eabi-6-2017-q2-update/bin/../lib/gcc/arm-none-eabi/6.3.1/thumb/v6-m/libgcc.a(floatunsidf.o)
                0x000000000000a7f4                __aeabi_ui2d
 .text          0x000000000000a864       0xa4 /home/abso/gcc-arm-none-eabi-6-2017-q2-update-linux/gcc-arm-none-eabi-6-2017-q2-update/bin/../lib/gcc/arm-none-eabi/6.3.1/thumb/v6-m/libgcc.a(extendsfdf2.o)
                0x000000000000a864                __aeabi_f2d
 .text          0x000000000000a908       0x3c /home/abso/gcc-arm-none-eabi-6-2017-q2-update-linux/gcc-arm-none-eabi-6-2017-q2-update/bin/../lib/gcc/arm-none-eabi/6.3.1/thumb/v6-m/libgcc.a(_clzsi2.o)
                0x000000000000a908                __clzsi2
 .text          0x000000000000a944       0x18 /home/abso/gcc-arm-none-eabi-6-2017-q2-update-linux/gcc-arm-none-eabi-6-2017-q2-update/bin/../lib/gcc/arm-none-eabi/6.3.1/thumb/v6-m/libgcc.a(_clzdi2.o)
                0x000000000000a944                __clzdi2
 .text          0x000000000000a95c        0x0 /home/abso/gcc-arm-none-eabi-6-2017-q2-update-linux/gcc-arm-none-eabi-6-2017-q2-update/bin/../lib/gcc/arm-none-eabi/6.3.1/../../../../arm-none-eabi/lib/thumb/v6-m/libnosys.a(close.o)
 .text._close   0x000000000000a95c       0x10 /home/abso/gcc-arm-none-eabi-6-2017-q2-update-linux/gcc-arm-none-eabi-6-2017-q2-update/bin/../lib/gcc/arm-none-eabi/6.3.1/../../../../arm-none-eabi/lib/thumb/v6-m/libnosys.a(close.o)
                0x000000000000a95c                _close
 .text          0x000000000000a96c        0x0 /home/abso/gcc-arm-none-eabi-6-2017-q2-update-linux/gcc-arm-none-eabi-6-2017-q2-update/bin/../lib/gcc/arm-none-eabi/6.3.1/../../../../arm-none-eabi/lib/thumb/v6-m/libnosys.a(fstat.o)
 .text._fstat   0x000000000000a96c       0x10 /home/abso/gcc-arm-none-eabi-6-2017-q2-update-linux/gcc-arm-none-eabi-6-2017-q2-update/bin/../lib/gcc/arm-none-eabi/6.3.1/../../../../arm-none-eabi/lib/thumb/v6-m/libnosys.a(fstat.o)
                0x000000000000a96c                _fstat
 .text          0x000000000000a97c        0x0 /home/abso/gcc-arm-none-eabi-6-2017-q2-update-linux/gcc-arm-none-eabi-6-2017-q2-update/bin/../lib/gcc/arm-none-eabi/6.3.1/../../../../arm-none-eabi/lib/thumb/v6-m/libnosys.a(getpid.o)
 .text._getpid  0x000000000000a97c       0x10 /home/abso/gcc-arm-none-eabi-6-2017-q2-update-linux/gcc-arm-none-eabi-6-2017-q2-update/bin/../lib/gcc/arm-none-eabi/6.3.1/../../../../arm-none-eabi/lib/thumb/v6-m/libnosys.a(getpid.o)
                0x000000000000a97c                _getpid
 .text          0x000000000000a98c        0x0 /home/abso/gcc-arm-none-eabi-6-2017-q2-update-linux/gcc-arm-none-eabi-6-2017-q2-update/bin/../lib/gcc/arm-none-eabi/6.3.1/../../../../arm-none-eabi/lib/thumb/v6-m/libnosys.a(isatty.o)
 .text._isatty  0x000000000000a98c       0x10 /home/abso/gcc-arm-none-eabi-6-2017-q2-update-linux/gcc-arm-none-eabi-6-2017-q2-update/bin/../lib/gcc/arm-none-eabi/6.3.1/../../../../arm-none-eabi/lib/thumb/v6-m/libnosys.a(isatty.o)
                0x000000000000a98c                _isatty
 .text          0x000000000000a99c        0x0 /home/abso/gcc-arm-none-eabi-6-2017-q2-update-linux/gcc-arm-none-eabi-6-2017-q2-update/bin/../lib/gcc/arm-none-eabi/6.3.1/../../../../arm-none-eabi/lib/thumb/v6-m/libnosys.a(kill.o)
 .text._kill    0x000000000000a99c       0x10 /home/abso/gcc-arm-none-eabi-6-2017-q2-update-linux/gcc-arm-none-eabi-6-2017-q2-update/bin/../lib/gcc/arm-none-eabi/6.3.1/../../../../arm-none-eabi/lib/thumb/v6-m/libnosys.a(kill.o)
                0x000000000000a99c                _kill
 .text          0x000000000000a9ac        0x0 /home/abso/gcc-arm-none-eabi-6-2017-q2-update-linux/gcc-arm-none-eabi-6-2017-q2-update/bin/../lib/gcc/arm-none-eabi/6.3.1/../../../../arm-none-eabi/lib/thumb/v6-m/libnosys.a(lseek.o)
 .text._lseek   0x000000000000a9ac       0x10 /home/abso/gcc-arm-none-eabi-6-2017-q2-update-linux/gcc-arm-none-eabi-6-2017-q2-update/bin/../lib/gcc/arm-none-eabi/6.3.1/../../../../arm-none-eabi/lib/thumb/v6-m/libnosys.a(lseek.o)
                0x000000000000a9ac                _lseek
 .text          0x000000000000a9bc        0x0 /home/abso/gcc-arm-none-eabi-6-2017-q2-update-linux/gcc-arm-none-eabi-6-2017-q2-update/bin/../lib/gcc/arm-none-eabi/6.3.1/../../../../arm-none-eabi/lib/thumb/v6-m/libnosys.a(open.o)
 .text._open    0x000000000000a9bc       0x10 /home/abso/gcc-arm-none-eabi-6-2017-q2-update-linux/gcc-arm-none-eabi-6-2017-q2-update/bin/../lib/gcc/arm-none-eabi/6.3.1/../../../../arm-none-eabi/lib/thumb/v6-m/libnosys.a(open.o)
                0x000000000000a9bc                _open
 .text          0x000000000000a9cc        0x0 /home/abso/gcc-arm-none-eabi-6-2017-q2-update-linux/gcc-arm-none-eabi-6-2017-q2-update/bin/../lib/gcc/arm-none-eabi/6.3.1/../../../../arm-none-eabi/lib/thumb/v6-m/libnosys.a(read.o)
 .text._read    0x000000000000a9cc       0x10 /home/abso/gcc-arm-none-eabi-6-2017-q2-update-linux/gcc-arm-none-eabi-6-2017-q2-update/bin/../lib/gcc/arm-none-eabi/6.3.1/../../../../arm-none-eabi/lib/thumb/v6-m/libnosys.a(read.o)
                0x000000000000a9cc                _read
 .text          0x000000000000a9dc        0x0 /home/abso/gcc-arm-none-eabi-6-2017-q2-update-linux/gcc-arm-none-eabi-6-2017-q2-update/bin/../lib/gcc/arm-none-eabi/6.3.1/../../../../arm-none-eabi/lib/thumb/v6-m/libnosys.a(sbrk.o)
 .text._sbrk    0x000000000000a9dc       0x1c /home/abso/gcc-arm-none-eabi-6-2017-q2-update-linux/gcc-arm-none-eabi-6-2017-q2-update/bin/../lib/gcc/arm-none-eabi/6.3.1/../../../../arm-none-eabi/lib/thumb/v6-m/libnosys.a(sbrk.o)
                0x000000000000a9dc                _sbrk
 .text          0x000000000000a9f8        0x0 /home/abso/gcc-arm-none-eabi-6-2017-q2-update-linux/gcc-arm-none-eabi-6-2017-q2-update/bin/../lib/gcc/arm-none-eabi/6.3.1/../../../../arm-none-eabi/lib/thumb/v6-m/libnosys.a(write.o)
 .text._write   0x000000000000a9f8       0x10 /home/abso/gcc-arm-none-eabi-6-2017-q2-update-linux/gcc-arm-none-eabi-6-2017-q2-update/bin/../lib/gcc/arm-none-eabi/6.3.1/../../../../arm-none-eabi/lib/thumb/v6-m/libnosys.a(write.o)
                0x000000000000a9f8                _write
 .text          0x000000000000aa08        0x0 /home/abso/gcc-arm-none-eabi-6-2017-q2-update-linux/gcc-arm-none-eabi-6-2017-q2-update/bin/../lib/gcc/arm-none-eabi/6.3.1/../../../../arm-none-eabi/lib/thumb/v6-m/libnosys.a(_exit.o)
 .text._exit    0x000000000000aa08        0x4 /home/abso/gcc-arm-none-eabi-6-2017-q2-update-linux/gcc-arm-none-eabi-6-2017-q2-update/bin/../lib/gcc/arm-none-eabi/6.3.1/../../../../arm-none-eabi/lib/thumb/v6-m/libnosys.a(_exit.o)
                0x000000000000aa08                _exit

.rodata         0x000000000000aa0c       0xd8
 .rodata        0x000000000000aa0c       0x17 stap_utils.o
 *fill*         0x000000000000aa23        0x1 
 .rodata        0x000000000000aa24       0x40 /home/abso/gcc-arm-none-eabi-6-2017-q2-update-linux/gcc-arm-none-eabi-6-2017-q2-update/bin/../lib/gcc/arm-none-eabi/6.3.1/thumb/v6-m/libgcc.a(mulsf3.o)
 .rodata        0x000000000000aa64       0x40 /home/abso/gcc-arm-none-eabi-6-2017-q2-update-linux/gcc-arm-none-eabi-6-2017-q2-update/bin/../lib/gcc/arm-none-eabi/6.3.1/thumb/v6-m/libgcc.a(divdf3.o)
 .rodata        0x000000000000aaa4       0x40 /home/abso/gcc-arm-none-eabi-6-2017-q2-update-linux/gcc-arm-none-eabi-6-2017-q2-update/bin/../lib/gcc/arm-none-eabi/6.3.1/thumb/v6-m/libgcc.a(muldf3.o)

.rodata.str1.4  0x000000000000aae4      0x12c
 .rodata.str1.4
                0x000000000000aae4      0x10e stap_utils.o
 *fill*         0x000000000000abf2        0x2 
 .rodata.str1.4
                0x000000000000abf4       0x16 stap_kernel1_driver.o
 *fill*         0x000000000000ac0a        0x2 
 .rodata.str1.4
                0x000000000000ac0c        0x4 /home/abso/gcc-arm-none-eabi-6-2017-q2-update-linux/gcc-arm-none-eabi-6-2017-q2-update/bin/../lib/gcc/arm-none-eabi/6.3.1/../../../../arm-none-eabi/lib/thumb/v6-m/libc.a(lib_a-locale.o)
                                          0x2 (size before relaxing)

.rodata.__assert_func.str1.4
                0x000000000000ac10       0x40
 .rodata.__assert_func.str1.4
                0x000000000000ac10       0x40 /home/abso/gcc-arm-none-eabi-6-2017-q2-update-linux/gcc-arm-none-eabi-6-2017-q2-update/bin/../lib/gcc/arm-none-eabi/6.3.1/../../../../arm-none-eabi/lib/thumb/v6-m/libc.a(lib_a-assert.o)
                                         0x43 (size before relaxing)

.rodata._global_impure_ptr
                0x000000000000ac50        0x4
 .rodata._global_impure_ptr
                0x000000000000ac50        0x4 /home/abso/gcc-arm-none-eabi-6-2017-q2-update-linux/gcc-arm-none-eabi-6-2017-q2-update/bin/../lib/gcc/arm-none-eabi/6.3.1/../../../../arm-none-eabi/lib/thumb/v6-m/libc.a(lib_a-impure.o)
                0x000000000000ac50                _global_impure_ptr

.rodata._vfiprintf_r
                0x000000000000ac54      0x164
 .rodata._vfiprintf_r
                0x000000000000ac54      0x164 /home/abso/gcc-arm-none-eabi-6-2017-q2-update-linux/gcc-arm-none-eabi-6-2017-q2-update/bin/../lib/gcc/arm-none-eabi/6.3.1/../../../../arm-none-eabi/lib/thumb/v6-m/libc.a(lib_a-vfiprintf.o)

.rodata._vfiprintf_r.str1.4
                0x000000000000adb8       0x30
 .rodata._vfiprintf_r.str1.4
                0x000000000000adb8       0x30 /home/abso/gcc-arm-none-eabi-6-2017-q2-update-linux/gcc-arm-none-eabi-6-2017-q2-update/bin/../lib/gcc/arm-none-eabi/6.3.1/../../../../arm-none-eabi/lib/thumb/v6-m/libc.a(lib_a-vfiprintf.o)
                                         0x2f (size before relaxing)

.rodata.blanks.7217
                0x000000000000ade8       0x10
 .rodata.blanks.7217
                0x000000000000ade8       0x10 /home/abso/gcc-arm-none-eabi-6-2017-q2-update-linux/gcc-arm-none-eabi-6-2017-q2-update/bin/../lib/gcc/arm-none-eabi/6.3.1/../../../../arm-none-eabi/lib/thumb/v6-m/libc.a(lib_a-vfiprintf.o)

.rodata.zeroes.7218
                0x000000000000adf8       0x10
 .rodata.zeroes.7218
                0x000000000000adf8       0x10 /home/abso/gcc-arm-none-eabi-6-2017-q2-update-linux/gcc-arm-none-eabi-6-2017-q2-update/bin/../lib/gcc/arm-none-eabi/6.3.1/../../../../arm-none-eabi/lib/thumb/v6-m/libc.a(lib_a-vfiprintf.o)

.rodata._vfprintf_r
                0x000000000000ae08      0x164
 .rodata._vfprintf_r
                0x000000000000ae08      0x164 /home/abso/gcc-arm-none-eabi-6-2017-q2-update-linux/gcc-arm-none-eabi-6-2017-q2-update/bin/../lib/gcc/arm-none-eabi/6.3.1/../../../../arm-none-eabi/lib/thumb/v6-m/libc.a(lib_a-vfprintf.o)

.rodata._vfprintf_r.str1.4
                0x000000000000af6c       0x44
 .rodata._vfprintf_r.str1.4
                0x000000000000af6c       0x44 /home/abso/gcc-arm-none-eabi-6-2017-q2-update-linux/gcc-arm-none-eabi-6-2017-q2-update/bin/../lib/gcc/arm-none-eabi/6.3.1/../../../../arm-none-eabi/lib/thumb/v6-m/libc.a(lib_a-vfprintf.o)
                                         0x42 (size before relaxing)

.rodata.blanks.7238
                0x000000000000afb0       0x10
 .rodata.blanks.7238
                0x000000000000afb0       0x10 /home/abso/gcc-arm-none-eabi-6-2017-q2-update-linux/gcc-arm-none-eabi-6-2017-q2-update/bin/../lib/gcc/arm-none-eabi/6.3.1/../../../../arm-none-eabi/lib/thumb/v6-m/libc.a(lib_a-vfprintf.o)

.rodata.zeroes.7239
                0x000000000000afc0       0x10
 .rodata.zeroes.7239
                0x000000000000afc0       0x10 /home/abso/gcc-arm-none-eabi-6-2017-q2-update-linux/gcc-arm-none-eabi-6-2017-q2-update/bin/../lib/gcc/arm-none-eabi/6.3.1/../../../../arm-none-eabi/lib/thumb/v6-m/libc.a(lib_a-vfprintf.o)

.rodata._dtoa_r.str1.4
                0x000000000000afd0       0x14
 .rodata._dtoa_r.str1.4
                0x000000000000afd0       0x14 /home/abso/gcc-arm-none-eabi-6-2017-q2-update-linux/gcc-arm-none-eabi-6-2017-q2-update/bin/../lib/gcc/arm-none-eabi/6.3.1/../../../../arm-none-eabi/lib/thumb/v6-m/libc.a(lib_a-dtoa.o)
                                         0x12 (size before relaxing)

.rodata._setlocale_r.str1.4
                0x000000000000afe4       0x10
 .rodata._setlocale_r.str1.4
                0x000000000000afe4       0x10 /home/abso/gcc-arm-none-eabi-6-2017-q2-update-linux/gcc-arm-none-eabi-6-2017-q2-update/bin/../lib/gcc/arm-none-eabi/6.3.1/../../../../arm-none-eabi/lib/thumb/v6-m/libc.a(lib_a-locale.o)
                                          0xd (size before relaxing)

.rodata.__mprec_bigtens
                0x000000000000aff8       0x28
 .rodata.__mprec_bigtens
                0x000000000000aff8       0x28 /home/abso/gcc-arm-none-eabi-6-2017-q2-update-linux/gcc-arm-none-eabi-6-2017-q2-update/bin/../lib/gcc/arm-none-eabi/6.3.1/../../../../arm-none-eabi/lib/thumb/v6-m/libc.a(lib_a-mprec.o)
                0x000000000000aff8                __mprec_bigtens

.rodata.__mprec_tens
                0x000000000000b020       0xc8
 .rodata.__mprec_tens
                0x000000000000b020       0xc8 /home/abso/gcc-arm-none-eabi-6-2017-q2-update-linux/gcc-arm-none-eabi-6-2017-q2-update/bin/../lib/gcc/arm-none-eabi/6.3.1/../../../../arm-none-eabi/lib/thumb/v6-m/libc.a(lib_a-mprec.o)
                0x000000000000b020                __mprec_tens

.rodata.__mprec_tinytens
                0x000000000000b0e8       0x28
 .rodata.__mprec_tinytens
                0x000000000000b0e8       0x28 /home/abso/gcc-arm-none-eabi-6-2017-q2-update-linux/gcc-arm-none-eabi-6-2017-q2-update/bin/../lib/gcc/arm-none-eabi/6.3.1/../../../../arm-none-eabi/lib/thumb/v6-m/libc.a(lib_a-mprec.o)
                0x000000000000b0e8                __mprec_tinytens

.rodata.p05.6055
                0x000000000000b110        0xc
 .rodata.p05.6055
                0x000000000000b110        0xc /home/abso/gcc-arm-none-eabi-6-2017-q2-update-linux/gcc-arm-none-eabi-6-2017-q2-update/bin/../lib/gcc/arm-none-eabi/6.3.1/../../../../arm-none-eabi/lib/thumb/v6-m/libc.a(lib_a-mprec.o)

.rodata._ctype_
                0x000000000000b11c      0x101
 .rodata._ctype_
                0x000000000000b11c      0x101 /home/abso/gcc-arm-none-eabi-6-2017-q2-update-linux/gcc-arm-none-eabi-6-2017-q2-update/bin/../lib/gcc/arm-none-eabi/6.3.1/../../../../arm-none-eabi/lib/thumb/v6-m/libc.a(lib_a-ctype_.o)
                0x000000000000b11c                _ctype_

.rodata.log10.str1.4
                0x000000000000b220        0xc
 .rodata.log10.str1.4
                0x000000000000b220        0xc /home/abso/gcc-arm-none-eabi-6-2017-q2-update-linux/gcc-arm-none-eabi-6-2017-q2-update/bin/../lib/gcc/arm-none-eabi/6.3.1/../../../../arm-none-eabi/lib/thumb/v6-m/libm.a(lib_a-w_log10.o)
                                          0x9 (size before relaxing)

.ARM.extab      0x000000000000b22c        0x0
 .ARM.extab     0x000000000000b22c        0x0 /home/abso/gcc-arm-none-eabi-6-2017-q2-update-linux/gcc-arm-none-eabi-6-2017-q2-update/bin/../lib/gcc/arm-none-eabi/6.3.1/thumb/v6-m/libgcc.a(_udivmoddi4.o)

.ARM.exidx      0x000000000000b22c        0x8
 .ARM.exidx     0x000000000000b22c        0x8 /home/abso/gcc-arm-none-eabi-6-2017-q2-update-linux/gcc-arm-none-eabi-6-2017-q2-update/bin/../lib/gcc/arm-none-eabi/6.3.1/thumb/v6-m/libgcc.a(_udivmoddi4.o)

.data           0x000000000000b238    0x40008
 .data          0x000000000000b238        0x0 vectors.o
 .data          0x000000000000b238        0x0 putget.o
 .data          0x000000000000b238        0x0 supportFuncs.o
 .data          0x000000000000b238        0x0 LED.o
 .data          0x000000000000b238        0x8 timer.o
 .data          0x000000000000b240        0x0 stap_utils.o
 .data          0x000000000000b240        0x0 stap_covariance_estimate.o
 .data          0x000000000000b240    0x40000 stap_kernel1_driver.o
                0x000000000000b240                datacube_re
                0x000000000002b240                datacube_im
 .data          0x000000000004b240        0x0 /home/abso/gcc-arm-none-eabi-6-2017-q2-update-linux/gcc-arm-none-eabi-6-2017-q2-update/bin/../lib/gcc/arm-none-eabi/6.3.1/../../../../arm-none-eabi/lib/thumb/v6-m/libc.a(lib_a-assert.o)
 .data          0x000000000004b240        0x0 /home/abso/gcc-arm-none-eabi-6-2017-q2-update-linux/gcc-arm-none-eabi-6-2017-q2-update/bin/../lib/gcc/arm-none-eabi/6.3.1/../../../../arm-none-eabi/lib/thumb/v6-m/libc.a(lib_a-fclose.o)
 .data          0x000000000004b240        0x0 /home/abso/gcc-arm-none-eabi-6-2017-q2-update-linux/gcc-arm-none-eabi-6-2017-q2-update/bin/../lib/gcc/arm-none-eabi/6.3.1/../../../../arm-none-eabi/lib/thumb/v6-m/libc.a(lib_a-fflush.o)
 .data          0x000000000004b240        0x0 /home/abso/gcc-arm-none-eabi-6-2017-q2-update-linux/gcc-arm-none-eabi-6-2017-q2-update/bin/../lib/gcc/arm-none-eabi/6.3.1/../../../../arm-none-eabi/lib/thumb/v6-m/libc.a(lib_a-findfp.o)
 .data          0x000000000004b240        0x0 /home/abso/gcc-arm-none-eabi-6-2017-q2-update-linux/gcc-arm-none-eabi-6-2017-q2-update/bin/../lib/gcc/arm-none-eabi/6.3.1/../../../../arm-none-eabi/lib/thumb/v6-m/libc.a(lib_a-fiprintf.o)
 .data          0x000000000004b240        0x0 /home/abso/gcc-arm-none-eabi-6-2017-q2-update-linux/gcc-arm-none-eabi-6-2017-q2-update/bin/../lib/gcc/arm-none-eabi/6.3.1/../../../../arm-none-eabi/lib/thumb/v6-m/libc.a(lib_a-fopen.o)
 .data          0x000000000004b240        0x0 /home/abso/gcc-arm-none-eabi-6-2017-q2-update-linux/gcc-arm-none-eabi-6-2017-q2-update/bin/../lib/gcc/arm-none-eabi/6.3.1/../../../../arm-none-eabi/lib/thumb/v6-m/libc.a(lib_a-fprintf.o)
 .data          0x000000000004b240        0x0 /home/abso/gcc-arm-none-eabi-6-2017-q2-update-linux/gcc-arm-none-eabi-6-2017-q2-update/bin/../lib/gcc/arm-none-eabi/6.3.1/../../../../arm-none-eabi/lib/thumb/v6-m/libc.a(lib_a-fread.o)
 .data          0x000000000004b240        0x0 /home/abso/gcc-arm-none-eabi-6-2017-q2-update-linux/gcc-arm-none-eabi-6-2017-q2-update/bin/../lib/gcc/arm-none-eabi/6.3.1/../../../../arm-none-eabi/lib/thumb/v6-m/libc.a(lib_a-freer.o)
 .data          0x000000000004b240        0x0 /home/abso/gcc-arm-none-eabi-6-2017-q2-update-linux/gcc-arm-none-eabi-6-2017-q2-update/bin/../lib/gcc/arm-none-eabi/6.3.1/../../../../arm-none-eabi/lib/thumb/v6-m/libc.a(lib_a-fseek.o)
 .data          0x000000000004b240        0x0 /home/abso/gcc-arm-none-eabi-6-2017-q2-update-linux/gcc-arm-none-eabi-6-2017-q2-update/bin/../lib/gcc/arm-none-eabi/6.3.1/../../../../arm-none-eabi/lib/thumb/v6-m/libc.a(lib_a-fseeko.o)
 .data          0x000000000004b240        0x0 /home/abso/gcc-arm-none-eabi-6-2017-q2-update-linux/gcc-arm-none-eabi-6-2017-q2-update/bin/../lib/gcc/arm-none-eabi/6.3.1/../../../../arm-none-eabi/lib/thumb/v6-m/libc.a(lib_a-fstatr.o)
 .data          0x000000000004b240        0x0 /home/abso/gcc-arm-none-eabi-6-2017-q2-update-linux/gcc-arm-none-eabi-6-2017-q2-update/bin/../lib/gcc/arm-none-eabi/6.3.1/../../../../arm-none-eabi/lib/thumb/v6-m/libc.a(lib_a-fwalk.o)
 .data          0x000000000004b240        0x0 /home/abso/gcc-arm-none-eabi-6-2017-q2-update-linux/gcc-arm-none-eabi-6-2017-q2-update/bin/../lib/gcc/arm-none-eabi/6.3.1/../../../../arm-none-eabi/lib/thumb/v6-m/libc.a(lib_a-impure.o)
 .data          0x000000000004b240        0x0 /home/abso/gcc-arm-none-eabi-6-2017-q2-update-linux/gcc-arm-none-eabi-6-2017-q2-update/bin/../lib/gcc/arm-none-eabi/6.3.1/../../../../arm-none-eabi/lib/thumb/v6-m/libc.a(lib_a-lock.o)
 .data          0x000000000004b240        0x0 /home/abso/gcc-arm-none-eabi-6-2017-q2-update-linux/gcc-arm-none-eabi-6-2017-q2-update/bin/../lib/gcc/arm-none-eabi/6.3.1/../../../../arm-none-eabi/lib/thumb/v6-m/libc.a(lib_a-makebuf.o)
 .data          0x000000000004b240        0x0 /home/abso/gcc-arm-none-eabi-6-2017-q2-update-linux/gcc-arm-none-eabi-6-2017-q2-update/bin/../lib/gcc/arm-none-eabi/6.3.1/../../../../arm-none-eabi/lib/thumb/v6-m/libc.a(lib_a-malloc.o)
 .data          0x000000000004b240        0x0 /home/abso/gcc-arm-none-eabi-6-2017-q2-update-linux/gcc-arm-none-eabi-6-2017-q2-update/bin/../lib/gcc/arm-none-eabi/6.3.1/../../../../arm-none-eabi/lib/thumb/v6-m/libc.a(lib_a-mallocr.o)
 .data          0x000000000004b240        0x0 /home/abso/gcc-arm-none-eabi-6-2017-q2-update-linux/gcc-arm-none-eabi-6-2017-q2-update/bin/../lib/gcc/arm-none-eabi/6.3.1/../../../../arm-none-eabi/lib/thumb/v6-m/libc.a(lib_a-memcpy-stub.o)
 .data          0x000000000004b240        0x0 /home/abso/gcc-arm-none-eabi-6-2017-q2-update-linux/gcc-arm-none-eabi-6-2017-q2-update/bin/../lib/gcc/arm-none-eabi/6.3.1/../../../../arm-none-eabi/lib/thumb/v6-m/libc.a(lib_a-memset.o)
 .data          0x000000000004b240        0x0 /home/abso/gcc-arm-none-eabi-6-2017-q2-update-linux/gcc-arm-none-eabi-6-2017-q2-update/bin/../lib/gcc/arm-none-eabi/6.3.1/../../../../arm-none-eabi/lib/thumb/v6-m/libc.a(lib_a-mlock.o)
 .data          0x000000000004b240        0x0 /home/abso/gcc-arm-none-eabi-6-2017-q2-update-linux/gcc-arm-none-eabi-6-2017-q2-update/bin/../lib/gcc/arm-none-eabi/6.3.1/../../../../arm-none-eabi/lib/thumb/v6-m/libc.a(lib_a-openr.o)
 .data          0x000000000004b240        0x0 /home/abso/gcc-arm-none-eabi-6-2017-q2-update-linux/gcc-arm-none-eabi-6-2017-q2-update/bin/../lib/gcc/arm-none-eabi/6.3.1/../../../../arm-none-eabi/lib/thumb/v6-m/libc.a(lib_a-printf.o)
 .data          0x000000000004b240        0x0 /home/abso/gcc-arm-none-eabi-6-2017-q2-update-linux/gcc-arm-none-eabi-6-2017-q2-update/bin/../lib/gcc/arm-none-eabi/6.3.1/../../../../arm-none-eabi/lib/thumb/v6-m/libc.a(lib_a-reent.o)
 .data          0x000000000004b240        0x0 /home/abso/gcc-arm-none-eabi-6-2017-q2-update-linux/gcc-arm-none-eabi-6-2017-q2-update/bin/../lib/gcc/arm-none-eabi/6.3.1/../../../../arm-none-eabi/lib/thumb/v6-m/libc.a(lib_a-refill.o)
 .data          0x000000000004b240        0x0 /home/abso/gcc-arm-none-eabi-6-2017-q2-update-linux/gcc-arm-none-eabi-6-2017-q2-update/bin/../lib/gcc/arm-none-eabi/6.3.1/../../../../arm-none-eabi/lib/thumb/v6-m/libc.a(lib_a-sbrkr.o)
 .data          0x000000000004b240        0x0 /home/abso/gcc-arm-none-eabi-6-2017-q2-update-linux/gcc-arm-none-eabi-6-2017-q2-update/bin/../lib/gcc/arm-none-eabi/6.3.1/../../../../arm-none-eabi/lib/thumb/v6-m/libc.a(lib_a-stdio.o)
 .data          0x000000000004b240        0x0 /home/abso/gcc-arm-none-eabi-6-2017-q2-update-linux/gcc-arm-none-eabi-6-2017-q2-update/bin/../lib/gcc/arm-none-eabi/6.3.1/../../../../arm-none-eabi/lib/thumb/v6-m/libc.a(lib_a-strlen-stub.o)
 .data          0x000000000004b240        0x0 /home/abso/gcc-arm-none-eabi-6-2017-q2-update-linux/gcc-arm-none-eabi-6-2017-q2-update/bin/../lib/gcc/arm-none-eabi/6.3.1/../../../../arm-none-eabi/lib/thumb/v6-m/libc.a(lib_a-strncat.o)
 .data          0x000000000004b240        0x0 /home/abso/gcc-arm-none-eabi-6-2017-q2-update-linux/gcc-arm-none-eabi-6-2017-q2-update/bin/../lib/gcc/arm-none-eabi/6.3.1/../../../../arm-none-eabi/lib/thumb/v6-m/libc.a(lib_a-strncpy.o)
 .data          0x000000000004b240        0x0 /home/abso/gcc-arm-none-eabi-6-2017-q2-update-linux/gcc-arm-none-eabi-6-2017-q2-update/bin/../lib/gcc/arm-none-eabi/6.3.1/../../../../arm-none-eabi/lib/thumb/v6-m/libc.a(lib_a-vfiprintf.o)
 .data          0x000000000004b240        0x0 /home/abso/gcc-arm-none-eabi-6-2017-q2-update-linux/gcc-arm-none-eabi-6-2017-q2-update/bin/../lib/gcc/arm-none-eabi/6.3.1/../../../../arm-none-eabi/lib/thumb/v6-m/libc.a(lib_a-vfprintf.o)
 .data          0x000000000004b240        0x0 /home/abso/gcc-arm-none-eabi-6-2017-q2-update-linux/gcc-arm-none-eabi-6-2017-q2-update/bin/../lib/gcc/arm-none-eabi/6.3.1/../../../../arm-none-eabi/lib/thumb/v6-m/libc.a(lib_a-writer.o)
 .data          0x000000000004b240        0x0 /home/abso/gcc-arm-none-eabi-6-2017-q2-update-linux/gcc-arm-none-eabi-6-2017-q2-update/bin/../lib/gcc/arm-none-eabi/6.3.1/../../../../arm-none-eabi/lib/thumb/v6-m/libc.a(lib_a-wsetup.o)