Archive member included to satisfy reference by file (symbol)

/home/jaime/CompArchResearch/gcc-arm-none-eabi/bin/../lib/gcc/arm-none-eabi/11.3.1/../../../../arm-none-eabi/lib/thumb/v6-m/nofp/libc.a(libc_a-fprintf.o)
                              main.o (fprintf)
/home/jaime/CompArchResearch/gcc-arm-none-eabi/bin/../lib/gcc/arm-none-eabi/11.3.1/../../../../arm-none-eabi/lib/thumb/v6-m/nofp/libc.a(libc_a-vfprintf.o)
                              /home/jaime/CompArchResearch/gcc-arm-none-eabi/bin/../lib/gcc/arm-none-eabi/11.3.1/../../../../arm-none-eabi/lib/thumb/v6-m/nofp/libc.a(libc_a-fprintf.o) (_vfprintf_r)
/home/jaime/CompArchResearch/gcc-arm-none-eabi/bin/../lib/gcc/arm-none-eabi/11.3.1/../../../../arm-none-eabi/lib/thumb/v6-m/nofp/libc.a(libc_a-vfiprintf.o)
                              /home/jaime/CompArchResearch/gcc-arm-none-eabi/bin/../lib/gcc/arm-none-eabi/11.3.1/../../../../arm-none-eabi/lib/thumb/v6-m/nofp/libc.a(libc_a-vfprintf.o) (__sprint_r)
/home/jaime/CompArchResearch/gcc-arm-none-eabi/bin/../lib/gcc/arm-none-eabi/11.3.1/../../../../arm-none-eabi/lib/thumb/v6-m/nofp/libc.a(libc_a-malloc.o)
                              main.o (free)
/home/jaime/CompArchResearch/gcc-arm-none-eabi/bin/../lib/gcc/arm-none-eabi/11.3.1/../../../../arm-none-eabi/lib/thumb/v6-m/nofp/libc.a(libc_a-mallocr.o)
                              /home/jaime/CompArchResearch/gcc-arm-none-eabi/bin/../lib/gcc/arm-none-eabi/11.3.1/../../../../arm-none-eabi/lib/thumb/v6-m/nofp/libc.a(libc_a-vfprintf.o) (_malloc_r)
/home/jaime/CompArchResearch/gcc-arm-none-eabi/bin/../lib/gcc/arm-none-eabi/11.3.1/../../../../arm-none-eabi/lib/thumb/v6-m/nofp/libc.a(libc_a-memset.o)
                              /home/jaime/CompArchResearch/gcc-arm-none-eabi/bin/../lib/gcc/arm-none-eabi/11.3.1/../../../../arm-none-eabi/lib/thumb/v6-m/nofp/libc.a(libc_a-vfprintf.o) (memset)
/home/jaime/CompArchResearch/gcc-arm-none-eabi/bin/../lib/gcc/arm-none-eabi/11.3.1/../../../../arm-none-eabi/lib/thumb/v6-m/nofp/libc.a(libc_a-wcrtomb.o)
                              /home/jaime/CompArchResearch/gcc-arm-none-eabi/bin/../lib/gcc/arm-none-eabi/11.3.1/../../../../arm-none-eabi/lib/thumb/v6-m/nofp/libc.a(libc_a-vfprintf.o) (_wcrtomb_r)
/home/jaime/CompArchResearch/gcc-arm-none-eabi/bin/../lib/gcc/arm-none-eabi/11.3.1/../../../../arm-none-eabi/lib/thumb/v6-m/nofp/libc.a(libc_a-lock.o)
                              /home/jaime/CompArchResearch/gcc-arm-none-eabi/bin/../lib/gcc/arm-none-eabi/11.3.1/../../../../arm-none-eabi/lib/thumb/v6-m/nofp/libc.a(libc_a-vfprintf.o) (__retarget_lock_init_recursive)
/home/jaime/CompArchResearch/gcc-arm-none-eabi/bin/../lib/gcc/arm-none-eabi/11.3.1/../../../../arm-none-eabi/lib/thumb/v6-m/nofp/libc.a(libc_a-locale.o)
                              /home/jaime/CompArchResearch/gcc-arm-none-eabi/bin/../lib/gcc/arm-none-eabi/11.3.1/../../../../arm-none-eabi/lib/thumb/v6-m/nofp/libc.a(libc_a-vfprintf.o) (__global_locale)
/home/jaime/CompArchResearch/gcc-arm-none-eabi/bin/../lib/gcc/arm-none-eabi/11.3.1/../../../../arm-none-eabi/lib/thumb/v6-m/nofp/libc.a(libc_a-localeconv.o)
                              /home/jaime/CompArchResearch/gcc-arm-none-eabi/bin/../lib/gcc/arm-none-eabi/11.3.1/../../../../arm-none-eabi/lib/thumb/v6-m/nofp/libc.a(libc_a-vfprintf.o) (_localeconv_r)
/home/jaime/CompArchResearch/gcc-arm-none-eabi/bin/../lib/gcc/arm-none-eabi/11.3.1/../../../../arm-none-eabi/lib/thumb/v6-m/nofp/libc.a(libc_a-strcmp.o)
                              /home/jaime/CompArchResearch/gcc-arm-none-eabi/bin/../lib/gcc/arm-none-eabi/11.3.1/../../../../arm-none-eabi/lib/thumb/v6-m/nofp/libc.a(libc_a-locale.o) (strcmp)
/home/jaime/CompArchResearch/gcc-arm-none-eabi/bin/../lib/gcc/arm-none-eabi/11.3.1/../../../../arm-none-eabi/lib/thumb/v6-m/nofp/libc.a(libc_a-wsetup.o)
                              /home/jaime/CompArchResearch/gcc-arm-none-eabi/bin/../lib/gcc/arm-none-eabi/11.3.1/../../../../arm-none-eabi/lib/thumb/v6-m/nofp/libc.a(libc_a-vfprintf.o) (__swsetup_r)
/home/jaime/CompArchResearch/gcc-arm-none-eabi/bin/../lib/gcc/arm-none-eabi/11.3.1/../../../../arm-none-eabi/lib/thumb/v6-m/nofp/libc.a(libc_a-makebuf.o)
                              /home/jaime/CompArchResearch/gcc-arm-none-eabi/bin/../lib/gcc/arm-none-eabi/11.3.1/../../../../arm-none-eabi/lib/thumb/v6-m/nofp/libc.a(libc_a-wsetup.o) (__smakebuf_r)
/home/jaime/CompArchResearch/gcc-arm-none-eabi/bin/../lib/gcc/arm-none-eabi/11.3.1/../../../../arm-none-eabi/lib/thumb/v6-m/nofp/libc.a(libc_a-strcpy.o)
                              /home/jaime/CompArchResearch/gcc-arm-none-eabi/bin/../lib/gcc/arm-none-eabi/11.3.1/../../../../arm-none-eabi/lib/thumb/v6-m/nofp/libc.a(libc_a-locale.o) (strcpy)
/home/jaime/CompArchResearch/gcc-arm-none-eabi/bin/../lib/gcc/arm-none-eabi/11.3.1/../../../../arm-none-eabi/lib/thumb/v6-m/nofp/libc.a(libc_a-mlock.o)
[...]
Memory Configuration

Name             Origin             Length             Attributes
rom              0x0000000000000000 0x0000000000800000
ram              0x0000000040000000 0x0000000000800000
h                0x0000000040000000 0x0000000000400000
*default*        0x0000000000000000 0xffffffffffffffff

Linker script and memory map

LOAD vectors.o
LOAD putget.o
LOAD supportFuncs.o
LOAD LED.o
LOAD timer.o
LOAD wami_lucas_kanade.o
LOAD interpolate.o
LOAD main.o
LOAD /home/jaime/CompArchResearch/gcc-arm-none-eabi/bin/../lib/gcc/arm-none-eabi/11.3.1/../../../../arm-none-eabi/lib/thumb/v6-m/nofp/libnosys.a
LOAD /home/jaime/CompArchResearch/gcc-arm-none-eabi/bin/../lib/gcc/arm-none-eabi/11.3.1/../../../../arm-none-eabi/lib/thumb/v6-m/nofp/libc.a
LOAD /home/jaime/CompArchResearch/gcc-arm-none-eabi/bin/../lib/gcc/arm-none-eabi/11.3.1/../../../../arm-none-eabi/lib/thumb/v6-m/nofp/libm.a
START GROUP
LOAD /home/jaime/CompArchResearch/gcc-arm-none-eabi/bin/../lib/gcc/arm-none-eabi/11.3.1/thumb/v6-m/nofp/libgcc.a
LOAD /home/jaime/CompArchResearch/gcc-arm-none-eabi/bin/../lib/gcc/arm-none-eabi/11.3.1/../../../../arm-none-eabi/lib/thumb/v6-m/nofp/libc.a
END GROUP
START GROUP
LOAD /home/jaime/CompArchResearch/gcc-arm-none-eabi/bin/../lib/gcc/arm-none-eabi/11.3.1/thumb/v6-m/nofp/libgcc.a
LOAD /home/jaime/CompArchResearch/gcc-arm-none-eabi/bin/../lib/gcc/arm-none-eabi/11.3.1/../../../../arm-none-eabi/lib/thumb/v6-m/nofp/libc.a
LOAD /home/jaime/CompArchResearch/gcc-arm-none-eabi/bin/../lib/gcc/arm-none-eabi/11.3.1/../../../../arm-none-eabi/lib/thumb/v6-m/nofp/libnosys.a
END GROUP

.text           0x0000000000000000     0xbd38
 *(.text*)
 .text          0x0000000000000000       0x7c vectors.o
                0x0000000000000074                _start
                0x0000000000000078                exit
 .text          0x000000000000007c       0x88 putget.o
                0x000000000000007c                putchar
                0x000000000000008a                PUT32
                0x000000000000008e                GET32
                0x0000000000000092                PUTGETCLR
                0x000000000000009a                atest
                0x00000000000000ac                stest
                0x00000000000000dc                testfun1
                0x00000000000000e4                testfun2
                0x00000000000000ec                testfun3
                0x00000000000000f4                testfun4
                0x00000000000000fc                PUTGETSET
 .text          0x0000000000000104       0x18 supportFuncs.o
                0x0000000000000104                _fini
                0x0000000000000108                __exidx_start
                0x000000000000010c                __exidx_end
                0x0000000000000110                __errno
                0x0000000000000114                rand
                0x0000000000000118                srand
 .text          0x000000000000011c       0x54 LED.o
                0x000000000000011c                initLED
                0x000000000000014a                LED
 .text          0x0000000000000170       0x44 timer.o
                0x0000000000000170                init_timer
                0x0000000000000174                timer
                0x000000000000017c                timer_getres
                0x0000000000000184                tic
                0x0000000000000194                toc
 .text          0x00000000000001b4      0x370 wami_lucas_kanade.o
                0x00000000000001b4                warp_image
                0x0000000000000274                steepest_descent
                0x00000000000003f4                hessian
 .text          0x0000000000000524      0x128 interpolate.o
                0x0000000000000524                interpolate
 .text          0x000000000000064c        0x0 main.o
 .text.startup  0x000000000000064c      0x17c main.o
                0x000000000000064c                main
 .text          0x00000000000007c8        0x0 /home/jaime/CompArchResearch/gcc-arm-none-eabi/bin/../lib/gcc/arm-none-eabi/11.3.1/../../../../arm-none-eabi/lib/thumb/v6-m/nofp/libc.a(libc_a-fprintf.o)
 .text._fprintf_r
                0x00000000000007c8       0x18 /home/jaime/CompArchResearch/gcc-arm-none-eabi/bin/../lib/gcc/arm-none-eabi/11.3.1/../../../../arm-none-eabi/lib/thumb/v6-m/nofp/libc.a(libc_a-fprintf.o)
                0x00000000000007c8                _fprintf_r
 .text.fprintf  0x00000000000007e0       0x24 /home/jaime/CompArchResearch/gcc-arm-none-eabi/bin/../lib/gcc/arm-none-eabi/11.3.1/../../../../arm-none-eabi/lib/thumb/v6-m/nofp/libc.a(libc_a-fprintf.o)
                0x00000000000007e0                fprintf
 .text          0x0000000000000804        0x0 /home/jaime/CompArchResearch/gcc-arm-none-eabi/bin/../lib/gcc/arm-none-eabi/11.3.1/../../../../arm-none-eabi/lib/thumb/v6-m/nofp/libc.a(libc_a-vfprintf.o)
 .text._vfprintf_r
                0x0000000000000804     0x1ddc /home/jaime/CompArchResearch/gcc-arm-none-eabi/bin/../lib/gcc/arm-none-eabi/11.3.1/../../../../arm-none-eabi/lib/thumb/v6-m/nofp/libc.a(libc_a-vfprintf.o)
                0x0000000000000804                _vfprintf_r
 .text.vfprintf
                0x00000000000025e0       0x18 /home/jaime/CompArchResearch/gcc-arm-none-eabi/bin/../lib/gcc/arm-none-eabi/11.3.1/../../../../arm-none-eabi/lib/thumb/v6-m/nofp/libc.a(libc_a-vfprintf.o)
                0x00000000000025e0                vfprintf
 .text.__sbprintf
                0x00000000000025f8       0x8c /home/jaime/CompArchResearch/gcc-arm-none-eabi/bin/../lib/gcc/arm-none-eabi/11.3.1/../../../../arm-none-eabi/lib/thumb/v6-m/nofp/libc.a(libc_a-vfprintf.o)
 .text          0x0000000000002684        0x0 /home/jaime/CompArchResearch/gcc-arm-none-eabi/bin/../lib/gcc/arm-none-eabi/11.3.1/../../../../arm-none-eabi/lib/thumb/v6-m/nofp/libc.a(libc_a-vfiprintf.o)
 .text.__sprint_r.part.0
                0x0000000000002684       0x88 /home/jaime/CompArchResearch/gcc-arm-none-eabi/bin/../lib/gcc/arm-none-eabi/11.3.1/../../../../arm-none-eabi/lib/thumb/v6-m/nofp/libc.a(libc_a-vfiprintf.o)
 .text.__sprint_r
                0x000000000000270c       0x14 /home/jaime/CompArchResearch/gcc-arm-none-eabi/bin/../lib/gcc/arm-none-eabi/11.3.1/../../../../arm-none-eabi/lib/thumb/v6-m/nofp/libc.a(libc_a-vfiprintf.o)
                0x000000000000270c                __sprint_r
 .text._vfiprintf_r
                0x0000000000002720      0xfa0 /home/jaime/CompArchResearch/gcc-arm-none-eabi/bin/../lib/gcc/arm-none-eabi/11.3.1/../../../../arm-none-eabi/lib/thumb/v6-m/nofp/libc.a(libc_a-vfiprintf.o)
                0x0000000000002720                _vfiprintf_r
 .text.vfiprintf
                0x00000000000036c0       0x18 /home/jaime/CompArchResearch/gcc-arm-none-eabi/bin/../lib/gcc/arm-none-eabi/11.3.1/../../../../arm-none-eabi/lib/thumb/v6-m/nofp/libc.a(libc_a-vfiprintf.o)
                0x00000000000036c0                vfiprintf
 .text.__sbprintf
                0x00000000000036d8       0x8c /home/jaime/CompArchResearch/gcc-arm-none-eabi/bin/../lib/gcc/arm-none-eabi/11.3.1/../../../../arm-none-eabi/lib/thumb/v6-m/nofp/libc.a(libc_a-vfiprintf.o)
 .text          0x0000000000003764        0x0 /home/jaime/CompArchResearch/gcc-arm-none-eabi/bin/../lib/gcc/arm-none-eabi/11.3.1/../../../../arm-none-eabi/lib/thumb/v6-m/nofp/libc.a(libc_a-malloc.o)
 .text.malloc   0x0000000000003764       0x14 /home/jaime/CompArchResearch/gcc-arm-none-eabi/bin/../lib/gcc/arm-none-eabi/11.3.1/../../../../arm-none-eabi/lib/thumb/v6-m/nofp/libc.a(libc_a-malloc.o)
                0x0000000000003764                malloc
 .text.free     0x0000000000003778       0x14 /home/jaime/CompArchResearch/gcc-arm-none-eabi/bin/../lib/gcc/arm-none-eabi/11.3.1/../../../../arm-none-eabi/lib/thumb/v6-m/nofp/libc.a(libc_a-malloc.o)
                0x0000000000003778                free
 .text          0x000000000000378c        0x0 /home/jaime/CompArchResearch/gcc-arm-none-eabi/bin/../lib/gcc/arm-none-eabi/11.3.1/../../../../arm-none-eabi/lib/thumb/v6-m/nofp/libc.a(libc_a-mallocr.o)
 .text._malloc_r
                0x000000000000378c      0x57c /home/jaime/CompArchResearch/gcc-arm-none-eabi/bin/../lib/gcc/arm-none-eabi/11.3.1/../../../../arm-none-eabi/lib/thumb/v6-m/nofp/libc.a(libc_a-mallocr.o)
                0x000000000000378c                _malloc_r
 .text          0x0000000000003d08        0x0 /home/jaime/CompArchResearch/gcc-arm-none-eabi/bin/../lib/gcc/arm-none-eabi/11.3.1/../../../../arm-none-eabi/lib/thumb/v6-m/nofp/libc.a(libc_a-memset.o)
 .text.memset   0x0000000000003d08       0xa8 /home/jaime/CompArchResearch/gcc-arm-none-eabi/bin/../lib/gcc/arm-none-eabi/11.3.1/../../../../arm-none-eabi/lib/thumb/v6-m/nofp/libc.a(libc_a-memset.o)
                0x0000000000003d08                memset
 .text          0x0000000000003db0        0x0 /home/jaime/CompArchResearch/gcc-arm-none-eabi/bin/../lib/gcc/arm-none-eabi/11.3.1/../../../../arm-none-eabi/lib/thumb/v6-m/nofp/libc.a(libc_a-wcrtomb.o)
 .text._wcrtomb_r
                0x0000000000003db0       0x50 /home/jaime/CompArchResearch/gcc-arm-none-eabi/bin/../lib/gcc/arm-none-eabi/11.3.1/../../../../arm-none-eabi/lib/thumb/v6-m/nofp/libc.a(libc_a-wcrtomb.o)
                0x0000000000003db0                _wcrtomb_r
 .text.wcrtomb  0x0000000000003e00       0x58 /home/jaime/CompArchResearch/gcc-arm-none-eabi/bin/../lib/gcc/arm-none-eabi/11.3.1/../../../../arm-none-eabi/lib/thumb/v6-m/nofp/libc.a(libc_a-wcrtomb.o)
                0x0000000000003e00                wcrtomb
 .text          0x0000000000003e58        0x0 /home/jaime/CompArchResearch/gcc-arm-none-eabi/bin/../lib/gcc/arm-none-eabi/11.3.1/../../../../arm-none-eabi/lib/thumb/v6-m/nofp/libc.a(libc_a-lock.o)
 .text.__retarget_lock_init
                0x0000000000003e58        0x4 /home/jaime/CompArchResearch/gcc-arm-none-eabi/bin/../lib/gcc/arm-none-eabi/11.3.1/../../../../arm-none-eabi/lib/thumb/v6-m/nofp/libc.a(libc_a-lock.o)
                0x0000000000003e58                __retarget_lock_init
 .text.__retarget_lock_init_recursive
                0x0000000000003e5c        0x4 /home/jaime/CompArchResearch/gcc-arm-none-eabi/bin/../lib/gcc/arm-none-eabi/11.3.1/../../../../arm-none-eabi/lib/thumb/v6-m/nofp/libc.a(libc_a-lock.o)
                0x0000000000003e5c                __retarget_lock_init_recursive
 .text.__retarget_lock_close
                0x0000000000003e60        0x4 /home/jaime/CompArchResearch/gcc-arm-none-eabi/bin/../lib/gcc/arm-none-eabi/11.3.1/../../../../arm-none-eabi/lib/thumb/v6-m/nofp/libc.a(libc_a-lock.o)
                0x0000000000003e60                __retarget_lock_close
 .text.__retarget_lock_close_recursive
                0x0000000000003e64        0x4 /home/jaime/CompArchResearch/gcc-arm-none-eabi/bin/../lib/gcc/arm-none-eabi/11.3.1/../../../../arm-none-eabi/lib/thumb/v6-m/nofp/libc.a(libc_a-lock.o)
                0x0000000000003e64                __retarget_lock_close_recursive
 .text.__retarget_lock_acquire
                0x0000000000003e68        0x4 /home/jaime/CompArchResearch/gcc-arm-none-eabi/bin/../lib/gcc/arm-none-eabi/11.3.1/../../../../arm-none-eabi/lib/thumb/v6-m/nofp/libc.a(libc_a-lock.o)
                0x0000000000003e68                __retarget_lock_acquire
 .text.__retarget_lock_acquire_recursive
                0x0000000000003e6c        0x4 /home/jaime/CompArchResearch/gcc-arm-none-eabi/bin/../lib/gcc/arm-none-eabi/11.3.1/../../../../arm-none-eabi/lib/thumb/v6-m/nofp/libc.a(libc_a-lock.o)
                0x0000000000003e6c                __retarget_lock_acquire_recursive
 .text.__retarget_lock_try_acquire
                0x0000000000003e70        0x4 /home/jaime/CompArchResearch/gcc-arm-none-eabi/bin/../lib/gcc/arm-none-eabi/11.3.1/../../../../arm-none-eabi/lib/thumb/v6-m/nofp/libc.a(libc_a-lock.o)
                0x0000000000003e70                __retarget_lock_try_acquire
 .text.__retarget_lock_try_acquire_recursive
                0x0000000000003e74        0x4 /home/jaime/CompArchResearch/gcc-arm-none-eabi/bin/../lib/gcc/arm-none-eabi/11.3.1/../../../../arm-none-eabi/lib/thumb/v6-m/nofp/libc.a(libc_a-lock.o)
                0x0000000000003e74                __retarget_lock_try_acquire_recursive
 .text.__retarget_lock_release
                0x0000000000003e78        0x4 /home/jaime/CompArchResearch/gcc-arm-none-eabi/bin/../lib/gcc/arm-none-eabi/11.3.1/../../../../arm-none-eabi/lib/thumb/v6-m/nofp/libc.a(libc_a-lock.o)
                0x0000000000003e78                __retarget_lock_release
 .text.__retarget_lock_release_recursive
                0x0000000000003e7c        0x4 /home/jaime/CompArchResearch/gcc-arm-none-eabi/bin/../lib/gcc/arm-none-eabi/11.3.1/../../../../arm-none-eabi/lib/thumb/v6-m/nofp/libc.a(libc_a-lock.o)
                0x0000000000003e7c                __retarget_lock_release_recursive
 .text          0x0000000000003e80        0x0 /home/jaime/CompArchResearch/gcc-arm-none-eabi/bin/../lib/gcc/arm-none-eabi/11.3.1/../../../../arm-none-eabi/lib/thumb/v6-m/nofp/libc.a(libc_a-locale.o)
 .text.currentlocale
                0x0000000000003e80       0x60 /home/jaime/CompArchResearch/gcc-arm-none-eabi/bin/../lib/gcc/arm-none-eabi/11.3.1/../../../../arm-none-eabi/lib/thumb/v6-m/nofp/libc.a(libc_a-locale.o)
 .text.__loadlocale
                0x0000000000003ee0      0x5d4 /home/jaime/CompArchResearch/gcc-arm-none-eabi/bin/../lib/gcc/arm-none-eabi/11.3.1/../../../../arm-none-eabi/lib/thumb/v6-m/nofp/libc.a(libc_a-locale.o)
                0x0000000000003ee0                __loadlocale
 .text.__get_locale_env
                0x00000000000044b4       0x58 /home/jaime/CompArchResearch/gcc-arm-none-eabi/bin/../lib/gcc/arm-none-eabi/11.3.1/../../../../arm-none-eabi/lib/thumb/v6-m/nofp/libc.a(libc_a-locale.o)
                0x00000000000044b4                __get_locale_env
 .text._setlocale_r.part.0
                0x000000000000450c      0x21c /home/jaime/CompArchResearch/gcc-arm-none-eabi/bin/../lib/gcc/arm-none-eabi/11.3.1/../../../../arm-none-eabi/lib/thumb/v6-m/nofp/libc.a(libc_a-locale.o)
 .text._setlocale_r
                0x0000000000004728       0x30 /home/jaime/CompArchResearch/gcc-arm-none-eabi/bin/../lib/gcc/arm-none-eabi/11.3.1/../../../../arm-none-eabi/lib/thumb/v6-m/nofp/libc.a(libc_a-locale.o)
                0x0000000000004728                _setlocale_r
 .text.__locale_mb_cur_max
                0x0000000000004758       0x10 /home/jaime/CompArchResearch/gcc-arm-none-eabi/bin/../lib/gcc/arm-none-eabi/11.3.1/../../../../arm-none-eabi/lib/thumb/v6-m/nofp/libc.a(libc_a-locale.o)
                0x0000000000004758                __locale_mb_cur_max
 .text.setlocale
                0x0000000000004768       0x3c /home/jaime/CompArchResearch/gcc-arm-none-eabi/bin/../lib/gcc/arm-none-eabi/11.3.1/../../../../arm-none-eabi/lib/thumb/v6-m/nofp/libc.a(libc_a-locale.o)
                0x0000000000004768                setlocale
 .text          0x00000000000047a4        0x0 /home/jaime/CompArchResearch/gcc-arm-none-eabi/bin/../lib/gcc/arm-none-eabi/11.3.1/../../../../arm-none-eabi/lib/thumb/v6-m/nofp/libc.a(libc_a-localeconv.o)
 .text.__localeconv_l
                0x00000000000047a4        0x4 /home/jaime/CompArchResearch/gcc-arm-none-eabi/bin/../lib/gcc/arm-none-eabi/11.3.1/../../../../arm-none-eabi/lib/thumb/v6-m/nofp/libc.a(libc_a-localeconv.o)
                0x00000000000047a4                __localeconv_l
 .text._localeconv_r
                0x00000000000047a8        0x8 /home/jaime/CompArchResearch/gcc-arm-none-eabi/bin/../lib/gcc/arm-none-eabi/11.3.1/../../../../arm-none-eabi/lib/thumb/v6-m/nofp/libc.a(libc_a-localeconv.o)
                0x00000000000047a8                _localeconv_r
 .text.localeconv
                0x00000000000047b0        0x8 /home/jaime/CompArchResearch/gcc-arm-none-eabi/bin/../lib/gcc/arm-none-eabi/11.3.1/../../../../arm-none-eabi/lib/thumb/v6-m/nofp/libc.a(libc_a-localeconv.o)
                0x00000000000047b0                localeconv
 .text          0x00000000000047b8       0x88 /home/jaime/CompArchResearch/gcc-arm-none-eabi/bin/../lib/gcc/arm-none-eabi/11.3.1/../../../../arm-none-eabi/lib/thumb/v6-m/nofp/libc.a(libc_a-strcmp.o)
                0x00000000000047b8                strcmp
 .text          0x0000000000004840        0x0 /home/jaime/CompArchResearch/gcc-arm-none-eabi/bin/../lib/gcc/arm-none-eabi/11.3.1/../../../../arm-none-eabi/lib/thumb/v6-m/nofp/libc.a(libc_a-wsetup.o)
 .text.__swsetup_r
                0x0000000000004840       0xd4 /home/jaime/CompArchResearch/gcc-arm-none-eabi/bin/../lib/gcc/arm-none-eabi/11.3.1/../../../../arm-none-eabi/lib/thumb/v6-m/nofp/libc.a(libc_a-wsetup.o)
                0x0000000000004840                __swsetup_r
 .text          0x0000000000004914        0x0 /home/jaime/CompArchResearch/gcc-arm-none-eabi/bin/../lib/gcc/arm-none-eabi/11.3.1/../../../../arm-none-eabi/lib/thumb/v6-m/nofp/libc.a(libc_a-makebuf.o)
 .text.__smakebuf_r
                0x0000000000004914       0xdc /home/jaime/CompArchResearch/gcc-arm-none-eabi/bin/../lib/gcc/arm-none-eabi/11.3.1/../../../../arm-none-eabi/lib/thumb/v6-m/nofp/libc.a(libc_a-makebuf.o)
                0x0000000000004914                __smakebuf_r
 .text.__swhatbuf_r
                0x00000000000049f0       0x58 /home/jaime/CompArchResearch/gcc-arm-none-eabi/bin/../lib/gcc/arm-none-eabi/11.3.1/../../../../arm-none-eabi/lib/thumb/v6-m/nofp/libc.a(libc_a-makebuf.o)
                0x00000000000049f0                __swhatbuf_r
 .text          0x0000000000004a48        0x0 /home/jaime/CompArchResearch/gcc-arm-none-eabi/bin/../lib/gcc/arm-none-eabi/11.3.1/../../../../arm-none-eabi/lib/thumb/v6-m/nofp/libc.a(libc_a-strcpy.o)
 .text.strcpy   0x0000000000004a48       0x10 /home/jaime/CompArchResearch/gcc-arm-none-eabi/bin/../lib/gcc/arm-none-eabi/11.3.1/../../../../arm-none-eabi/lib/thumb/v6-m/nofp/libc.a(libc_a-strcpy.o)
                0x0000000000004a48                strcpy
 .text          0x0000000000004a58        0x0 /home/jaime/CompArchResearch/gcc-arm-none-eabi/bin/../lib/gcc/arm-none-eabi/11.3.1/../../../../arm-none-eabi/lib/thumb/v6-m/nofp/libc.a(libc_a-mlock.o)
 .text.__malloc_lock
                0x0000000000004a58       0x10 /home/jaime/CompArchResearch/gcc-arm-none-eabi/bin/../lib/gcc/arm-none-eabi/11.3.1/../../../../arm-none-eabi/lib/thumb/v6-m/nofp/libc.a(libc_a-mlock.o)
                0x0000000000004a58                __malloc_lock
 .text.__malloc_unlock
                0x0000000000004a68       0x10 /home/jaime/CompArchResearch/gcc-arm-none-eabi/bin/../lib/gcc/arm-none-eabi/11.3.1/../../../../arm-none-eabi/lib/thumb/v6-m/nofp/libc.a(libc_a-mlock.o)
                0x0000000000004a68                __malloc_unlock
 .text          0x0000000000004a78        0x0 /home/jaime/CompArchResearch/gcc-arm-none-eabi/bin/../lib/gcc/arm-none-eabi/11.3.1/../../../../arm-none-eabi/lib/thumb/v6-m/nofp/libc.a(libc_a-strchr.o)
 .text.strchr   0x0000000000004a78       0xc0 /home/jaime/CompArchResearch/gcc-arm-none-eabi/bin/../lib/gcc/arm-none-eabi/11.3.1/../../../../arm-none-eabi/lib/thumb/v6-m/nofp/libc.a(libc_a-strchr.o)
                0x0000000000004a78                strchr
 .text          0x0000000000004b38        0x0 /home/jaime/CompArchResearch/gcc-arm-none-eabi/bin/../lib/gcc/arm-none-eabi/11.3.1/../../../../arm-none-eabi/lib/thumb/v6-m/nofp/libc.a(libc_a-calloc.o)
 .text.calloc   0x0000000000004b38       0x18 /home/jaime/CompArchResearch/gcc-arm-none-eabi/bin/../lib/gcc/arm-none-eabi/11.3.1/../../../../arm-none-eabi/lib/thumb/v6-m/nofp/libc.a(libc_a-calloc.o)
                0x0000000000004b38                calloc
 .text          0x0000000000004b50        0x0 /home/jaime/CompArchResearch/gcc-arm-none-eabi/bin/../lib/gcc/arm-none-eabi/11.3.1/../../../../arm-none-eabi/lib/thumb/v6-m/nofp/libc.a(libc_a-callocr.o)
 .text._calloc_r
                0x0000000000004b50       0x9c /home/jaime/CompArchResearch/gcc-arm-none-eabi/bin/../lib/gcc/arm-none-eabi/11.3.1/../../../../arm-none-eabi/lib/thumb/v6-m/nofp/libc.a(libc_a-callocr.o)
                0x0000000000004b50                _calloc_r
 .text          0x0000000000004bec        0x0 /home/jaime/CompArchResearch/gcc-arm-none-eabi/bin/../lib/gcc/arm-none-eabi/11.3.1/../../../../arm-none-eabi/lib/thumb/v6-m/nofp/libc.a(libc_a-wcsrtombs.o)
 .text._wcsrtombs_r
                0x0000000000004bec       0x18 /home/jaime/CompArchResearch/gcc-arm-none-eabi/bin/../lib/gcc/arm-none-eabi/11.3.1/../../../../arm-none-eabi/lib/thumb/v6-m/nofp/libc.a(libc_a-wcsrtombs.o)
                0x0000000000004bec                _wcsrtombs_r
 .text.wcsrtombs
                0x0000000000004c04       0x24 /home/jaime/CompArchResearch/gcc-arm-none-eabi/bin/../lib/gcc/arm-none-eabi/11.3.1/../../../../arm-none-eabi/lib/thumb/v6-m/nofp/libc.a(libc_a-wcsrtombs.o)
                0x0000000000004c04                wcsrtombs
 .text          0x0000000000004c28        0x0 /home/jaime/CompArchResearch/gcc-arm-none-eabi/bin/../lib/gcc/arm-none-eabi/11.3.1/../../../../arm-none-eabi/lib/thumb/v6-m/nofp/libc.a(libc_a-dtoa.o)
 .text.quorem   0x0000000000004c28      0x144 /home/jaime/CompArchResearch/gcc-arm-none-eabi/bin/../lib/gcc/arm-none-eabi/11.3.1/../../../../arm-none-eabi/lib/thumb/v6-m/nofp/libc.a(libc_a-dtoa.o)
 .text._dtoa_r  0x0000000000004d6c      0xf98 /home/jaime/CompArchResearch/gcc-arm-none-eabi/bin/../lib/gcc/arm-none-eabi/11.3.1/../../../../arm-none-eabi/lib/thumb/v6-m/nofp/libc.a(libc_a-dtoa.o)
                0x0000000000004d6c                _dtoa_r
 .text          0x0000000000005d04        0x0 /home/jaime/CompArchResearch/gcc-arm-none-eabi/bin/../lib/gcc/arm-none-eabi/11.3.1/../../../../arm-none-eabi/lib/thumb/v6-m/nofp/libc.a(libc_a-ctype_.o)
 .text.__set_ctype
                0x0000000000005d04        0xc /home/jaime/CompArchResearch/gcc-arm-none-eabi/bin/../lib/gcc/arm-none-eabi/11.3.1/../../../../arm-none-eabi/lib/thumb/v6-m/nofp/libc.a(libc_a-ctype_.o)
                0x0000000000005d04                __set_ctype
 .text          0x0000000000005d10        0x0 /home/jaime/CompArchResearch/gcc-arm-none-eabi/bin/../lib/gcc/arm-none-eabi/11.3.1/../../../../arm-none-eabi/lib/thumb/v6-m/nofp/libc.a(libc_a-fflush.o)
 .text.__sflush_r
                0x0000000000005d10      0x134 /home/jaime/CompArchResearch/gcc-arm-none-eabi/bin/../lib/gcc/arm-none-eabi/11.3.1/../../../../arm-none-eabi/lib/thumb/v6-m/nofp/libc.a(libc_a-fflush.o)
                0x0000000000005d10                __sflush_r
 .text._fflush_r
                0x0000000000005e44       0x68 /home/jaime/CompArchResearch/gcc-arm-none-eabi/bin/../lib/gcc/arm-none-eabi/11.3.1/../../../../arm-none-eabi/lib/thumb/v6-m/nofp/libc.a(libc_a-fflush.o)
                0x0000000000005e44                _fflush_r
 .text.fflush   0x0000000000005eac       0x7c /home/jaime/CompArchResearch/gcc-arm-none-eabi/bin/../lib/gcc/arm-none-eabi/11.3.1/../../../../arm-none-eabi/lib/thumb/v6-m/nofp/libc.a(libc_a-fflush.o)
                0x0000000000005eac                fflush
 .text          0x0000000000005f28        0x0 /home/jaime/CompArchResearch/gcc-arm-none-eabi/bin/../lib/gcc/arm-none-eabi/11.3.1/../../../../arm-none-eabi/lib/thumb/v6-m/nofp/libc.a(libc_a-impure.o)
 .text          0x0000000000005f28        0x0 /home/jaime/CompArchResearch/gcc-arm-none-eabi/bin/../lib/gcc/arm-none-eabi/11.3.1/../../../../arm-none-eabi/lib/thumb/v6-m/nofp/libc.a(libc_a-findfp.o)
 .text.stdio_exit_handler
                0x0000000000005f28       0x1c /home/jaime/CompArchResearch/gcc-arm-none-eabi/bin/../lib/gcc/arm-none-eabi/11.3.1/../../../../arm-none-eabi/lib/thumb/v6-m/nofp/libc.a(libc_a-findfp.o)
 .text.cleanup_stdio
                0x0000000000005f44       0x3c /home/jaime/CompArchResearch/gcc-arm-none-eabi/bin/../lib/gcc/arm-none-eabi/11.3.1/../../../../arm-none-eabi/lib/thumb/v6-m/nofp/libc.a(libc_a-findfp.o)
 .text.__fp_lock
                0x0000000000005f80       0x1c /home/jaime/CompArchResearch/gcc-arm-none-eabi/bin/../lib/gcc/arm-none-eabi/11.3.1/../../../../arm-none-eabi/lib/thumb/v6-m/nofp/libc.a(libc_a-findfp.o)
 .text.__fp_unlock
                0x0000000000005f9c       0x1c /home/jaime/CompArchResearch/gcc-arm-none-eabi/bin/../lib/gcc/arm-none-eabi/11.3.1/../../../../arm-none-eabi/lib/thumb/v6-m/nofp/libc.a(libc_a-findfp.o)
 .text.global_stdio_init.part.0
                0x0000000000005fb8       0xfc /home/jaime/CompArchResearch/gcc-arm-none-eabi/bin/../lib/gcc/arm-none-eabi/11.3.1/../../../../arm-none-eabi/lib/thumb/v6-m/nofp/libc.a(libc_a-findfp.o)
 .text.__sfp    0x00000000000060b4       0xd0 /home/jaime/CompArchResearch/gcc-arm-none-eabi/bin/../lib/gcc/arm-none-eabi/11.3.1/../../../../arm-none-eabi/lib/thumb/v6-m/nofp/libc.a(libc_a-findfp.o)
                0x00000000000060b4                __sfp
 .text.__sinit  0x0000000000006184       0x38 /home/jaime/CompArchResearch/gcc-arm-none-eabi/bin/../lib/gcc/arm-none-eabi/11.3.1/../../../../arm-none-eabi/lib/thumb/v6-m/nofp/libc.a(libc_a-findfp.o)
                0x0000000000006184                __sinit
 .text.__sfp_lock_acquire
                0x00000000000061bc       0x10 /home/jaime/CompArchResearch/gcc-arm-none-eabi/bin/../lib/gcc/arm-none-eabi/11.3.1/../../../../arm-none-eabi/lib/thumb/v6-m/nofp/libc.a(libc_a-findfp.o)
                0x00000000000061bc                __sfp_lock_acquire
 .text.__sfp_lock_release
                0x00000000000061cc       0x10 /home/jaime/CompArchResearch/gcc-arm-none-eabi/bin/../lib/gcc/arm-none-eabi/11.3.1/../../../../arm-none-eabi/lib/thumb/v6-m/nofp/libc.a(libc_a-findfp.o)
                0x00000000000061cc                __sfp_lock_release
 .text.__fp_lock_all
                0x00000000000061dc       0x20 /home/jaime/CompArchResearch/gcc-arm-none-eabi/bin/../lib/gcc/arm-none-eabi/11.3.1/../../../../arm-none-eabi/lib/thumb/v6-m/nofp/libc.a(libc_a-findfp.o)
                0x00000000000061dc                __fp_lock_all
 .text.__fp_unlock_all
                0x00000000000061fc       0x20 /home/jaime/CompArchResearch/gcc-arm-none-eabi/bin/../lib/gcc/arm-none-eabi/11.3.1/../../../../arm-none-eabi/lib/thumb/v6-m/nofp/libc.a(libc_a-findfp.o)
                0x00000000000061fc                __fp_unlock_all
 .text          0x000000000000621c        0x0 /home/jaime/CompArchResearch/gcc-arm-none-eabi/bin/../lib/gcc/arm-none-eabi/11.3.1/../../../../arm-none-eabi/lib/thumb/v6-m/nofp/libc.a(libc_a-memchr-stub.o)
 .text.memchr   0x000000000000621c       0x74 /home/jaime/CompArchResearch/gcc-arm-none-eabi/bin/../lib/gcc/arm-none-eabi/11.3.1/../../../../arm-none-eabi/lib/thumb/v6-m/nofp/libc.a(libc_a-memchr-stub.o)
                0x000000000000621c                memchr
 .text          0x0000000000006290        0x0 /home/jaime/CompArchResearch/gcc-arm-none-eabi/bin/../lib/gcc/arm-none-eabi/11.3.1/../../../../arm-none-eabi/lib/thumb/v6-m/nofp/libc.a(libc_a-memcpy-stub.o)
 .text.memcpy   0x0000000000006290       0xa4 /home/jaime/CompArchResearch/gcc-arm-none-eabi/bin/../lib/gcc/arm-none-eabi/11.3.1/../../../../arm-none-eabi/lib/thumb/v6-m/nofp/libc.a(libc_a-memcpy-stub.o)
                0x0000000000006290                memcpy
 .text          0x0000000000006334        0x0 /home/jaime/CompArchResearch/gcc-arm-none-eabi/bin/../lib/gcc/arm-none-eabi/11.3.1/../../../../arm-none-eabi/lib/thumb/v6-m/nofp/libc.a(libc_a-strlen-stub.o)
 .text.strlen   0x0000000000006334       0x5c /home/jaime/CompArchResearch/gcc-arm-none-eabi/bin/../lib/gcc/arm-none-eabi/11.3.1/../../../../arm-none-eabi/lib/thumb/v6-m/nofp/libc.a(libc_a-strlen-stub.o)
                0x0000000000006334                strlen
 .text          0x0000000000006390        0x0 /home/jaime/CompArchResearch/gcc-arm-none-eabi/bin/../lib/gcc/arm-none-eabi/11.3.1/../../../../arm-none-eabi/lib/thumb/v6-m/nofp/libc.a(libm_a-s_frexp.o)
 .text.frexp    0x0000000000006390       0x64 /home/jaime/CompArchResearch/gcc-arm-none-eabi/bin/../lib/gcc/arm-none-eabi/11.3.1/../../../../arm-none-eabi/lib/thumb/v6-m/nofp/libc.a(libm_a-s_frexp.o)
                0x0000000000006390                frexp
 .text          0x00000000000063f4        0x0 /home/jaime/CompArchResearch/gcc-arm-none-eabi/bin/../lib/gcc/arm-none-eabi/11.3.1/../../../../arm-none-eabi/lib/thumb/v6-m/nofp/libc.a(libc_a-strlcpy.o)
 .text.strlcpy  0x00000000000063f4       0x40 /home/jaime/CompArchResearch/gcc-arm-none-eabi/bin/../lib/gcc/arm-none-eabi/11.3.1/../../../../arm-none-eabi/lib/thumb/v6-m/nofp/libc.a(libc_a-strlcpy.o)
                0x00000000000063f4                strlcpy
 .text          0x0000000000006434        0x0 /home/jaime/CompArchResearch/gcc-arm-none-eabi/bin/../lib/gcc/arm-none-eabi/11.3.1/../../../../arm-none-eabi/lib/thumb/v6-m/nofp/libc.a(libc_a-freer.o)
 .text._malloc_trim_r
                0x0000000000006434       0x9c /home/jaime/CompArchResearch/gcc-arm-none-eabi/bin/../lib/gcc/arm-none-eabi/11.3.1/../../../../arm-none-eabi/lib/thumb/v6-m/nofp/libc.a(libc_a-freer.o)
                0x0000000000006434                _malloc_trim_r
 .text._free_r  0x00000000000064d0      0x1bc /home/jaime/CompArchResearch/gcc-arm-none-eabi/bin/../lib/gcc/arm-none-eabi/11.3.1/../../../../arm-none-eabi/lib/thumb/v6-m/nofp/libc.a(libc_a-freer.o)
                0x00000000000064d0                _free_r
 .text          0x000000000000668c        0x0 /home/jaime/CompArchResearch/gcc-arm-none-eabi/bin/../lib/gcc/arm-none-eabi/11.3.1/../../../../arm-none-eabi/lib/thumb/v6-m/nofp/libc.a(libc_a-strtol.o)
 .text._strtol_l.constprop.0
                0x000000000000668c      0x16c /home/jaime/CompArchResearch/gcc-arm-none-eabi/bin/../lib/gcc/arm-none-eabi/11.3.1/../../../../arm-none-eabi/lib/thumb/v6-m/nofp/libc.a(libc_a-strtol.o)
 .text._strtol_r
                0x00000000000067f8        0x8 /home/jaime/CompArchResearch/gcc-arm-none-eabi/bin/../lib/gcc/arm-none-eabi/11.3.1/../../../../arm-none-eabi/lib/thumb/v6-m/nofp/libc.a(libc_a-strtol.o)
                0x00000000000067f8                _strtol_r
 .text.strtol_l
                0x0000000000006800       0x18 /home/jaime/CompArchResearch/gcc-arm-none-eabi/bin/../lib/gcc/arm-none-eabi/11.3.1/../../../../arm-none-eabi/lib/thumb/v6-m/nofp/libc.a(libc_a-strtol.o)
                0x0000000000006800                strtol_l
 .text.strtol   0x0000000000006818       0x18 /home/jaime/CompArchResearch/gcc-arm-none-eabi/bin/../lib/gcc/arm-none-eabi/11.3.1/../../../../arm-none-eabi/lib/thumb/v6-m/nofp/libc.a(libc_a-strtol.o)
                0x0000000000006818                strtol
 .text          0x0000000000006830        0x0 /home/jaime/CompArchResearch/gcc-arm-none-eabi/bin/../lib/gcc/arm-none-eabi/11.3.1/../../../../arm-none-eabi/lib/thumb/v6-m/nofp/libc.a(libc_a-strncasecmp.o)
 .text.strncasecmp
                0x0000000000006830       0x50 /home/jaime/CompArchResearch/gcc-arm-none-eabi/bin/../lib/gcc/arm-none-eabi/11.3.1/../../../../arm-none-eabi/lib/thumb/v6-m/nofp/libc.a(libc_a-strncasecmp.o)
                0x0000000000006830                strncasecmp
 .text          0x0000000000006880        0x0 /home/jaime/CompArchResearch/gcc-arm-none-eabi/bin/../lib/gcc/arm-none-eabi/11.3.1/../../../../arm-none-eabi/lib/thumb/v6-m/nofp/libc.a(libc_a-getenv_r.o)
 .text._findenv_r
                0x0000000000006880       0x90 /home/jaime/CompArchResearch/gcc-arm-none-eabi/bin/../lib/gcc/arm-none-eabi/11.3.1/../../../../arm-none-eabi/lib/thumb/v6-m/nofp/libc.a(libc_a-getenv_r.o)
                0x0000000000006880                _findenv_r
 .text._getenv_r
                0x0000000000006910       0x10 /home/jaime/CompArchResearch/gcc-arm-none-eabi/bin/../lib/gcc/arm-none-eabi/11.3.1/../../../../arm-none-eabi/lib/thumb/v6-m/nofp/libc.a(libc_a-getenv_r.o)
                0x0000000000006910                _getenv_r
 .text          0x0000000000006920        0x0 /home/jaime/CompArchResearch/gcc-arm-none-eabi/bin/../lib/gcc/arm-none-eabi/11.3.1/../../../../arm-none-eabi/lib/thumb/v6-m/nofp/libc.a(libc_a-strncpy.o)
 .text.strncpy  0x0000000000006920       0x6c /home/jaime/CompArchResearch/gcc-arm-none-eabi/bin/../lib/gcc/arm-none-eabi/11.3.1/../../../../arm-none-eabi/lib/thumb/v6-m/nofp/libc.a(libc_a-strncpy.o)
                0x0000000000006920                strncpy
 .text          0x000000000000698c        0x0 /home/jaime/CompArchResearch/gcc-arm-none-eabi/bin/../lib/gcc/arm-none-eabi/11.3.1/../../../../arm-none-eabi/lib/thumb/v6-m/nofp/libc.a(libc_a-fstatr.o)
 .text._fstat_r
                0x000000000000698c       0x28 /home/jaime/CompArchResearch/gcc-arm-none-eabi/bin/../lib/gcc/arm-none-eabi/11.3.1/../../../../arm-none-eabi/lib/thumb/v6-m/nofp/libc.a(libc_a-fstatr.o)
                0x000000000000698c                _fstat_r
 .text          0x00000000000069b4        0x0 /home/jaime/CompArchResearch/gcc-arm-none-eabi/bin/../lib/gcc/arm-none-eabi/11.3.1/../../../../arm-none-eabi/lib/thumb/v6-m/nofp/libc.a(libc_a-isattyr.o)
 .text._isatty_r
                0x00000000000069b4       0x24 /home/jaime/CompArchResearch/gcc-arm-none-eabi/bin/../lib/gcc/arm-none-eabi/11.3.1/../../../../arm-none-eabi/lib/thumb/v6-m/nofp/libc.a(libc_a-isattyr.o)
                0x00000000000069b4                _isatty_r
 .text          0x00000000000069d8        0x0 /home/jaime/CompArchResearch/gcc-arm-none-eabi/bin/../lib/gcc/arm-none-eabi/11.3.1/../../../../arm-none-eabi/lib/thumb/v6-m/nofp/libc.a(libc_a-stdio.o)
 .text.__sread  0x00000000000069d8       0x28 /home/jaime/CompArchResearch/gcc-arm-none-eabi/bin/../lib/gcc/arm-none-eabi/11.3.1/../../../../arm-none-eabi/lib/thumb/v6-m/nofp/libc.a(libc_a-stdio.o)
                0x00000000000069d8                __sread
 .text.__seofread
                0x0000000000006a00        0x4 /home/jaime/CompArchResearch/gcc-arm-none-eabi/bin/../lib/gcc/arm-none-eabi/11.3.1/../../../../arm-none-eabi/lib/thumb/v6-m/nofp/libc.a(libc_a-stdio.o)
                0x0000000000006a00                __seofread
 .text.__swrite
                0x0000000000006a04       0x40 /home/jaime/CompArchResearch/gcc-arm-none-eabi/bin/../lib/gcc/arm-none-eabi/11.3.1/../../../../arm-none-eabi/lib/thumb/v6-m/nofp/libc.a(libc_a-stdio.o)
                0x0000000000006a04                __swrite
 .text.__sseek  0x0000000000006a44       0x2c /home/jaime/CompArchResearch/gcc-arm-none-eabi/bin/../lib/gcc/arm-none-eabi/11.3.1/../../../../arm-none-eabi/lib/thumb/v6-m/nofp/libc.a(libc_a-stdio.o)
                0x0000000000006a44                __sseek
 .text.__sclose
                0x0000000000006a70        0xc /home/jaime/CompArchResearch/gcc-arm-none-eabi/bin/../lib/gcc/arm-none-eabi/11.3.1/../../../../arm-none-eabi/lib/thumb/v6-m/nofp/libc.a(libc_a-stdio.o)
                0x0000000000006a70                __sclose
 .text          0x0000000000006a7c        0x0 /home/jaime/CompArchResearch/gcc-arm-none-eabi/bin/../lib/gcc/arm-none-eabi/11.3.1/../../../../arm-none-eabi/lib/thumb/v6-m/nofp/libc.a(libc_a-fputwc.o)
 .text.__fputwc
                0x0000000000006a7c       0x98 /home/jaime/CompArchResearch/gcc-arm-none-eabi/bin/../lib/gcc/arm-none-eabi/11.3.1/../../../../arm-none-eabi/lib/thumb/v6-m/nofp/libc.a(libc_a-fputwc.o)
                0x0000000000006a7c                __fputwc
 .text._fputwc_r
                0x0000000000006b14       0x5c /home/jaime/CompArchResearch/gcc-arm-none-eabi/bin/../lib/gcc/arm-none-eabi/11.3.1/../../../../arm-none-eabi/lib/thumb/v6-m/nofp/libc.a(libc_a-fputwc.o)
                0x0000000000006b14                _fputwc_r
 .text.fputwc   0x0000000000006b70       0x74 /home/jaime/CompArchResearch/gcc-arm-none-eabi/bin/../lib/gcc/arm-none-eabi/11.3.1/../../../../arm-none-eabi/lib/thumb/v6-m/nofp/libc.a(libc_a-fputwc.o)
                0x0000000000006b70                fputwc
 .text          0x0000000000006be4        0x0 /home/jaime/CompArchResearch/gcc-arm-none-eabi/bin/../lib/gcc/arm-none-eabi/11.3.1/../../../../arm-none-eabi/lib/thumb/v6-m/nofp/libc.a(libc_a-wctomb_r.o)
 .text._wctomb_r
                0x0000000000006be4       0x10 /home/jaime/CompArchResearch/gcc-arm-none-eabi/bin/../lib/gcc/arm-none-eabi/11.3.1/../../../../arm-none-eabi/lib/thumb/v6-m/nofp/libc.a(libc_a-wctomb_r.o)
                0x0000000000006be4                _wctomb_r
 .text.__ascii_wctomb
                0x0000000000006bf4       0x1c /home/jaime/CompArchResearch/gcc-arm-none-eabi/bin/../lib/gcc/arm-none-eabi/11.3.1/../../../../arm-none-eabi/lib/thumb/v6-m/nofp/libc.a(libc_a-wctomb_r.o)
                0x0000000000006bf4                __ascii_wctomb
 .text.__utf8_wctomb
                0x0000000000006c10       0xb0 /home/jaime/CompArchResearch/gcc-arm-none-eabi/bin/../lib/gcc/arm-none-eabi/11.3.1/../../../../arm-none-eabi/lib/thumb/v6-m/nofp/libc.a(libc_a-wctomb_r.o)
                0x0000000000006c10                __utf8_wctomb
 .text.__sjis_wctomb
                0x0000000000006cc0       0x50 /home/jaime/CompArchResearch/gcc-arm-none-eabi/bin/../lib/gcc/arm-none-eabi/11.3.1/../../../../arm-none-eabi/lib/thumb/v6-m/nofp/libc.a(libc_a-wctomb_r.o)
                0x0000000000006cc0                __sjis_wctomb
 .text.__eucjp_wctomb
                0x0000000000006d10       0x70 /home/jaime/CompArchResearch/gcc-arm-none-eabi/bin/../lib/gcc/arm-none-eabi/11.3.1/../../../../arm-none-eabi/lib/thumb/v6-m/nofp/libc.a(libc_a-wctomb_r.o)
                0x0000000000006d10                __eucjp_wctomb
 .text.__jis_wctomb
                0x0000000000006d80       0x70 /home/jaime/CompArchResearch/gcc-arm-none-eabi/bin/../lib/gcc/arm-none-eabi/11.3.1/../../../../arm-none-eabi/lib/thumb/v6-m/nofp/libc.a(libc_a-wctomb_r.o)
                0x0000000000006d80                __jis_wctomb
 .text          0x0000000000006df0        0x0 /home/jaime/CompArchResearch/gcc-arm-none-eabi/bin/../lib/gcc/arm-none-eabi/11.3.1/../../../../arm-none-eabi/lib/thumb/v6-m/nofp/libc.a(libc_a-sbrkr.o)
 .text._sbrk_r  0x0000000000006df0       0x24 /home/jaime/CompArchResearch/gcc-arm-none-eabi/bin/../lib/gcc/arm-none-eabi/11.3.1/../../../../arm-none-eabi/lib/thumb/v6-m/nofp/libc.a(libc_a-sbrkr.o)
                0x0000000000006df0                _sbrk_r
 .text          0x0000000000006e14        0x0 /home/jaime/CompArchResearch/gcc-arm-none-eabi/bin/../lib/gcc/arm-none-eabi/11.3.1/../../../../arm-none-eabi/lib/thumb/v6-m/nofp/libc.a(libc_a-fvwrite.o)
 .text.__sfvwrite_r
                0x0000000000006e14      0x2f4 /home/jaime/CompArchResearch/gcc-arm-none-eabi/bin/../lib/gcc/arm-none-eabi/11.3.1/../../../../arm-none-eabi/lib/thumb/v6-m/nofp/libc.a(libc_a-fvwrite.o)
                0x0000000000006e14                __sfvwrite_r
 .text          0x0000000000007108        0x0 /home/jaime/CompArchResearch/gcc-arm-none-eabi/bin/../lib/gcc/arm-none-eabi/11.3.1/../../../../arm-none-eabi/lib/thumb/v6-m/nofp/libc.a(libc_a-fwalk.o)
 .text._fwalk_sglue
                0x0000000000007108       0x44 /home/jaime/CompArchResearch/gcc-arm-none-eabi/bin/../lib/gcc/arm-none-eabi/11.3.1/../../../../arm-none-eabi/lib/thumb/v6-m/nofp/libc.a(libc_a-fwalk.o)
                0x0000000000007108                _fwalk_sglue
 .text          0x000000000000714c        0x0 /home/jaime/CompArchResearch/gcc-arm-none-eabi/bin/../lib/gcc/arm-none-eabi/11.3.1/../../../../arm-none-eabi/lib/thumb/v6-m/nofp/libc.a(libc_a-writer.o)
 .text._write_r
                0x000000000000714c       0x28 /home/jaime/CompArchResearch/gcc-arm-none-eabi/bin/../lib/gcc/arm-none-eabi/11.3.1/../../../../arm-none-eabi/lib/thumb/v6-m/nofp/libc.a(libc_a-writer.o)
                0x000000000000714c                _write_r
 .text          0x0000000000007174        0x0 /home/jaime/CompArchResearch/gcc-arm-none-eabi/bin/../lib/gcc/arm-none-eabi/11.3.1/../../../../arm-none-eabi/lib/thumb/v6-m/nofp/libc.a(libc_a-wbuf.o)
 .text.__swbuf_r
                0x0000000000007174       0xc8 /home/jaime/CompArchResearch/gcc-arm-none-eabi/bin/../lib/gcc/arm-none-eabi/11.3.1/../../../../arm-none-eabi/lib/thumb/v6-m/nofp/libc.a(libc_a-wbuf.o)
                0x0000000000007174                __swbuf_r
 .text.__swbuf  0x000000000000723c       0x18 /home/jaime/CompArchResearch/gcc-arm-none-eabi/bin/../lib/gcc/arm-none-eabi/11.3.1/../../../../arm-none-eabi/lib/thumb/v6-m/nofp/libc.a(libc_a-wbuf.o)
                0x000000000000723c                __swbuf
 .text          0x0000000000007254        0x0 /home/jaime/CompArchResearch/gcc-arm-none-eabi/bin/../lib/gcc/arm-none-eabi/11.3.1/../../../../arm-none-eabi/lib/thumb/v6-m/nofp/libc.a(libc_a-mbtowc_r.o)
 .text._mbtowc_r
                0x0000000000007254       0x18 /home/jaime/CompArchResearch/gcc-arm-none-eabi/bin/../lib/gcc/arm-none-eabi/11.3.1/../../../../arm-none-eabi/lib/thumb/v6-m/nofp/libc.a(libc_a-mbtowc_r.o)
                0x0000000000007254                _mbtowc_r
 .text.__ascii_mbtowc
                0x000000000000726c       0x2c /home/jaime/CompArchResearch/gcc-arm-none-eabi/bin/../lib/gcc/arm-none-eabi/11.3.1/../../../../arm-none-eabi/lib/thumb/v6-m/nofp/libc.a(libc_a-mbtowc_r.o)
                0x000000000000726c                __ascii_mbtowc
 .text.__utf8_mbtowc
                0x0000000000007298      0x218 /home/jaime/CompArchResearch/gcc-arm-none-eabi/bin/../lib/gcc/arm-none-eabi/11.3.1/../../../../arm-none-eabi/lib/thumb/v6-m/nofp/libc.a(libc_a-mbtowc_r.o)
                0x0000000000007298                __utf8_mbtowc
 .text.__sjis_mbtowc
                0x00000000000074b0       0x80 /home/jaime/CompArchResearch/gcc-arm-none-eabi/bin/../lib/gcc/arm-none-eabi/11.3.1/../../../../arm-none-eabi/lib/thumb/v6-m/nofp/libc.a(libc_a-mbtowc_r.o)
                0x00000000000074b0                __sjis_mbtowc
 .text.__eucjp_mbtowc
                0x0000000000007530       0xb0 /home/jaime/CompArchResearch/gcc-arm-none-eabi/bin/../lib/gcc/arm-none-eabi/11.3.1/../../../../arm-none-eabi/lib/thumb/v6-m/nofp/libc.a(libc_a-mbtowc_r.o)
                0x0000000000007530                __eucjp_mbtowc
 .text.__jis_mbtowc
                0x00000000000075e0      0x13c /home/jaime/CompArchResearch/gcc-arm-none-eabi/bin/../lib/gcc/arm-none-eabi/11.3.1/../../../../arm-none-eabi/lib/thumb/v6-m/nofp/libc.a(libc_a-mbtowc_r.o)
                0x00000000000075e0                __jis_mbtowc
 .text          0x000000000000771c        0x0 /home/jaime/CompArchResearch/gcc-arm-none-eabi/bin/../lib/gcc/arm-none-eabi/11.3.1/../../../../arm-none-eabi/lib/thumb/v6-m/nofp/libc.a(libc_a-memmove.o)
 .text.memmove  0x000000000000771c       0xac /home/jaime/CompArchResearch/gcc-arm-none-eabi/bin/../lib/gcc/arm-none-eabi/11.3.1/../../../../arm-none-eabi/lib/thumb/v6-m/nofp/libc.a(libc_a-memmove.o)
                0x000000000000771c                memmove
 .text          0x00000000000077c8        0x0 /home/jaime/CompArchResearch/gcc-arm-none-eabi/bin/../lib/gcc/arm-none-eabi/11.3.1/../../../../arm-none-eabi/lib/thumb/v6-m/nofp/libc.a(libc_a-assert.o)
 .text.__assert_func
                0x00000000000077c8       0x40 /home/jaime/CompArchResearch/gcc-arm-none-eabi/bin/../lib/gcc/arm-none-eabi/11.3.1/../../../../arm-none-eabi/lib/thumb/v6-m/nofp/libc.a(libc_a-assert.o)
                0x00000000000077c8                __assert_func
 .text.__assert
                0x0000000000007808        0xc /home/jaime/CompArchResearch/gcc-arm-none-eabi/bin/../lib/gcc/arm-none-eabi/11.3.1/../../../../arm-none-eabi/lib/thumb/v6-m/nofp/libc.a(libc_a-assert.o)
                0x0000000000007808                __assert
 .text          0x0000000000007814        0x0 /home/jaime/CompArchResearch/gcc-arm-none-eabi/bin/../lib/gcc/arm-none-eabi/11.3.1/../../../../arm-none-eabi/lib/thumb/v6-m/nofp/libc.a(libc_a-strcasecmp.o)
 .text.strcasecmp
                0x0000000000007814       0x44 /home/jaime/CompArchResearch/gcc-arm-none-eabi/bin/../lib/gcc/arm-none-eabi/11.3.1/../../../../arm-none-eabi/lib/thumb/v6-m/nofp/libc.a(libc_a-strcasecmp.o)
                0x0000000000007814                strcasecmp
 .text          0x0000000000007858        0x0 /home/jaime/CompArchResearch/gcc-arm-none-eabi/bin/../lib/gcc/arm-none-eabi/11.3.1/../../../../arm-none-eabi/lib/thumb/v6-m/nofp/libc.a(libc_a-strcat.o)
 .text.strcat   0x0000000000007858       0x4c /home/jaime/CompArchResearch/gcc-arm-none-eabi/bin/../lib/gcc/arm-none-eabi/11.3.1/../../../../arm-none-eabi/lib/thumb/v6-m/nofp/libc.a(libc_a-strcat.o)
                0x0000000000007858                strcat
 .text          0x00000000000078a4        0x0 /home/jaime/CompArchResearch/gcc-arm-none-eabi/bin/../lib/gcc/arm-none-eabi/11.3.1/../../../../arm-none-eabi/lib/thumb/v6-m/nofp/libc.a(libc_a-fclose.o)
 .text._fclose_r
                0x00000000000078a4       0xd4 /home/jaime/CompArchResearch/gcc-arm-none-eabi/bin/../lib/gcc/arm-none-eabi/11.3.1/../../../../arm-none-eabi/lib/thumb/v6-m/nofp/libc.a(libc_a-fclose.o)
                0x00000000000078a4                _fclose_r
 .text.fclose   0x0000000000007978       0x14 /home/jaime/CompArchResearch/gcc-arm-none-eabi/bin/../lib/gcc/arm-none-eabi/11.3.1/../../../../arm-none-eabi/lib/thumb/v6-m/nofp/libc.a(libc_a-fclose.o)
                0x0000000000007978                fclose
 .text          0x000000000000798c        0x0 /home/jaime/CompArchResearch/gcc-arm-none-eabi/bin/../lib/gcc/arm-none-eabi/11.3.1/../../../../arm-none-eabi/lib/thumb/v6-m/nofp/libc.a(libc_a-mprec.o)
 .text._Balloc  0x000000000000798c       0x50 /home/jaime/CompArchResearch/gcc-arm-none-eabi/bin/../lib/gcc/arm-none-eabi/11.3.1/../../../../arm-none-eabi/lib/thumb/v6-m/nofp/libc.a(libc_a-mprec.o)
                0x000000000000798c                _Balloc
 .text._Bfree   0x00000000000079dc       0x14 /home/jaime/CompArchResearch/gcc-arm-none-eabi/bin/../lib/gcc/arm-none-eabi/11.3.1/../../../../arm-none-eabi/lib/thumb/v6-m/nofp/libc.a(libc_a-mprec.o)
                0x00000000000079dc                _Bfree
 .text.__multadd
                0x00000000000079f0       0xa8 /home/jaime/CompArchResearch/gcc-arm-none-eabi/bin/../lib/gcc/arm-none-eabi/11.3.1/../../../../arm-none-eabi/lib/thumb/v6-m/nofp/libc.a(libc_a-mprec.o)
                0x00000000000079f0                __multadd
 .text.__s2b    0x0000000000007a98       0xb0 /home/jaime/CompArchResearch/gcc-arm-none-eabi/bin/../lib/gcc/arm-none-eabi/11.3.1/../../../../arm-none-eabi/lib/thumb/v6-m/nofp/libc.a(libc_a-mprec.o)
                0x0000000000007a98                __s2b
 .text.__hi0bits
                0x0000000000007b48       0x38 /home/jaime/CompArchResearch/gcc-arm-none-eabi/bin/../lib/gcc/arm-none-eabi/11.3.1/../../../../arm-none-eabi/lib/thumb/v6-m/nofp/libc.a(libc_a-mprec.o)
                0x0000000000007b48                __hi0bits
 .text.__lo0bits
                0x0000000000007b80       0x5c /home/jaime/CompArchResearch/gcc-arm-none-eabi/bin/../lib/gcc/arm-none-eabi/11.3.1/../../../../arm-none-eabi/lib/thumb/v6-m/nofp/libc.a(libc_a-mprec.o)
                0x0000000000007b80                __lo0bits
 .text.__i2b    0x0000000000007bdc       0x60 /home/jaime/CompArchResearch/gcc-arm-none-eabi/bin/../lib/gcc/arm-none-eabi/11.3.1/../../../../arm-none-eabi/lib/thumb/v6-m/nofp/libc.a(libc_a-mprec.o)
                0x0000000000007bdc                __i2b
 .text.__multiply
                0x0000000000007c3c      0x1a4 /home/jaime/CompArchResearch/gcc-arm-none-eabi/bin/../lib/gcc/arm-none-eabi/11.3.1/../../../../arm-none-eabi/lib/thumb/v6-m/nofp/libc.a(libc_a-mprec.o)
                0x0000000000007c3c                __multiply
 .text.__pow5mult
                0x0000000000007de0       0xd4 /home/jaime/CompArchResearch/gcc-arm-none-eabi/bin/../lib/gcc/arm-none-eabi/11.3.1/../../../../arm-none-eabi/lib/thumb/v6-m/nofp/libc.a(libc_a-mprec.o)
                0x0000000000007de0                __pow5mult
 .text.__lshift
                0x0000000000007eb4      0x100 /home/jaime/CompArchResearch/gcc-arm-none-eabi/bin/../lib/gcc/arm-none-eabi/11.3.1/../../../../arm-none-eabi/lib/thumb/v6-m/nofp/libc.a(libc_a-mprec.o)
                0x0000000000007eb4                __lshift
 .text.__mcmp   0x0000000000007fb4       0x34 /home/jaime/CompArchResearch/gcc-arm-none-eabi/bin/../lib/gcc/arm-none-eabi/11.3.1/../../../../arm-none-eabi/lib/thumb/v6-m/nofp/libc.a(libc_a-mprec.o)
                0x0000000000007fb4                __mcmp
 .text.__mdiff  0x0000000000007fe8      0x194 /home/jaime/CompArchResearch/gcc-arm-none-eabi/bin/../lib/gcc/arm-none-eabi/11.3.1/../../../../arm-none-eabi/lib/thumb/v6-m/nofp/libc.a(libc_a-mprec.o)
                0x0000000000007fe8                __mdiff
 .text.__ulp    0x000000000000817c       0x3c /home/jaime/CompArchResearch/gcc-arm-none-eabi/bin/../lib/gcc/arm-none-eabi/11.3.1/../../../../arm-none-eabi/lib/thumb/v6-m/nofp/libc.a(libc_a-mprec.o)
                0x000000000000817c                __ulp
 .text.__b2d    0x00000000000081b8       0xc0 /home/jaime/CompArchResearch/gcc-arm-none-eabi/bin/../lib/gcc/arm-none-eabi/11.3.1/../../../../arm-none-eabi/lib/thumb/v6-m/nofp/libc.a(libc_a-mprec.o)
                0x00000000000081b8                __b2d
 .text.__d2b    0x0000000000008278       0xd0 /home/jaime/CompArchResearch/gcc-arm-none-eabi/bin/../lib/gcc/arm-none-eabi/11.3.1/../../../../arm-none-eabi/lib/thumb/v6-m/nofp/libc.a(libc_a-mprec.o)
                0x0000000000008278                __d2b
 .text.__ratio  0x0000000000008348       0x68 /home/jaime/CompArchResearch/gcc-arm-none-eabi/bin/../lib/gcc/arm-none-eabi/11.3.1/../../../../arm-none-eabi/lib/thumb/v6-m/nofp/libc.a(libc_a-mprec.o)
                0x0000000000008348                __ratio
 .text._mprec_log10
                0x00000000000083b0       0x34 /home/jaime/CompArchResearch/gcc-arm-none-eabi/bin/../lib/gcc/arm-none-eabi/11.3.1/../../../../arm-none-eabi/lib/thumb/v6-m/nofp/libc.a(libc_a-mprec.o)
                0x00000000000083b0                _mprec_log10
 .text.__copybits
                0x00000000000083e4       0x40 /home/jaime/CompArchResearch/gcc-arm-none-eabi/bin/../lib/gcc/arm-none-eabi/11.3.1/../../../../arm-none-eabi/lib/thumb/v6-m/nofp/libc.a(libc_a-mprec.o)
                0x00000000000083e4                __copybits
 .text.__any_on
                0x0000000000008424       0x50 /home/jaime/CompArchResearch/gcc-arm-none-eabi/bin/../lib/gcc/arm-none-eabi/11.3.1/../../../../arm-none-eabi/lib/thumb/v6-m/nofp/libc.a(libc_a-mprec.o)
                0x0000000000008424                __any_on
 .text          0x0000000000008474        0x0 /home/jaime/CompArchResearch/gcc-arm-none-eabi/bin/../lib/gcc/arm-none-eabi/11.3.1/../../../../arm-none-eabi/lib/thumb/v6-m/nofp/libc.a(libc_a-wcsnrtombs.o)
 .text._wcsnrtombs_l
                0x0000000000008474      0x108 /home/jaime/CompArchResearch/gcc-arm-none-eabi/bin/../lib/gcc/arm-none-eabi/11.3.1/../../../../arm-none-eabi/lib/thumb/v6-m/nofp/libc.a(libc_a-wcsnrtombs.o)
                0x0000000000008474                _wcsnrtombs_l
 .text._wcsnrtombs_r
                0x000000000000857c       0x24 /home/jaime/CompArchResearch/gcc-arm-none-eabi/bin/../lib/gcc/arm-none-eabi/11.3.1/../../../../arm-none-eabi/lib/thumb/v6-m/nofp/libc.a(libc_a-wcsnrtombs.o)
                0x000000000000857c                _wcsnrtombs_r
 .text.wcsnrtombs
                0x00000000000085a0       0x2c /home/jaime/CompArchResearch/gcc-arm-none-eabi/bin/../lib/gcc/arm-none-eabi/11.3.1/../../../../arm-none-eabi/lib/thumb/v6-m/nofp/libc.a(libc_a-wcsnrtombs.o)
                0x00000000000085a0                wcsnrtombs
 .text          0x00000000000085cc        0x0 /home/jaime/CompArchResearch/gcc-arm-none-eabi/bin/../lib/gcc/arm-none-eabi/11.3.1/../../../../arm-none-eabi/lib/thumb/v6-m/nofp/libc.a(libc_a-closer.o)
 .text._close_r
                0x00000000000085cc       0x24 /home/jaime/CompArchResearch/gcc-arm-none-eabi/bin/../lib/gcc/arm-none-eabi/11.3.1/../../../../arm-none-eabi/lib/thumb/v6-m/nofp/libc.a(libc_a-closer.o)
                0x00000000000085cc                _close_r
 .text          0x00000000000085f0        0x0 /home/jaime/CompArchResearch/gcc-arm-none-eabi/bin/../lib/gcc/arm-none-eabi/11.3.1/../../../../arm-none-eabi/lib/thumb/v6-m/nofp/libc.a(libc_a-reent.o)
 .text._reclaim_reent
                0x00000000000085f0       0x60 /home/jaime/CompArchResearch/gcc-arm-none-eabi/bin/../lib/gcc/arm-none-eabi/11.3.1/../../../../arm-none-eabi/lib/thumb/v6-m/nofp/libc.a(libc_a-reent.o)
                0x00000000000085f0                _reclaim_reent
 .text          0x0000000000008650        0x0 /home/jaime/CompArchResearch/gcc-arm-none-eabi/bin/../lib/gcc/arm-none-eabi/11.3.1/../../../../arm-none-eabi/lib/thumb/v6-m/nofp/libc.a(libc_a-environ.o)
 .text          0x0000000000008650        0x0 /home/jaime/CompArchResearch/gcc-arm-none-eabi/bin/../lib/gcc/arm-none-eabi/11.3.1/../../../../arm-none-eabi/lib/thumb/v6-m/nofp/libc.a(libc_a-reallocr.o)
 .text._realloc_r
                0x0000000000008650      0x368 /home/jaime/CompArchResearch/gcc-arm-none-eabi/bin/../lib/gcc/arm-none-eabi/11.3.1/../../../../arm-none-eabi/lib/thumb/v6-m/nofp/libc.a(libc_a-reallocr.o)
                0x0000000000008650                _realloc_r
 .text          0x00000000000089b8        0x0 /home/jaime/CompArchResearch/gcc-arm-none-eabi/bin/../lib/gcc/arm-none-eabi/11.3.1/../../../../arm-none-eabi/lib/thumb/v6-m/nofp/libc.a(libc_a-envlock.o)
 .text.__env_lock
                0x00000000000089b8       0x10 /home/jaime/CompArchResearch/gcc-arm-none-eabi/bin/../lib/gcc/arm-none-eabi/11.3.1/../../../../arm-none-eabi/lib/thumb/v6-m/nofp/libc.a(libc_a-envlock.o)
                0x00000000000089b8                __env_lock
 .text.__env_unlock
                0x00000000000089c8       0x10 /home/jaime/CompArchResearch/gcc-arm-none-eabi/bin/../lib/gcc/arm-none-eabi/11.3.1/../../../../arm-none-eabi/lib/thumb/v6-m/nofp/libc.a(libc_a-envlock.o)
                0x00000000000089c8                __env_unlock
 .text          0x00000000000089d8        0x0 /home/jaime/CompArchResearch/gcc-arm-none-eabi/bin/../lib/gcc/arm-none-eabi/11.3.1/../../../../arm-none-eabi/lib/thumb/v6-m/nofp/libc.a(libc_a-strncmp.o)
 .text.strncmp  0x00000000000089d8       0x74 /home/jaime/CompArchResearch/gcc-arm-none-eabi/bin/../lib/gcc/arm-none-eabi/11.3.1/../../../../arm-none-eabi/lib/thumb/v6-m/nofp/libc.a(libc_a-strncmp.o)
                0x00000000000089d8                strncmp
 .text          0x0000000000008a4c        0x0 /home/jaime/CompArchResearch/gcc-arm-none-eabi/bin/../lib/gcc/arm-none-eabi/11.3.1/../../../../arm-none-eabi/lib/thumb/v6-m/nofp/libc.a(libc_a-lseekr.o)
 .text._lseek_r
                0x0000000000008a4c       0x28 /home/jaime/CompArchResearch/gcc-arm-none-eabi/bin/../lib/gcc/arm-none-eabi/11.3.1/../../../../arm-none-eabi/lib/thumb/v6-m/nofp/libc.a(libc_a-lseekr.o)
                0x0000000000008a4c                _lseek_r
 .text          0x0000000000008a74        0x0 /home/jaime/CompArchResearch/gcc-arm-none-eabi/bin/../lib/gcc/arm-none-eabi/11.3.1/../../../../arm-none-eabi/lib/thumb/v6-m/nofp/libc.a(libc_a-readr.o)
 .text._read_r  0x0000000000008a74       0x28 /home/jaime/CompArchResearch/gcc-arm-none-eabi/bin/../lib/gcc/arm-none-eabi/11.3.1/../../../../arm-none-eabi/lib/thumb/v6-m/nofp/libc.a(libc_a-readr.o)
                0x0000000000008a74                _read_r
 .text          0x0000000000008a9c        0x0 /home/jaime/CompArchResearch/gcc-arm-none-eabi/bin/../lib/gcc/arm-none-eabi/11.3.1/../../../../arm-none-eabi/lib/thumb/v6-m/nofp/libc.a(libc_a-fiprintf.o)
 .text._fiprintf_r
                0x0000000000008a9c       0x18 /home/jaime/CompArchResearch/gcc-arm-none-eabi/bin/../lib/gcc/arm-none-eabi/11.3.1/../../../../arm-none-eabi/lib/thumb/v6-m/nofp/libc.a(libc_a-fiprintf.o)
                0x0000000000008a9c                _fiprintf_r
 .text.fiprintf
                0x0000000000008ab4       0x24 /home/jaime/CompArchResearch/gcc-arm-none-eabi/bin/../lib/gcc/arm-none-eabi/11.3.1/../../../../arm-none-eabi/lib/thumb/v6-m/nofp/libc.a(libc_a-fiprintf.o)
                0x0000000000008ab4                fiprintf
 .text          0x0000000000008ad8        0x0 /home/jaime/CompArchResearch/gcc-arm-none-eabi/bin/../lib/gcc/arm-none-eabi/11.3.1/../../../../arm-none-eabi/lib/thumb/v6-m/nofp/libc.a(libc_a-abort.o)
 .text.abort    0x0000000000008ad8       0x10 /home/jaime/CompArchResearch/gcc-arm-none-eabi/bin/../lib/gcc/arm-none-eabi/11.3.1/../../../../arm-none-eabi/lib/thumb/v6-m/nofp/libc.a(libc_a-abort.o)
                0x0000000000008ad8                abort
 .text          0x0000000000008ae8        0x0 /home/jaime/CompArchResearch/gcc-arm-none-eabi/bin/../lib/gcc/arm-none-eabi/11.3.1/../../../../arm-none-eabi/lib/thumb/v6-m/nofp/libc.a(libc_a-signal.o)
 .text._init_signal_r
                0x0000000000008ae8       0x34 /home/jaime/CompArchResearch/gcc-arm-none-eabi/bin/../lib/gcc/arm-none-eabi/11.3.1/../../../../arm-none-eabi/lib/thumb/v6-m/nofp/libc.a(libc_a-signal.o)
                0x0000000000008ae8                _init_signal_r
 .text._signal_r
                0x0000000000008b1c       0x4c /home/jaime/CompArchResearch/gcc-arm-none-eabi/bin/../lib/gcc/arm-none-eabi/11.3.1/../../../../arm-none-eabi/lib/thumb/v6-m/nofp/libc.a(libc_a-signal.o)
                0x0000000000008b1c                _signal_r
 .text._raise_r
                0x0000000000008b68       0x5c /home/jaime/CompArchResearch/gcc-arm-none-eabi/bin/../lib/gcc/arm-none-eabi/11.3.1/../../../../arm-none-eabi/lib/thumb/v6-m/nofp/libc.a(libc_a-signal.o)
                0x0000000000008b68                _raise_r
 .text.__sigtramp_r
                0x0000000000008bc4       0x60 /home/jaime/CompArchResearch/gcc-arm-none-eabi/bin/../lib/gcc/arm-none-eabi/11.3.1/../../../../arm-none-eabi/lib/thumb/v6-m/nofp/libc.a(libc_a-signal.o)
                0x0000000000008bc4                __sigtramp_r
 .text.raise    0x0000000000008c24       0x60 /home/jaime/CompArchResearch/gcc-arm-none-eabi/bin/../lib/gcc/arm-none-eabi/11.3.1/../../../../arm-none-eabi/lib/thumb/v6-m/nofp/libc.a(libc_a-signal.o)
                0x0000000000008c24                raise
 .text.signal   0x0000000000008c84       0x54 /home/jaime/CompArchResearch/gcc-arm-none-eabi/bin/../lib/gcc/arm-none-eabi/11.3.1/../../../../arm-none-eabi/lib/thumb/v6-m/nofp/libc.a(libc_a-signal.o)
                0x0000000000008c84                signal
 .text._init_signal
                0x0000000000008cd8       0x3c /home/jaime/CompArchResearch/gcc-arm-none-eabi/bin/../lib/gcc/arm-none-eabi/11.3.1/../../../../arm-none-eabi/lib/thumb/v6-m/nofp/libc.a(libc_a-signal.o)
                0x0000000000008cd8                _init_signal
 .text.__sigtramp
                0x0000000000008d14       0x68 /home/jaime/CompArchResearch/gcc-arm-none-eabi/bin/../lib/gcc/arm-none-eabi/11.3.1/../../../../arm-none-eabi/lib/thumb/v6-m/nofp/libc.a(libc_a-signal.o)
                0x0000000000008d14                __sigtramp
 .text          0x0000000000008d7c        0x0 /home/jaime/CompArchResearch/gcc-arm-none-eabi/bin/../lib/gcc/arm-none-eabi/11.3.1/../../../../arm-none-eabi/lib/thumb/v6-m/nofp/libc.a(libc_a-signalr.o)
 .text._kill_r  0x0000000000008d7c       0x28 /home/jaime/CompArchResearch/gcc-arm-none-eabi/bin/../lib/gcc/arm-none-eabi/11.3.1/../../../../arm-none-eabi/lib/thumb/v6-m/nofp/libc.a(libc_a-signalr.o)
                0x0000000000008d7c                _kill_r
 .text._getpid_r
                0x0000000000008da4        0x8 /home/jaime/CompArchResearch/gcc-arm-none-eabi/bin/../lib/gcc/arm-none-eabi/11.3.1/../../../../arm-none-eabi/lib/thumb/v6-m/nofp/libc.a(libc_a-signalr.o)
                0x0000000000008da4                _getpid_r
 .text          0x0000000000008dac        0x0 /home/jaime/CompArchResearch/gcc-arm-none-eabi/bin/../lib/gcc/arm-none-eabi/11.3.1/../../../../arm-none-eabi/lib/thumb/v6-m/nofp/libm.a(libm_a-s_floor.o)
 .text.floor    0x0000000000008dac      0x12c /home/jaime/CompArchResearch/gcc-arm-none-eabi/bin/../lib/gcc/arm-none-eabi/11.3.1/../../../../arm-none-eabi/lib/thumb/v6-m/nofp/libm.a(libm_a-s_floor.o)
                0x0000000000008dac                floor
 .text          0x0000000000008ed8      0x114 /home/jaime/CompArchResearch/gcc-arm-none-eabi/bin/../lib/gcc/arm-none-eabi/11.3.1/thumb/v6-m/nofp/libgcc.a(_udivsi3.o)
                0x0000000000008ed8                __udivsi3
                0x0000000000008ed8                __aeabi_uidiv
                0x0000000000008fe4                __aeabi_uidivmod
 .text          0x0000000000008fec      0x1d4 /home/jaime/CompArchResearch/gcc-arm-none-eabi/bin/../lib/gcc/arm-none-eabi/11.3.1/thumb/v6-m/nofp/libgcc.a(_divsi3.o)
                0x0000000000008fec                __aeabi_idiv
                0x0000000000008fec                __divsi3
                0x00000000000091b8                __aeabi_idivmod
 .text          0x00000000000091c0        0x4 /home/jaime/CompArchResearch/gcc-arm-none-eabi/bin/../lib/gcc/arm-none-eabi/11.3.1/thumb/v6-m/nofp/libgcc.a(_dvmd_tls.o)
                0x00000000000091c0                __aeabi_ldiv0
                0x00000000000091c0                __aeabi_idiv0
 .text          0x00000000000091c4       0x7c /home/jaime/CompArchResearch/gcc-arm-none-eabi/bin/../lib/gcc/arm-none-eabi/11.3.1/thumb/v6-m/nofp/libgcc.a(_arm_cmpdf2.o)
                0x00000000000091c4                __aeabi_cdrcmple
                0x00000000000091d4                __aeabi_cdcmple
                0x00000000000091d4                __aeabi_cdcmpeq
                0x00000000000091e4                __aeabi_dcmpeq
                0x00000000000091f0                __aeabi_dcmplt
                0x0000000000009204                __aeabi_dcmple
                0x0000000000009218                __aeabi_dcmpgt
                0x000000000000922c                __aeabi_dcmpge
 .text          0x0000000000009240       0x40 /home/jaime/CompArchResearch/gcc-arm-none-eabi/bin/../lib/gcc/arm-none-eabi/11.3.1/thumb/v6-m/nofp/libgcc.a(_aeabi_uldivmod.o)
                0x0000000000009240                __aeabi_uldivmod
 .text          0x0000000000009280        0x0 /home/jaime/CompArchResearch/gcc-arm-none-eabi/bin/../lib/gcc/arm-none-eabi/11.3.1/thumb/v6-m/nofp/libgcc.a(_udivmoddi4.o)
 .text.__udivmoddi4
                0x0000000000009280      0x198 /home/jaime/CompArchResearch/gcc-arm-none-eabi/bin/../lib/gcc/arm-none-eabi/11.3.1/thumb/v6-m/nofp/libgcc.a(_udivmoddi4.o)
                0x0000000000009280                __udivmoddi4
 .text          0x0000000000009418        0x0 /home/jaime/CompArchResearch/gcc-arm-none-eabi/bin/../lib/gcc/arm-none-eabi/11.3.1/thumb/v6-m/nofp/libgcc.a(addsf3.o)
 .text.__aeabi_fadd
                0x0000000000009418      0x340 /home/jaime/CompArchResearch/gcc-arm-none-eabi/bin/../lib/gcc/arm-none-eabi/11.3.1/thumb/v6-m/nofp/libgcc.a(addsf3.o)
                0x0000000000009418                __aeabi_fadd
 .text          0x0000000000009758        0x0 /home/jaime/CompArchResearch/gcc-arm-none-eabi/bin/../lib/gcc/arm-none-eabi/11.3.1/thumb/v6-m/nofp/libgcc.a(mulsf3.o)
 .text.__aeabi_fmul
                0x0000000000009758      0x29c /home/jaime/CompArchResearch/gcc-arm-none-eabi/bin/../lib/gcc/arm-none-eabi/11.3.1/thumb/v6-m/nofp/libgcc.a(mulsf3.o)
                0x0000000000009758                __aeabi_fmul
 .text          0x00000000000099f4        0x0 /home/jaime/CompArchResearch/gcc-arm-none-eabi/bin/../lib/gcc/arm-none-eabi/11.3.1/thumb/v6-m/nofp/libgcc.a(subsf3.o)
 .text.__aeabi_fsub
                0x00000000000099f4      0x340 /home/jaime/CompArchResearch/gcc-arm-none-eabi/bin/../lib/gcc/arm-none-eabi/11.3.1/thumb/v6-m/nofp/libgcc.a(subsf3.o)
                0x00000000000099f4                __aeabi_fsub
 .text          0x0000000000009d34        0x0 /home/jaime/CompArchResearch/gcc-arm-none-eabi/bin/../lib/gcc/arm-none-eabi/11.3.1/thumb/v6-m/nofp/libgcc.a(fixsfsi.o)
 .text.__aeabi_f2iz
                0x0000000000009d34       0x40 /home/jaime/CompArchResearch/gcc-arm-none-eabi/bin/../lib/gcc/arm-none-eabi/11.3.1/thumb/v6-m/nofp/libgcc.a(fixsfsi.o)
                0x0000000000009d34                __aeabi_f2iz
 .text          0x0000000000009d74        0x0 /home/jaime/CompArchResearch/gcc-arm-none-eabi/bin/../lib/gcc/arm-none-eabi/11.3.1/thumb/v6-m/nofp/libgcc.a(floatsisf.o)
 .text.__aeabi_i2f
                0x0000000000009d74       0xa4 /home/jaime/CompArchResearch/gcc-arm-none-eabi/bin/../lib/gcc/arm-none-eabi/11.3.1/thumb/v6-m/nofp/libgcc.a(floatsisf.o)
                0x0000000000009d74                __aeabi_i2f
 .text          0x0000000000009e18        0x0 /home/jaime/CompArchResearch/gcc-arm-none-eabi/bin/../lib/gcc/arm-none-eabi/11.3.1/thumb/v6-m/nofp/libgcc.a(adddf3.o)
 .text.__aeabi_dadd
                0x0000000000009e18      0x6c0 /home/jaime/CompArchResearch/gcc-arm-none-eabi/bin/../lib/gcc/arm-none-eabi/11.3.1/thumb/v6-m/nofp/libgcc.a(adddf3.o)
                0x0000000000009e18                __aeabi_dadd
 .text          0x000000000000a4d8        0x0 /home/jaime/CompArchResearch/gcc-arm-none-eabi/bin/../lib/gcc/arm-none-eabi/11.3.1/thumb/v6-m/nofp/libgcc.a(divdf3.o)
 .text.__aeabi_ddiv
                0x000000000000a4d8      0x5dc /home/jaime/CompArchResearch/gcc-arm-none-eabi/bin/../lib/gcc/arm-none-eabi/11.3.1/thumb/v6-m/nofp/libgcc.a(divdf3.o)
                0x000000000000a4d8                __aeabi_ddiv
 .text          0x000000000000aab4        0x0 /home/jaime/CompArchResearch/gcc-arm-none-eabi/bin/../lib/gcc/arm-none-eabi/11.3.1/thumb/v6-m/nofp/libgcc.a(eqdf2.o)
 .text.__eqdf2  0x000000000000aab4       0x84 /home/jaime/CompArchResearch/gcc-arm-none-eabi/bin/../lib/gcc/arm-none-eabi/11.3.1/thumb/v6-m/nofp/libgcc.a(eqdf2.o)
                0x000000000000aab4                __eqdf2
                0x000000000000aab4                __nedf2
 .text          0x000000000000ab38        0x0 /home/jaime/CompArchResearch/gcc-arm-none-eabi/bin/../lib/gcc/arm-none-eabi/11.3.1/thumb/v6-m/nofp/libgcc.a(gedf2.o)
 .text.__gedf2  0x000000000000ab38       0xcc /home/jaime/CompArchResearch/gcc-arm-none-eabi/bin/../lib/gcc/arm-none-eabi/11.3.1/thumb/v6-m/nofp/libgcc.a(gedf2.o)
                0x000000000000ab38                __gtdf2
                0x000000000000ab38                __gedf2
 .text          0x000000000000ac04        0x0 /home/jaime/CompArchResearch/gcc-arm-none-eabi/bin/../lib/gcc/arm-none-eabi/11.3.1/thumb/v6-m/nofp/libgcc.a(ledf2.o)
 .text.__ledf2  0x000000000000ac04       0xc8 /home/jaime/CompArchResearch/gcc-arm-none-eabi/bin/../lib/gcc/arm-none-eabi/11.3.1/thumb/v6-m/nofp/libgcc.a(ledf2.o)
                0x000000000000ac04                __ltdf2
                0x000000000000ac04                __ledf2
 .text          0x000000000000accc        0x0 /home/jaime/CompArchResearch/gcc-arm-none-eabi/bin/../lib/gcc/arm-none-eabi/11.3.1/thumb/v6-m/nofp/libgcc.a(muldf3.o)
 .text.__aeabi_dmul
                0x000000000000accc      0x584 /home/jaime/CompArchResearch/gcc-arm-none-eabi/bin/../lib/gcc/arm-none-eabi/11.3.1/thumb/v6-m/nofp/libgcc.a(muldf3.o)
                0x000000000000accc                __aeabi_dmul
 .text          0x000000000000b250        0x0 /home/jaime/CompArchResearch/gcc-arm-none-eabi/bin/../lib/gcc/arm-none-eabi/11.3.1/thumb/v6-m/nofp/libgcc.a(subdf3.o)
 .text.__aeabi_dsub
                0x000000000000b250      0x704 /home/jaime/CompArchResearch/gcc-arm-none-eabi/bin/../lib/gcc/arm-none-eabi/11.3.1/thumb/v6-m/nofp/libgcc.a(subdf3.o)
                0x000000000000b250                __aeabi_dsub
 .text          0x000000000000b954        0x0 /home/jaime/CompArchResearch/gcc-arm-none-eabi/bin/../lib/gcc/arm-none-eabi/11.3.1/thumb/v6-m/nofp/libgcc.a(unorddf2.o)
 .text.__aeabi_dcmpun
                0x000000000000b954       0x3c /home/jaime/CompArchResearch/gcc-arm-none-eabi/bin/../lib/gcc/arm-none-eabi/11.3.1/thumb/v6-m/nofp/libgcc.a(unorddf2.o)
                0x000000000000b954                __aeabi_dcmpun
 .text          0x000000000000b990        0x0 /home/jaime/CompArchResearch/gcc-arm-none-eabi/bin/../lib/gcc/arm-none-eabi/11.3.1/thumb/v6-m/nofp/libgcc.a(fixdfsi.o)
 .text.__aeabi_d2iz
                0x000000000000b990       0x6c /home/jaime/CompArchResearch/gcc-arm-none-eabi/bin/../lib/gcc/arm-none-eabi/11.3.1/thumb/v6-m/nofp/libgcc.a(fixdfsi.o)
                0x000000000000b990                __aeabi_d2iz
 .text          0x000000000000b9fc        0x0 /home/jaime/CompArchResearch/gcc-arm-none-eabi/bin/../lib/gcc/arm-none-eabi/11.3.1/thumb/v6-m/nofp/libgcc.a(floatsidf.o)
 .text.__aeabi_i2d
                0x000000000000b9fc       0x60 /home/jaime/CompArchResearch/gcc-arm-none-eabi/bin/../lib/gcc/arm-none-eabi/11.3.1/thumb/v6-m/nofp/libgcc.a(floatsidf.o)
                0x000000000000b9fc                __aeabi_i2d
 .text          0x000000000000ba5c        0x0 /home/jaime/CompArchResearch/gcc-arm-none-eabi/bin/../lib/gcc/arm-none-eabi/11.3.1/thumb/v6-m/nofp/libgcc.a(floatunsidf.o)
 .text.__aeabi_ui2d
                0x000000000000ba5c       0x4c /home/jaime/CompArchResearch/gcc-arm-none-eabi/bin/../lib/gcc/arm-none-eabi/11.3.1/thumb/v6-m/nofp/libgcc.a(floatunsidf.o)
                0x000000000000ba5c                __aeabi_ui2d
 .text          0x000000000000baa8        0x0 /home/jaime/CompArchResearch/gcc-arm-none-eabi/bin/../lib/gcc/arm-none-eabi/11.3.1/thumb/v6-m/nofp/libgcc.a(extendsfdf2.o)
 .text.__aeabi_f2d
                0x000000000000baa8       0x90 /home/jaime/CompArchResearch/gcc-arm-none-eabi/bin/../lib/gcc/arm-none-eabi/11.3.1/thumb/v6-m/nofp/libgcc.a(extendsfdf2.o)
                0x000000000000baa8                __aeabi_f2d
 .text          0x000000000000bb38        0x0 /home/jaime/CompArchResearch/gcc-arm-none-eabi/bin/../lib/gcc/arm-none-eabi/11.3.1/thumb/v6-m/nofp/libgcc.a(truncdfsf2.o)
 .text.__aeabi_d2f
                0x000000000000bb38      0x10c /home/jaime/CompArchResearch/gcc-arm-none-eabi/bin/../lib/gcc/arm-none-eabi/11.3.1/thumb/v6-m/nofp/libgcc.a(truncdfsf2.o)
                0x000000000000bb38                __aeabi_d2f
 .text          0x000000000000bc44       0x3c /home/jaime/CompArchResearch/gcc-arm-none-eabi/bin/../lib/gcc/arm-none-eabi/11.3.1/thumb/v6-m/nofp/libgcc.a(_clzsi2.o)
                0x000000000000bc44                __clzsi2
 .text          0x000000000000bc80       0x18 /home/jaime/CompArchResearch/gcc-arm-none-eabi/bin/../lib/gcc/arm-none-eabi/11.3.1/thumb/v6-m/nofp/libgcc.a(_clzdi2.o)
                0x000000000000bc80                __clzdi2
 .text          0x000000000000bc98        0x0 /home/jaime/CompArchResearch/gcc-arm-none-eabi/bin/../lib/gcc/arm-none-eabi/11.3.1/../../../../arm-none-eabi/lib/thumb/v6-m/nofp/libnosys.a(close.o)
 .text._close   0x000000000000bc98       0x10 /home/jaime/CompArchResearch/gcc-arm-none-eabi/bin/../lib/gcc/arm-none-eabi/11.3.1/../../../../arm-none-eabi/lib/thumb/v6-m/nofp/libnosys.a(close.o)
                0x000000000000bc98                _close
 .text          0x000000000000bca8        0x0 /home/jaime/CompArchResearch/gcc-arm-none-eabi/bin/../lib/gcc/arm-none-eabi/11.3.1/../../../../arm-none-eabi/lib/thumb/v6-m/nofp/libnosys.a(fstat.o)
 .text._fstat   0x000000000000bca8       0x10 /home/jaime/CompArchResearch/gcc-arm-none-eabi/bin/../lib/gcc/arm-none-eabi/11.3.1/../../../../arm-none-eabi/lib/thumb/v6-m/nofp/libnosys.a(fstat.o)
                0x000000000000bca8                _fstat
 .text          0x000000000000bcb8        0x0 /home/jaime/CompArchResearch/gcc-arm-none-eabi/bin/../lib/gcc/arm-none-eabi/11.3.1/../../../../arm-none-eabi/lib/thumb/v6-m/nofp/libnosys.a(getpid.o)
 .text._getpid  0x000000000000bcb8       0x10 /home/jaime/CompArchResearch/gcc-arm-none-eabi/bin/../lib/gcc/arm-none-eabi/11.3.1/../../../../arm-none-eabi/lib/thumb/v6-m/nofp/libnosys.a(getpid.o)
                0x000000000000bcb8                _getpid
 .text          0x000000000000bcc8        0x0 /home/jaime/CompArchResearch/gcc-arm-none-eabi/bin/../lib/gcc/arm-none-eabi/11.3.1/../../../../arm-none-eabi/lib/thumb/v6-m/nofp/libnosys.a(isatty.o)
 .text._isatty  0x000000000000bcc8       0x10 /home/jaime/CompArchResearch/gcc-arm-none-eabi/bin/../lib/gcc/arm-none-eabi/11.3.1/../../../../arm-none-eabi/lib/thumb/v6-m/nofp/libnosys.a(isatty.o)
                0x000000000000bcc8                _isatty
 .text          0x000000000000bcd8        0x0 /home/jaime/CompArchResearch/gcc-arm-none-eabi/bin/../lib/gcc/arm-none-eabi/11.3.1/../../../../arm-none-eabi/lib/thumb/v6-m/nofp/libnosys.a(kill.o)
 .text._kill    0x000000000000bcd8       0x10 /home/jaime/CompArchResearch/gcc-arm-none-eabi/bin/../lib/gcc/arm-none-eabi/11.3.1/../../../../arm-none-eabi/lib/thumb/v6-m/nofp/libnosys.a(kill.o)
                0x000000000000bcd8                _kill
 .text          0x000000000000bce8        0x0 /home/jaime/CompArchResearch/gcc-arm-none-eabi/bin/../lib/gcc/arm-none-eabi/11.3.1/../../../../arm-none-eabi/lib/thumb/v6-m/nofp/libnosys.a(lseek.o)
 .text._lseek   0x000000000000bce8       0x10 /home/jaime/CompArchResearch/gcc-arm-none-eabi/bin/../lib/gcc/arm-none-eabi/11.3.1/../../../../arm-none-eabi/lib/thumb/v6-m/nofp/libnosys.a(lseek.o)
                0x000000000000bce8                _lseek
 .text          0x000000000000bcf8        0x0 /home/jaime/CompArchResearch/gcc-arm-none-eabi/bin/../lib/gcc/arm-none-eabi/11.3.1/../../../../arm-none-eabi/lib/thumb/v6-m/nofp/libnosys.a(read.o)
 .text._read    0x000000000000bcf8       0x10 /home/jaime/CompArchResearch/gcc-arm-none-eabi/bin/../lib/gcc/arm-none-eabi/11.3.1/../../../../arm-none-eabi/lib/thumb/v6-m/nofp/libnosys.a(read.o)
                0x000000000000bcf8                _read
 .text          0x000000000000bd08        0x0 /home/jaime/CompArchResearch/gcc-arm-none-eabi/bin/../lib/gcc/arm-none-eabi/11.3.1/../../../../arm-none-eabi/lib/thumb/v6-m/nofp/libnosys.a(sbrk.o)
 .text._sbrk    0x000000000000bd08       0x1c /home/jaime/CompArchResearch/gcc-arm-none-eabi/bin/../lib/gcc/arm-none-eabi/11.3.1/../../../../arm-none-eabi/lib/thumb/v6-m/nofp/libnosys.a(sbrk.o)
                0x000000000000bd08                _sbrk
 .text          0x000000000000bd24        0x0 /home/jaime/CompArchResearch/gcc-arm-none-eabi/bin/../lib/gcc/arm-none-eabi/11.3.1/../../../../arm-none-eabi/lib/thumb/v6-m/nofp/libnosys.a(write.o)
 .text._write   0x000000000000bd24       0x10 /home/jaime/CompArchResearch/gcc-arm-none-eabi/bin/../lib/gcc/arm-none-eabi/11.3.1/../../../../arm-none-eabi/lib/thumb/v6-m/nofp/libnosys.a(write.o)
                0x000000000000bd24                _write
 .text          0x000000000000bd34        0x0 /home/jaime/CompArchResearch/gcc-arm-none-eabi/bin/../lib/gcc/arm-none-eabi/11.3.1/../../../../arm-none-eabi/lib/thumb/v6-m/nofp/libnosys.a(_exit.o)
 .text._exit    0x000000000000bd34        0x4 /home/jaime/CompArchResearch/gcc-arm-none-eabi/bin/../lib/gcc/arm-none-eabi/11.3.1/../../../../arm-none-eabi/lib/thumb/v6-m/nofp/libnosys.a(_exit.o)
                0x000000000000bd34                _exit

.rodata.str1.4  0x000000000000bd38       0x64
 .rodata.str1.4
                0x000000000000bd38       0x1b main.o
 *fill*         0x000000000000bd53        0x1 
 .rodata.str1.4
                0x000000000000bd54       0x48 /home/jaime/CompArchResearch/gcc-arm-none-eabi/bin/../lib/gcc/arm-none-eabi/11.3.1/../../../../arm-none-eabi/lib/thumb/v6-m/nofp/libc.a(libc_a-locale.o)
                                         0x4c (size before relaxing)

.rodata._vfprintf_r.str1.4
                0x000000000000bd9c       0x42
 .rodata._vfprintf_r.str1.4
                0x000000000000bd9c       0x42 /home/jaime/CompArchResearch/gcc-arm-none-eabi/bin/../lib/gcc/arm-none-eabi/11.3.1/../../../../arm-none-eabi/lib/thumb/v6-m/nofp/libc.a(libc_a-vfprintf.o)

.rodata._vfprintf_r
                0x000000000000bde0      0x204
 .rodata._vfprintf_r
                0x000000000000bde0      0x204 /home/jaime/CompArchResearch/gcc-arm-none-eabi/bin/../lib/gcc/arm-none-eabi/11.3.1/../../../../arm-none-eabi/lib/thumb/v6-m/nofp/libc.a(libc_a-vfprintf.o)

.rodata.blanks.1
                0x000000000000bfe4       0x20
 .rodata.blanks.1
                0x000000000000bfe4       0x10 /home/jaime/CompArchResearch/gcc-arm-none-eabi/bin/../lib/gcc/arm-none-eabi/11.3.1/../../../../arm-none-eabi/lib/thumb/v6-m/nofp/libc.a(libc_a-vfprintf.o)
 .rodata.blanks.1
                0x000000000000bff4       0x10 /home/jaime/CompArchResearch/gcc-arm-none-eabi/bin/../lib/gcc/arm-none-eabi/11.3.1/../../../../arm-none-eabi/lib/thumb/v6-m/nofp/libc.a(libc_a-vfiprintf.o)

.rodata.zeroes.0
                0x000000000000c004       0x20
 .rodata.zeroes.0
                0x000000000000c004       0x10 /home/jaime/CompArchResearch/gcc-arm-none-eabi/bin/../lib/gcc/arm-none-eabi/11.3.1/../../../../arm-none-eabi/lib/thumb/v6-m/nofp/libc.a(libc_a-vfprintf.o)
 .rodata.zeroes.0
                0x000000000000c014       0x10 /home/jaime/CompArchResearch/gcc-arm-none-eabi/bin/../lib/gcc/arm-none-eabi/11.3.1/../../../../arm-none-eabi/lib/thumb/v6-m/nofp/libc.a(libc_a-vfiprintf.o)

.rodata._vfiprintf_r.str1.4
                0x000000000000c024       0x2f
 .rodata._vfiprintf_r.str1.4
                0x000000000000c024       0x2f /home/jaime/CompArchResearch/gcc-arm-none-eabi/bin/../lib/gcc/arm-none-eabi/11.3.1/../../../../arm-none-eabi/lib/thumb/v6-m/nofp/libc.a(libc_a-vfiprintf.o)

.rodata._vfiprintf_r
                0x000000000000c054      0x16c
 .rodata._vfiprintf_r
                0x000000000000c054      0x16c /home/jaime/CompArchResearch/gcc-arm-none-eabi/bin/../lib/gcc/arm-none-eabi/11.3.1/../../../../arm-none-eabi/lib/thumb/v6-m/nofp/libc.a(libc_a-vfiprintf.o)

.rodata.currentlocale.str1.4
                0x000000000000c1c0        0x2
 .rodata.currentlocale.str1.4
                0x000000000000c1c0        0x2 /home/jaime/CompArchResearch/gcc-arm-none-eabi/bin/../lib/gcc/arm-none-eabi/11.3.1/../../../../arm-none-eabi/lib/thumb/v6-m/nofp/libc.a(libc_a-locale.o)

.rodata.__loadlocale.str1.4
                0x000000000000c1c4       0xd6
 .rodata.__loadlocale.str1.4
                0x000000000000c1c4       0xd6 /home/jaime/CompArchResearch/gcc-arm-none-eabi/bin/../lib/gcc/arm-none-eabi/11.3.1/../../../../arm-none-eabi/lib/thumb/v6-m/nofp/libc.a(libc_a-locale.o)

.rodata.__loadlocale
                0x000000000000c29c       0xd4
 .rodata.__loadlocale
                0x000000000000c29c       0xd4 /home/jaime/CompArchResearch/gcc-arm-none-eabi/bin/../lib/gcc/arm-none-eabi/11.3.1/../../../../arm-none-eabi/lib/thumb/v6-m/nofp/libc.a(libc_a-locale.o)

.rodata.__get_locale_env.str1.4
                0x000000000000c370        0xd
 .rodata.__get_locale_env.str1.4
                0x000000000000c370        0xd /home/jaime/CompArchResearch/gcc-arm-none-eabi/bin/../lib/gcc/arm-none-eabi/11.3.1/../../../../arm-none-eabi/lib/thumb/v6-m/nofp/libc.a(libc_a-locale.o)

.rodata.__C_locale
                0x000000000000c380      0x16c
 .rodata.__C_locale
                0x000000000000c380      0x16c /home/jaime/CompArchResearch/gcc-arm-none-eabi/bin/../lib/gcc/arm-none-eabi/11.3.1/../../../../arm-none-eabi/lib/thumb/v6-m/nofp/libc.a(libc_a-locale.o)
                0x000000000000c380                __C_locale

.rodata.categories
                0x000000000000c4ec       0x1c
 .rodata.categories
                0x000000000000c4ec       0x1c /home/jaime/CompArchResearch/gcc-arm-none-eabi/bin/../lib/gcc/arm-none-eabi/11.3.1/../../../../arm-none-eabi/lib/thumb/v6-m/nofp/libc.a(libc_a-locale.o)

.rodata._dtoa_r.str1.4
                0x000000000000c508       0x81
 .rodata._dtoa_r.str1.4
                0x000000000000c508       0x81 /home/jaime/CompArchResearch/gcc-arm-none-eabi/bin/../lib/gcc/arm-none-eabi/11.3.1/../../../../arm-none-eabi/lib/thumb/v6-m/nofp/libc.a(libc_a-dtoa.o)

.rodata._ctype_
                0x000000000000c58c      0x101
 .rodata._ctype_
                0x000000000000c58c      0x101 /home/jaime/CompArchResearch/gcc-arm-none-eabi/bin/../lib/gcc/arm-none-eabi/11.3.1/../../../../arm-none-eabi/lib/thumb/v6-m/nofp/libc.a(libc_a-ctype_.o)
                0x000000000000c58c                _ctype_

.rodata.__jis_mbtowc
                0x000000000000c690       0xd8
 .rodata.__jis_mbtowc
                0x000000000000c690       0xd8 /home/jaime/CompArchResearch/gcc-arm-none-eabi/bin/../lib/gcc/arm-none-eabi/11.3.1/../../../../arm-none-eabi/lib/thumb/v6-m/nofp/libc.a(libc_a-mbtowc_r.o)

.rodata.JIS_action_table
                0x000000000000c768       0x48
 .rodata.JIS_action_table
                0x000000000000c768       0x48 /home/jaime/CompArchResearch/gcc-arm-none-eabi/bin/../lib/gcc/arm-none-eabi/11.3.1/../../../../arm-none-eabi/lib/thumb/v6-m/nofp/libc.a(libc_a-mbtowc_r.o)

.rodata.JIS_state_table
                0x000000000000c7b0       0x48
 .rodata.JIS_state_table
                0x000000000000c7b0       0x48 /home/jaime/CompArchResearch/gcc-arm-none-eabi/bin/../lib/gcc/arm-none-eabi/11.3.1/../../../../arm-none-eabi/lib/thumb/v6-m/nofp/libc.a(libc_a-mbtowc_r.o)

.rodata.__assert_func.str1.4
                0x000000000000c7f8       0x3f
 .rodata.__assert_func.str1.4
                0x000000000000c7f8       0x3f /home/jaime/CompArchResearch/gcc-arm-none-eabi/bin/../lib/gcc/arm-none-eabi/11.3.1/../../../../arm-none-eabi/lib/thumb/v6-m/nofp/libc.a(libc_a-assert.o)
                                         0x43 (size before relaxing)

.rodata.__multadd.str1.4
                0x000000000000c838       0x6e
 .rodata.__multadd.str1.4
                0x000000000000c838       0x6e /home/jaime/CompArchResearch/gcc-arm-none-eabi/bin/../lib/gcc/arm-none-eabi/11.3.1/../../../../arm-none-eabi/lib/thumb/v6-m/nofp/libc.a(libc_a-mprec.o)

.rodata.__mprec_bigtens
                0x000000000000c8a8       0x28
 .rodata.__mprec_bigtens
                0x000000000000c8a8       0x28 /home/jaime/CompArchResearch/gcc-arm-none-eabi/bin/../lib/gcc/arm-none-eabi/11.3.1/../../../../arm-none-eabi/lib/thumb/v6-m/nofp/libc.a(libc_a-mprec.o)
                0x000000000000c8a8                __mprec_bigtens

.rodata.__mprec_tens
                0x000000000000c8d0       0xc8
 .rodata.__mprec_tens
                0x000000000000c8d0       0xc8 /home/jaime/CompArchResearch/gcc-arm-none-eabi/bin/../lib/gcc/arm-none-eabi/11.3.1/../../../../arm-none-eabi/lib/thumb/v6-m/nofp/libc.a(libc_a-mprec.o)
                0x000000000000c8d0                __mprec_tens

.rodata.__mprec_tinytens
                0x000000000000c998       0x28
 .rodata.__mprec_tinytens
                0x000000000000c998       0x28 /home/jaime/CompArchResearch/gcc-arm-none-eabi/bin/../lib/gcc/arm-none-eabi/11.3.1/../../../../arm-none-eabi/lib/thumb/v6-m/nofp/libc.a(libc_a-mprec.o)
                0x000000000000c998                __mprec_tinytens

.rodata.p05.0   0x000000000000c9c0        0xc
 .rodata.p05.0  0x000000000000c9c0        0xc /home/jaime/CompArchResearch/gcc-arm-none-eabi/bin/../lib/gcc/arm-none-eabi/11.3.1/../../../../arm-none-eabi/lib/thumb/v6-m/nofp/libc.a(libc_a-mprec.o)

.ARM.extab.text.__udivmoddi4
                0x000000000000c9cc        0x0
 .ARM.extab.text.__udivmoddi4
                0x000000000000c9cc        0x0 /home/jaime/CompArchResearch/gcc-arm-none-eabi/bin/../lib/gcc/arm-none-eabi/11.3.1/thumb/v6-m/nofp/libgcc.a(_udivmoddi4.o)

.ARM.exidx.text.__udivmoddi4
                0x000000000000c9cc        0x8
 .ARM.exidx.text.__udivmoddi4
                0x000000000000c9cc        0x8 /home/jaime/CompArchResearch/gcc-arm-none-eabi/bin/../lib/gcc/arm-none-eabi/11.3.1/thumb/v6-m/nofp/libgcc.a(_udivmoddi4.o)

.rodata.__aeabi_ddiv
                0x000000000000c9d4       0x40
 .rodata.__aeabi_ddiv
                0x000000000000c9d4       0x40 /home/jaime/CompArchResearch/gcc-arm-none-eabi/bin/../lib/gcc/arm-none-eabi/11.3.1/thumb/v6-m/nofp/libgcc.a(divdf3.o)

.data           0x000000000000ca18   0x200008
 .data          0x000000000000ca18        0x0 vectors.o
 .data          0x000000000000ca18        0x0 putget.o
 .data          0x000000000000ca18        0x0 supportFuncs.o
 .data          0x000000000000ca18        0x0 LED.o
 .data          0x000000000000ca18        0x8 timer.o
 .data          0x000000000000ca20        0x0 wami_lucas_kanade.o
 .data          0x000000000000ca20        0x0 interpolate.o
 .data          0x000000000000ca20   0x200000 main.o
                0x000000000000ca20                dy
                0x000000000010ca20                dx
 .data          0x000000000020ca20        0x0 /home/jaime/CompArchResearch/gcc-arm-none-eabi/bin/../lib/gcc/arm-none-eabi/11.3.1/../../../../arm-none-eabi/lib/thumb/v6-m/nofp/libc.a(libc_a-fprintf.o)
 .data          0x000000000020ca20        0x0 /home/jaime/CompArchResearch/gcc-arm-none-eabi/bin/../lib/gcc/arm-none-eabi/11.3.1/../../../../arm-none-eabi/lib/thumb/v6-m/nofp/libc.a(libc_a-vfprintf.o)
 .data          0x000000000020ca20        0x0 /home/jaime/CompArchResearch/gcc-arm-none-eabi/bin/../lib/gcc/arm-none-eabi/11.3.1/../../../../arm-none-eabi/lib/thumb/v6-m/nofp/libc.a(libc_a-vfiprintf.o)
 .data          0x000000000020ca20        0x0 /home/jaime/CompArchResearch/gcc-arm-none-eabi/bin/../lib/gcc/arm-none-eabi/11.3.1/../../../../arm-none-eabi/lib/thumb/v6-m/nofp/libc.a(libc_a-malloc.o)
 .data          0x000000000020ca20        0x0 /home/jaime/CompArchResearch/gcc-arm-none-eabi/bin/../lib/gcc/arm-none-eabi/11.3.1/../../../../arm-none-eabi/lib/thumb/v6-m/nofp/libc.a(libc_a-mallocr.o)
 .data          0x000000000020ca20        0x0 /home/jaime/CompArchResearch/gcc-arm-none-eabi/bin/../lib/gcc/arm-none-eabi/11.3.1/../../../../arm-none-eabi/lib/thumb/v6-m/nofp/libc.a(libc_a-memset.o)
 .data          0x000000000020ca20        0x0 /home/jaime/CompArchResearch/gcc-arm-none-eabi/bin/../lib/gcc/arm-none-eabi/11.3.1/../../../../arm-none-eabi/lib/thumb/v6-m/nofp/libc.a(libc_a-wcrtomb.o)
 .data          0x000000000020ca20        0x0 /home/jaime/CompArchResearch/gcc-arm-none-eabi/bin/../lib/gcc/arm-none-eabi/11.3.1/../../../../arm-none-eabi/lib/thumb/v6-m/nofp/libc.a(libc_a-lock.o)
 .data          0x000000000020ca20        0x0 /home/jaime/CompArchResearch/gcc-arm-none-eabi/bin/../lib/gcc/arm-none-eabi/11.3.1/../../../../arm-none-eabi/lib/thumb/v6-m/nofp/libc.a(libc_a-locale.o)
 .data          0x000000000020ca20        0x0 /home/jaime/CompArchResearch/gcc-arm-none-eabi/bin/../lib/gcc/arm-none-eabi/11.3.1/../../../../arm-none-eabi/lib/thumb/v6-m/nofp/libc.a(libc_a-localeconv.o)
 .data          0x000000000020ca20        0x0 /home/jaime/CompArchResearch/gcc-arm-none-eabi/bin/../lib/gcc/arm-none-eabi/11.3.1/../../../../arm-none-eabi/lib/thumb/v6-m/nofp/libc.a(libc_a-strcmp.o)
 .data          0x000000000020ca20        0x0 /home/jaime/CompArchResearch/gcc-arm-none-eabi/bin/../lib/gcc/arm-none-eabi/11.3.1/../../../../arm-none-eabi/lib/thumb/v6-m/nofp/libc.a(libc_a-wsetup.o)
 .data          0x000000000020ca20        0x0 /home/jaime/CompArchResearch/gcc-arm-none-eabi/bin/../lib/gcc/arm-none-eabi/11.3.1/../../../../arm-none-eabi/lib/thumb/v6-m/nofp/libc.a(libc_a-makebuf.o)
 .data          0x000000000020ca20        0x0 /home/jaime/CompArchResearch/gcc-arm-none-eabi/bin/../lib/gcc/arm-none-eabi/11.3.1/../../../../arm-none-eabi/lib/thumb/v6-m/nofp/libc.a(libc_a-strcpy.o)
 .data          0x000000000020ca20        0x0 /home/jaime/CompArchResearch/gcc-arm-none-eabi/bin/../lib/gcc/arm-none-eabi/11.3.1/../../../../arm-none-eabi/lib/thumb/v6-m/nofp/libc.a(libc_a-mlock.o)
 .data          0x000000000020ca20        0x0 /home/jaime/CompArchResearch/gcc-arm-none-eabi/bin/../lib/gcc/arm-none-eabi/11.3.1/../../../../arm-none-eabi/lib/thumb/v6-m/nofp/libc.a(libc_a-strchr.o)
 .data          0x000000000020ca20        0x0 /home/jaime/CompArchResearch/gcc-arm-none-eabi/bin/../lib/gcc/arm-none-eabi/11.3.1/../../../../arm-none-eabi/lib/thumb/v6-m/nofp/libc.a(libc_a-calloc.o)
 .data          0x000000000020ca20        0x0 /home/jaime/CompArchResearch/gcc-arm-none-eabi/bin/../lib/gcc/arm-none-eabi/11.3.1/../../../../arm-none-eabi/lib/thumb/v6-m/nofp/libc.a(libc_a-callocr.o)
 .data          0x000000000020ca20        0x0 /home/jaime/CompArchResearch/gcc-arm-none-eabi/bin/../lib/gcc/arm-none-eabi/11.3.1/../../../../arm-none-eabi/lib/thumb/v6-m/nofp/libc.a(libc_a-wcsrtombs.o)
 .data          0x000000000020ca20        0x0 /home/jaime/CompArchResearch/gcc-arm-none-eabi/bin/../lib/gcc/arm-none-eabi/11.3.1/../../../../arm-none-eabi/lib/thumb/v6-m/nofp/libc.a(libc_a-dtoa.o)
 .data          0x000000000020ca20        0x0 /home/jaime/CompArchResearch/gcc-arm-none-eabi/bin/../lib/gcc/arm-none-eabi/11.3.1/../../../../arm-none-eabi/lib/thumb/v6-m/nofp/libc.a(libc_a-ctype_.o)
 .data          0x000000000020ca20        0x0 /home/jaime/CompArchResearch/gcc-arm-none-eabi/bin/../lib/gcc/arm-none-eabi/11.3.1/../../../../arm-none-eabi/lib/thumb/v6-m/nofp/libc.a(libc_a-fflush.o)
 .data          0x000000000020ca20        0x0 /home/jaime/CompArchResearch/gcc-arm-none-eabi/bin/../lib/gcc/arm-none-eabi/11.3.1/../../../../arm-none-eabi/lib/thumb/v6-m/nofp/libc.a(libc_a-impure.o)
 .data          0x000000000020ca20        0x0 /home/jaime/CompArchResearch/gcc-arm-none-eabi/bin/../lib/gcc/arm-none-eabi/11.3.1/../../../../arm-none-eabi/lib/thumb/v6-m/nofp/libc.a(libc_a-findfp.o)
 .data          0x000000000020ca20        0x0 /home/jaime/CompArchResearch/gcc-arm-none-eabi/bin/../lib/gcc/arm-none-eabi/11.3.1/../../../../arm-none-eabi/lib/thumb/v6-m/nofp/libc.a(libc_a-memchr-stub.o)
 .data          0x000000000020ca20        0x0 /home/jaime/CompArchResearch/gcc-arm-none-eabi/bin/../lib/gcc/arm-none-eabi/11.3.1/../../../../arm-none-eabi/lib/thumb/v6-m/nofp/libc.a(libc_a-memcpy-stub.o)
 .data          0x000000000020ca20        0x0 /home/jaime/CompArchResearch/gcc-arm-none-eabi/bin/../lib/gcc/arm-none-eabi/11.3.1/../../../../arm-none-eabi/lib/thumb/v6-m/nofp/libc.a(libc_a-strlen-stub.o)
 .data          0x000000000020ca20        0x0 /home/jaime/CompArchResearch/gcc-arm-none-eabi/bin/../lib/gcc/arm-none-eabi/11.3.1/../../../../arm-none-eabi/lib/thumb/v6-m/nofp/libc.a(libm_a-s_frexp.o)
 .data          0x000000000020ca20        0x0 /home/jaime/CompArchResearch/gcc-arm-none-eabi/bin/../lib/gcc/arm-none-eabi/11.3.1/../../../../arm-none-eabi/lib/thumb/v6-m/nofp/libc.a(libc_a-strlcpy.o)
 .data          0x000000000020ca20        0x0 /home/jaime/CompArchResearch/gcc-arm-none-eabi/bin/../lib/gcc/arm-none-eabi/11.3.1/../../../../arm-none-eabi/lib/thumb/v6-m/nofp/libc.a(libc_a-freer.o)
 .data          0x000000000020ca20        0x0 /home/jaime/CompArchResearch/gcc-arm-none-eabi/bin/../lib/gcc/arm-none-eabi/11.3.1/../../../../arm-none-eabi/lib/thumb/v6-m/nofp/libc.a(libc_a-strtol.o)
 .data          0x000000000020ca20        0x0 /home/jaime/CompArchResearch/gcc-arm-none-eabi/bin/../lib/gcc/arm-none-eabi/11.3.1/../../../../arm-none-eabi/lib/thumb/v6-m/nofp/libc.a(libc_a-strncasecmp.o)
 .data          0x000000000020ca20        0x0 /home/jaime/CompArchResearch/gcc-arm-none-eabi/bin/../lib/gcc/arm-none-eabi/11.3.1/../../../../arm-none-eabi/lib/thumb/v6-m/nofp/libc.a(libc_a-getenv_r.o)
 .data          0x000000000020ca20        0x0 /home/jaime/CompArchResearch/gcc-arm-none-eabi/bin/../lib/gcc/arm-none-eabi/11.3.1/../../../../arm-none-eabi/lib/thumb/v6-m/nofp/libc.a(libc_a-strncpy.o)
 .data          0x000000000020ca20        0x0 /home/jaime/CompArchResearch/gcc-arm-none-eabi/bin/../lib/gcc/arm-none-eabi/11.3.1/../../../../arm-none-eabi/lib/thumb/v6-m/nofp/libc.a(libc_a-fstatr.o)
 .data          0x000000000020ca20        0x0 /home/jaime/CompArchResearch/gcc-arm-none-eabi/bin/../lib/gcc/arm-none-eabi/11.3.1/../../../../arm-none-eabi/lib/thumb/v6-m/nofp/libc.a(libc_a-isattyr.o)
 .data          0x000000000020ca20        0x0 /home/jaime/CompArchResearch/gcc-arm-none-eabi/bin/../lib/gcc/arm-none-eabi/11.3.1/../../../../arm-none-eabi/lib/thumb/v6-m/nofp/libc.a(libc_a-stdio.o)
 .data          0x000000000020ca20        0x0 /home/jaime/CompArchResearch/gcc-arm-none-eabi/bin/../lib/gcc/arm-none-eabi/11.3.1/../../../../arm-none-eabi/lib/thumb/v6-m/nofp/libc.a(libc_a-fputwc.o)
 .data          0x000000000020ca20        0x0 /home/jaime/CompArchResearch/gcc-arm-none-eabi/bin/../lib/gcc/arm-none-eabi/11.3.1/../../../../arm-none-eabi/lib/thumb/v6-m/nofp/libc.a(libc_a-wctomb_r.o)
 .data          0x000000000020ca20        0x0 /home/jaime/CompArchResearch/gcc-arm-none-eabi/bin/../lib/gcc/arm-none-eabi/11.3.1/../../../../arm-none-eabi/lib/thumb/v6-m/nofp/libc.a(libc_a-sbrkr.o)
 .data          0x000000000020ca20        0x0 /home/jaime/CompArchResearch/gcc-arm-none-eabi/bin/../lib/gcc/arm-none-eabi/11.3.1/../../../../arm-none-eabi/lib/thumb/v6-m/nofp/libc.a(libc_a-fvwrite.o)
 .data          0x000000000020ca20        0x0 /home/jaime/CompArchResearch/gcc-arm-none-eabi/bin/../lib/gcc/arm-none-eabi/11.3.1/../../../../arm-none-eabi/lib/thumb/v6-m/nofp/libc.a(libc_a-fwalk.o)
 .data          0x000000000020ca20        0x0 /home/jaime/CompArchResearch/gcc-arm-none-eabi/bin/../lib/gcc/arm-none-eabi/11.3.1/../../../../arm-none-eabi/lib/thumb/v6-m/nofp/libc.a(libc_a-writer.o)
 .data          0x000000000020ca20        0x0 /home/jaime/CompArchResearch/gcc-arm-none-eabi/bin/../lib/gcc/arm-none-eabi/11.3.1/../../../../arm-none-eabi/lib/thumb/v6-m/nofp/libc.a(libc_a-wbuf.o)
 .data          0x000000000020ca20        0x0 /home/jaime/CompArchResearch/gcc-arm-none-eabi/bin/../lib/gcc/arm-none-eabi/11.3.1/../../../../arm-none-eabi/lib/thumb/v6-m/nofp/libc.a(libc_a-mbtowc_r.o)
 .data          0x000000000020ca20        0x0 /home/jaime/CompArchResearch/gcc-arm-none-eabi/bin/../lib/gcc/arm-none-eabi/11.3.1/../../../../arm-none-eabi/lib/thumb/v6-m/nofp/libc.a(libc_a-memmove.o)
 .data          0x000000000020ca20        0x0 /home/jaime/CompArchResearch/gcc-arm-none-eabi/bin/../lib/gcc/arm-none-eabi/11.3.1/../../../../arm-none-eabi/lib/thumb/v6-m/nofp/libc.a(libc_a-assert.o)
 .data          0x000000000020ca20        0x0 /home/jaime/CompArchResearch/gcc-arm-none-eabi/bin/../lib/gcc/arm-none-eabi/11.3.1/../../../../arm-none-eabi/lib/thumb/v6-m/nofp/libc.a(libc_a-strcasecmp.o)
 .data          0x000000000020ca20        0x0 /home/jaime/CompArchResearch/gcc-arm-none-eabi/bin/../lib/gcc/arm-none-eabi/11.3.1/../../../../arm-none-eabi/lib/thumb/v6-m/nofp/libc.a(libc_a-strcat.o)
 .data          0x000000000020ca20        0x0 /home/jaime/CompArchResearch/gcc-arm-none-eabi/bin/../lib/gcc/arm-none-eabi/11.3.1/../../../../arm-none-eabi/lib/thumb/v6-m/nofp/libc.a(libc_a-fclose.o)
 .data          0x000000000020ca20        0x0 /home/jaime/CompArchResearch/gcc-arm-none-eabi/bin/../lib/gcc/arm-none-eabi/11.3.1/../../../../arm-none-eabi/lib/thumb/v6-m/nofp/libc.a(libc_a-mprec.o)
 .data          0x000000000020ca20        0x0 /home/jaime/CompArchResearch/gcc-arm-none-eabi/bin/../lib/gcc/arm-none-eabi/11.3.1/../../../../arm-none-eabi/lib/thumb/v6-m/nofp/libc.a(libc_a-wcsnrtombs.o)
 .data          0x000000000020ca20        0x0 /home/jaime/CompArchResearch/gcc-arm-none-eabi/bin/../lib/gcc/arm-none-eabi/11.3.1/../../../../arm-none-eabi/lib/thumb/v6-m/nofp/libc.a(libc_a-closer.o)
 .data          0x000000000020ca20        0x0 /home/jaime/CompArchResearch/gcc-arm-none-eabi/bin/../lib/gcc/arm-none-eabi/11.3.1/../../../../arm-none-eabi/lib/thumb/v6-m/nofp/libc.a(libc_a-reent.o)