Archive member included to satisfy reference by file (symbol)

/home/abso/gcc-arm-none-eabi-6-2017-q2-update-linux/gcc-arm-none-eabi-6-2017-q2-update/bin/../lib/gcc/arm-none-eabi/6.3.1/../../../../arm-none-eabi/lib/thumb/v6-m/libc.a(lib_a-calloc.o)
                              dwt.o (calloc)
/home/abso/gcc-arm-none-eabi-6-2017-q2-update-linux/gcc-arm-none-eabi-6-2017-q2-update/bin/../lib/gcc/arm-none-eabi/6.3.1/../../../../arm-none-eabi/lib/thumb/v6-m/libc.a(lib_a-callocr.o)
                              /home/abso/gcc-arm-none-eabi-6-2017-q2-update-linux/gcc-arm-none-eabi-6-2017-q2-update/bin/../lib/gcc/arm-none-eabi/6.3.1/../../../../arm-none-eabi/lib/thumb/v6-m/libc.a(lib_a-calloc.o) (_calloc_r)
/home/abso/gcc-arm-none-eabi-6-2017-q2-update-linux/gcc-arm-none-eabi-6-2017-q2-update/bin/../lib/gcc/arm-none-eabi/6.3.1/../../../../arm-none-eabi/lib/thumb/v6-m/libc.a(lib_a-impure.o)
                              /home/abso/gcc-arm-none-eabi-6-2017-q2-update-linux/gcc-arm-none-eabi-6-2017-q2-update/bin/../lib/gcc/arm-none-eabi/6.3.1/../../../../arm-none-eabi/lib/thumb/v6-m/libc.a(lib_a-calloc.o) (_impure_ptr)
/home/abso/gcc-arm-none-eabi-6-2017-q2-update-linux/gcc-arm-none-eabi-6-2017-q2-update/bin/../lib/gcc/arm-none-eabi/6.3.1/../../../../arm-none-eabi/lib/thumb/v6-m/libc.a(lib_a-malloc.o)
                              dwt.o (free)
/home/abso/gcc-arm-none-eabi-6-2017-q2-update-linux/gcc-arm-none-eabi-6-2017-q2-update/bin/../lib/gcc/arm-none-eabi/6.3.1/../../../../arm-none-eabi/lib/thumb/v6-m/libc.a(lib_a-mallocr.o)
                              /home/abso/gcc-arm-none-eabi-6-2017-q2-update-linux/gcc-arm-none-eabi-6-2017-q2-update/bin/../lib/gcc/arm-none-eabi/6.3.1/../../../../arm-none-eabi/lib/thumb/v6-m/libc.a(lib_a-callocr.o) (_malloc_r)
/home/abso/gcc-arm-none-eabi-6-2017-q2-update-linux/gcc-arm-none-eabi-6-2017-q2-update/bin/../lib/gcc/arm-none-eabi/6.3.1/../../../../arm-none-eabi/lib/thumb/v6-m/libc.a(lib_a-memcpy-stub.o)
                              main.o (memcpy)
/home/abso/gcc-arm-none-eabi-6-2017-q2-update-linux/gcc-arm-none-eabi-6-2017-q2-update/bin/../lib/gcc/arm-none-eabi/6.3.1/../../../../arm-none-eabi/lib/thumb/v6-m/libc.a(lib_a-memset.o)
                              /home/abso/gcc-arm-none-eabi-6-2017-q2-update-linux/gcc-arm-none-eabi-6-2017-q2-update/bin/../lib/gcc/arm-none-eabi/6.3.1/../../../../arm-none-eabi/lib/thumb/v6-m/libc.a(lib_a-callocr.o) (memset)
/home/abso/gcc-arm-none-eabi-6-2017-q2-update-linux/gcc-arm-none-eabi-6-2017-q2-update/bin/../lib/gcc/arm-none-eabi/6.3.1/../../../../arm-none-eabi/lib/thumb/v6-m/libc.a(lib_a-mlock.o)
                              /home/abso/gcc-arm-none-eabi-6-2017-q2-update-linux/gcc-arm-none-eabi-6-2017-q2-update/bin/../lib/gcc/arm-none-eabi/6.3.1/../../../../arm-none-eabi/lib/thumb/v6-m/libc.a(lib_a-mallocr.o) (__malloc_lock)
/home/abso/gcc-arm-none-eabi-6-2017-q2-update-linux/gcc-arm-none-eabi-6-2017-q2-update/bin/../lib/gcc/arm-none-eabi/6.3.1/../../../../arm-none-eabi/lib/thumb/v6-m/libc.a(lib_a-sbrkr.o)
                              /home/abso/gcc-arm-none-eabi-6-2017-q2-update-linux/gcc-arm-none-eabi-6-2017-q2-update/bin/../lib/gcc/arm-none-eabi/6.3.1/../../../../arm-none-eabi/lib/thumb/v6-m/libc.a(lib_a-mallocr.o) (_sbrk_r)
/home/abso/gcc-arm-none-eabi-6-2017-q2-update-linux/gcc-arm-none-eabi-6-2017-q2-update/bin/../lib/gcc/arm-none-eabi/6.3.1/../../../../arm-none-eabi/lib/thumb/v6-m/libc.a(lib_a-freer.o)
                              /home/abso/gcc-arm-none-eabi-6-2017-q2-update-linux/gcc-arm-none-eabi-6-2017-q2-update/bin/../lib/gcc/arm-none-eabi/6.3.1/../../../../arm-none-eabi/lib/thumb/v6-m/libc.a(lib_a-malloc.o) (_free_r)
/home/abso/gcc-arm-none-eabi-6-2017-q2-update-linux/gcc-arm-none-eabi-6-2017-q2-update/bin/../lib/gcc/arm-none-eabi/6.3.1/../../../../arm-none-eabi/lib/thumb/v6-m/libc.a(lib_a-lock.o)
                              /home/abso/gcc-arm-none-eabi-6-2017-q2-update-linux/gcc-arm-none-eabi-6-2017-q2-update/bin/../lib/gcc/arm-none-eabi/6.3.1/../../../../arm-none-eabi/lib/thumb/v6-m/libc.a(lib_a-mlock.o) (__retarget_lock_acquire_recursive)
/home/abso/gcc-arm-none-eabi-6-2017-q2-update-linux/gcc-arm-none-eabi-6-2017-q2-update/bin/../lib/gcc/arm-none-eabi/6.3.1/../../../../arm-none-eabi/lib/thumb/v6-m/libc.a(lib_a-reent.o)
                              /home/abso/gcc-arm-none-eabi-6-2017-q2-update-linux/gcc-arm-none-eabi-6-2017-q2-update/bin/../lib/gcc/arm-none-eabi/6.3.1/../../../../arm-none-eabi/lib/thumb/v6-m/libc.a(lib_a-sbrkr.o) (errno)
/home/abso/gcc-arm-none-eabi-6-2017-q2-update-linux/gcc-arm-none-eabi-6-2017-q2-update/bin/../lib/gcc/arm-none-eabi/6.3.1/thumb/v6-m/libgcc.a(muldf3.o)
                              dwt.o (__aeabi_dmul)
/home/abso/gcc-arm-none-eabi-6-2017-q2-update-linux/gcc-arm-none-eabi-6-2017-q2-update/bin/../lib/gcc/arm-none-eabi/6.3.1/thumb/v6-m/libgcc.a(subdf3.o)
                              timer.o (__aeabi_dsub)
/home/abso/gcc-arm-none-eabi-6-2017-q2-update-linux/gcc-arm-none-eabi-6-2017-q2-update/bin/../lib/gcc/arm-none-eabi/6.3.1/thumb/v6-m/libgcc.a(fixdfsi.o)
                              dwt.o (__aeabi_d2iz)
/home/abso/gcc-arm-none-eabi-6-2017-q2-update-linux/gcc-arm-none-eabi-6-2017-q2-update/bin/../lib/gcc/arm-none-eabi/6.3.1/thumb/v6-m/libgcc.a(floatsidf.o)
                              dwt.o (__aeabi_i2d)
/home/abso/gcc-arm-none-eabi-6-2017-q2-update-linux/gcc-arm-none-eabi-6-2017-q2-update/bin/../lib/gcc/arm-none-eabi/6.3.1/thumb/v6-m/libgcc.a(_clzsi2.o)
                              /home/abso/gcc-arm-none-eabi-6-2017-q2-update-linux/gcc-arm-none-eabi-6-2017-q2-update/bin/../lib/gcc/arm-none-eabi/6.3.1/thumb/v6-m/libgcc.a(muldf3.o) (__clzsi2)
/home/abso/gcc-arm-none-eabi-6-2017-q2-update-linux/gcc-arm-none-eabi-6-2017-q2-update/bin/../lib/gcc/arm-none-eabi/6.3.1/../../../../arm-none-eabi/lib/thumb/v6-m/libnosys.a(sbrk.o)
                              /home/abso/gcc-arm-none-eabi-6-2017-q2-update-linux/gcc-arm-none-eabi-6-2017-q2-update/bin/../lib/gcc/arm-none-eabi/6.3.1/../../../../arm-none-eabi/lib/thumb/v6-m/libc.a(lib_a-sbrkr.o) (_sbrk)

Allocating common symbols
Common symbol       size              file

__lock___atexit_recursive_mutex
                    0x1               /home/abso/gcc-arm-none-eabi-6-2017-q2-update-linux/gcc-arm-none-eabi-6-2017-q2-update/bin/../lib/gcc/arm-none-eabi/6.3.1/../../../../arm-none-eabi/lib/thumb/v6-m/libc.a(lib_a-lock.o)
__lock___arc4random_mutex
                    0x1               /home/abso/gcc-arm-none-eabi-6-2017-q2-update-linux/gcc-arm-none-eabi-6-2017-q2-update/bin/../lib/gcc/arm-none-eabi/6.3.1/../../../../arm-none-eabi/lib/thumb/v6-m/libc.a(lib_a-lock.o)
errno               0x4               /home/abso/gcc-arm-none-eabi-6-2017-q2-update-linux/gcc-arm-none-eabi-6-2017-q2-update/bin/../lib/gcc/arm-none-eabi/6.3.1/../../../../arm-none-eabi/lib/thumb/v6-m/libc.a(lib_a-reent.o)
__lock___env_recursive_mutex
                    0x1               /home/abso/gcc-arm-none-eabi-6-2017-q2-update-linux/gcc-arm-none-eabi-6-2017-q2-update/bin/../lib/gcc/arm-none-eabi/6.3.1/../../../../arm-none-eabi/lib/thumb/v6-m/libc.a(lib_a-lock.o)
__lock___sinit_recursive_mutex
                    0x1               /home/abso/gcc-arm-none-eabi-6-2017-q2-update-linux/gcc-arm-none-eabi-6-2017-q2-update/bin/../lib/gcc/arm-none-eabi/6.3.1/../../../../arm-none-eabi/lib/thumb/v6-m/libc.a(lib_a-lock.o)
__lock___malloc_recursive_mutex
                    0x1               /home/abso/gcc-arm-none-eabi-6-2017-q2-update-linux/gcc-arm-none-eabi-6-2017-q2-update/bin/../lib/gcc/arm-none-eabi/6.3.1/../../../../arm-none-eabi/lib/thumb/v6-m/libc.a(lib_a-lock.o)
__lock___at_quick_exit_mutex
                    0x1               /home/abso/gcc-arm-none-eabi-6-2017-q2-update-linux/gcc-arm-none-eabi-6-2017-q2-update/bin/../lib/gcc/arm-none-eabi/6.3.1/../../../../arm-none-eabi/lib/thumb/v6-m/libc.a(lib_a-lock.o)
__lock___dd_hash_mutex
                    0x1               /home/abso/gcc-arm-none-eabi-6-2017-q2-update-linux/gcc-arm-none-eabi-6-2017-q2-update/bin/../lib/gcc/arm-none-eabi/6.3.1/../../../../arm-none-eabi/lib/thumb/v6-m/libc.a(lib_a-lock.o)
__lock___tz_mutex   0x1               /home/abso/gcc-arm-none-eabi-6-2017-q2-update-linux/gcc-arm-none-eabi-6-2017-q2-update/bin/../lib/gcc/arm-none-eabi/6.3.1/../../../../arm-none-eabi/lib/thumb/v6-m/libc.a(lib_a-lock.o)
__lock___sfp_recursive_mutex
                    0x1               /home/abso/gcc-arm-none-eabi-6-2017-q2-update-linux/gcc-arm-none-eabi-6-2017-q2-update/bin/../lib/gcc/arm-none-eabi/6.3.1/../../../../arm-none-eabi/lib/thumb/v6-m/libc.a(lib_a-lock.o)

Memory Configuration

Name             Origin             Length             Attributes
rom              0x0000000000000000 0x0000000000800000
ram              0x0000000040000000 0x0000000000800000
h                0x0000000040000000 0x0000000000400000
*default*        0x0000000000000000 0xffffffffffffffff

Linker script and memory map

LOAD vectors.o
LOAD putget.o
LOAD supportFuncs.o
LOAD LED.o
LOAD timer.o
LOAD dwt.o
LOAD main.o
LOAD /home/abso/gcc-arm-none-eabi-6-2017-q2-update-linux/gcc-arm-none-eabi-6-2017-q2-update/bin/../lib/gcc/arm-none-eabi/6.3.1/../../../../arm-none-eabi/lib/thumb/v6-m/libnosys.a
LOAD /home/abso/gcc-arm-none-eabi-6-2017-q2-update-linux/gcc-arm-none-eabi-6-2017-q2-update/bin/../lib/gcc/arm-none-eabi/6.3.1/../../../../arm-none-eabi/lib/thumb/v6-m/libc.a
LOAD /home/abso/gcc-arm-none-eabi-6-2017-q2-update-linux/gcc-arm-none-eabi-6-2017-q2-update/bin/../lib/gcc/arm-none-eabi/6.3.1/../../../../arm-none-eabi/lib/thumb/v6-m/libm.a
START GROUP
LOAD /home/abso/gcc-arm-none-eabi-6-2017-q2-update-linux/gcc-arm-none-eabi-6-2017-q2-update/bin/../lib/gcc/arm-none-eabi/6.3.1/thumb/v6-m/libgcc.a
LOAD /home/abso/gcc-arm-none-eabi-6-2017-q2-update-linux/gcc-arm-none-eabi-6-2017-q2-update/bin/../lib/gcc/arm-none-eabi/6.3.1/../../../../arm-none-eabi/lib/thumb/v6-m/libc.a
END GROUP
START GROUP
LOAD /home/abso/gcc-arm-none-eabi-6-2017-q2-update-linux/gcc-arm-none-eabi-6-2017-q2-update/bin/../lib/gcc/arm-none-eabi/6.3.1/thumb/v6-m/libgcc.a
LOAD /home/abso/gcc-arm-none-eabi-6-2017-q2-update-linux/gcc-arm-none-eabi-6-2017-q2-update/bin/../lib/gcc/arm-none-eabi/6.3.1/../../../../arm-none-eabi/lib/thumb/v6-m/libc.a
LOAD /home/abso/gcc-arm-none-eabi-6-2017-q2-update-linux/gcc-arm-none-eabi-6-2017-q2-update/bin/../lib/gcc/arm-none-eabi/6.3.1/../../../../arm-none-eabi/lib/thumb/v6-m/libnosys.a
END GROUP

.text           0x0000000000000000     0x1ac4
 *(.text*)
 .text          0x0000000000000000       0x7c vectors.o
                0x0000000000000074                _start
                0x0000000000000078                exit
 .text          0x000000000000007c       0x88 putget.o
                0x000000000000007c                putchar
                0x000000000000008a                PUT32
                0x000000000000008e                GET32
                0x0000000000000092                PUTGETCLR
                0x000000000000009a                atest
                0x00000000000000ac                stest
                0x00000000000000dc                testfun1
                0x00000000000000e4                testfun2
                0x00000000000000ec                testfun3
                0x00000000000000f4                testfun4
                0x00000000000000fc                PUTGETSET
 .text          0x0000000000000104       0x18 supportFuncs.o
                0x0000000000000104                _fini
                0x0000000000000108                __exidx_start
                0x000000000000010c                __exidx_end
                0x0000000000000110                __errno
                0x0000000000000114                rand
                0x0000000000000118                srand
 .text          0x000000000000011c       0x54 LED.o
                0x000000000000011c                initLED
                0x000000000000014a                LED
 .text          0x0000000000000170       0x44 timer.o
                0x0000000000000170                init_timer
                0x0000000000000174                timer
                0x000000000000017c                timer_getres
                0x0000000000000184                tic
                0x0000000000000194                toc
 .text          0x00000000000001b4      0x19c dwt.o
                0x00000000000001b4                dwt53_row_transpose
                0x0000000000000310                dwt53
 .text          0x0000000000000350       0x68 main.o
                0x0000000000000350                benchmark
 .text.startup  0x00000000000003b8        0xc main.o
                0x00000000000003b8                main
 .text          0x00000000000003c4        0x0 /home/abso/gcc-arm-none-eabi-6-2017-q2-update-linux/gcc-arm-none-eabi-6-2017-q2-update/bin/../lib/gcc/arm-none-eabi/6.3.1/../../../../arm-none-eabi/lib/thumb/v6-m/libc.a(lib_a-calloc.o)
 .text.calloc   0x00000000000003c4       0x18 /home/abso/gcc-arm-none-eabi-6-2017-q2-update-linux/gcc-arm-none-eabi-6-2017-q2-update/bin/../lib/gcc/arm-none-eabi/6.3.1/../../../../arm-none-eabi/lib/thumb/v6-m/libc.a(lib_a-calloc.o)
                0x00000000000003c4                calloc
 .text          0x00000000000003dc        0x0 /home/abso/gcc-arm-none-eabi-6-2017-q2-update-linux/gcc-arm-none-eabi-6-2017-q2-update/bin/../lib/gcc/arm-none-eabi/6.3.1/../../../../arm-none-eabi/lib/thumb/v6-m/libc.a(lib_a-callocr.o)
 .text._calloc_r
                0x00000000000003dc       0x58 /home/abso/gcc-arm-none-eabi-6-2017-q2-update-linux/gcc-arm-none-eabi-6-2017-q2-update/bin/../lib/gcc/arm-none-eabi/6.3.1/../../../../arm-none-eabi/lib/thumb/v6-m/libc.a(lib_a-callocr.o)
                0x00000000000003dc                _calloc_r
 .text          0x0000000000000434        0x0 /home/abso/gcc-arm-none-eabi-6-2017-q2-update-linux/gcc-arm-none-eabi-6-2017-q2-update/bin/../lib/gcc/arm-none-eabi/6.3.1/../../../../arm-none-eabi/lib/thumb/v6-m/libc.a(lib_a-impure.o)
 .text          0x0000000000000434        0x0 /home/abso/gcc-arm-none-eabi-6-2017-q2-update-linux/gcc-arm-none-eabi-6-2017-q2-update/bin/../lib/gcc/arm-none-eabi/6.3.1/../../../../arm-none-eabi/lib/thumb/v6-m/libc.a(lib_a-malloc.o)
 .text.malloc   0x0000000000000434       0x14 /home/abso/gcc-arm-none-eabi-6-2017-q2-update-linux/gcc-arm-none-eabi-6-2017-q2-update/bin/../lib/gcc/arm-none-eabi/6.3.1/../../../../arm-none-eabi/lib/thumb/v6-m/libc.a(lib_a-malloc.o)
                0x0000000000000434                malloc
 .text.free     0x0000000000000448       0x14 /home/abso/gcc-arm-none-eabi-6-2017-q2-update-linux/gcc-arm-none-eabi-6-2017-q2-update/bin/../lib/gcc/arm-none-eabi/6.3.1/../../../../arm-none-eabi/lib/thumb/v6-m/libc.a(lib_a-malloc.o)
                0x0000000000000448                free
 .text          0x000000000000045c        0x0 /home/abso/gcc-arm-none-eabi-6-2017-q2-update-linux/gcc-arm-none-eabi-6-2017-q2-update/bin/../lib/gcc/arm-none-eabi/6.3.1/../../../../arm-none-eabi/lib/thumb/v6-m/libc.a(lib_a-mallocr.o)
 .text._malloc_r
                0x000000000000045c      0x568 /home/abso/gcc-arm-none-eabi-6-2017-q2-update-linux/gcc-arm-none-eabi-6-2017-q2-update/bin/../lib/gcc/arm-none-eabi/6.3.1/../../../../arm-none-eabi/lib/thumb/v6-m/libc.a(lib_a-mallocr.o)
                0x000000000000045c                _malloc_r
 .text          0x00000000000009c4        0x0 /home/abso/gcc-arm-none-eabi-6-2017-q2-update-linux/gcc-arm-none-eabi-6-2017-q2-update/bin/../lib/gcc/arm-none-eabi/6.3.1/../../../../arm-none-eabi/lib/thumb/v6-m/libc.a(lib_a-memcpy-stub.o)
 .text.memcpy   0x00000000000009c4       0x84 /home/abso/gcc-arm-none-eabi-6-2017-q2-update-linux/gcc-arm-none-eabi-6-2017-q2-update/bin/../lib/gcc/arm-none-eabi/6.3.1/../../../../arm-none-eabi/lib/thumb/v6-m/libc.a(lib_a-memcpy-stub.o)
                0x00000000000009c4                memcpy
 .text          0x0000000000000a48        0x0 /home/abso/gcc-arm-none-eabi-6-2017-q2-update-linux/gcc-arm-none-eabi-6-2017-q2-update/bin/../lib/gcc/arm-none-eabi/6.3.1/../../../../arm-none-eabi/lib/thumb/v6-m/libc.a(lib_a-memset.o)
 .text.memset   0x0000000000000a48       0x94 /home/abso/gcc-arm-none-eabi-6-2017-q2-update-linux/gcc-arm-none-eabi-6-2017-q2-update/bin/../lib/gcc/arm-none-eabi/6.3.1/../../../../arm-none-eabi/lib/thumb/v6-m/libc.a(lib_a-memset.o)
                0x0000000000000a48                memset
 .text          0x0000000000000adc        0x0 /home/abso/gcc-arm-none-eabi-6-2017-q2-update-linux/gcc-arm-none-eabi-6-2017-q2-update/bin/../lib/gcc/arm-none-eabi/6.3.1/../../../../arm-none-eabi/lib/thumb/v6-m/libc.a(lib_a-mlock.o)
 .text.__malloc_lock
                0x0000000000000adc       0x10 /home/abso/gcc-arm-none-eabi-6-2017-q2-update-linux/gcc-arm-none-eabi-6-2017-q2-update/bin/../lib/gcc/arm-none-eabi/6.3.1/../../../../arm-none-eabi/lib/thumb/v6-m/libc.a(lib_a-mlock.o)
                0x0000000000000adc                __malloc_lock
 .text.__malloc_unlock
                0x0000000000000aec       0x10 /home/abso/gcc-arm-none-eabi-6-2017-q2-update-linux/gcc-arm-none-eabi-6-2017-q2-update/bin/../lib/gcc/arm-none-eabi/6.3.1/../../../../arm-none-eabi/lib/thumb/v6-m/libc.a(lib_a-mlock.o)
                0x0000000000000aec                __malloc_unlock
 .text          0x0000000000000afc        0x0 /home/abso/gcc-arm-none-eabi-6-2017-q2-update-linux/gcc-arm-none-eabi-6-2017-q2-update/bin/../lib/gcc/arm-none-eabi/6.3.1/../../../../arm-none-eabi/lib/thumb/v6-m/libc.a(lib_a-sbrkr.o)
 .text._sbrk_r  0x0000000000000afc       0x24 /home/abso/gcc-arm-none-eabi-6-2017-q2-update-linux/gcc-arm-none-eabi-6-2017-q2-update/bin/../lib/gcc/arm-none-eabi/6.3.1/../../../../arm-none-eabi/lib/thumb/v6-m/libc.a(lib_a-sbrkr.o)
                0x0000000000000afc                _sbrk_r
 .text          0x0000000000000b20        0x0 /home/abso/gcc-arm-none-eabi-6-2017-q2-update-linux/gcc-arm-none-eabi-6-2017-q2-update/bin/../lib/gcc/arm-none-eabi/6.3.1/../../../../arm-none-eabi/lib/thumb/v6-m/libc.a(lib_a-freer.o)
 .text._malloc_trim_r
                0x0000000000000b20       0xa0 /home/abso/gcc-arm-none-eabi-6-2017-q2-update-linux/gcc-arm-none-eabi-6-2017-q2-update/bin/../lib/gcc/arm-none-eabi/6.3.1/../../../../arm-none-eabi/lib/thumb/v6-m/libc.a(lib_a-freer.o)
                0x0000000000000b20                _malloc_trim_r
 .text._free_r  0x0000000000000bc0      0x1bc /home/abso/gcc-arm-none-eabi-6-2017-q2-update-linux/gcc-arm-none-eabi-6-2017-q2-update/bin/../lib/gcc/arm-none-eabi/6.3.1/../../../../arm-none-eabi/lib/thumb/v6-m/libc.a(lib_a-freer.o)
                0x0000000000000bc0                _free_r
 .text          0x0000000000000d7c        0x0 /home/abso/gcc-arm-none-eabi-6-2017-q2-update-linux/gcc-arm-none-eabi-6-2017-q2-update/bin/../lib/gcc/arm-none-eabi/6.3.1/../../../../arm-none-eabi/lib/thumb/v6-m/libc.a(lib_a-lock.o)
 .text.__retarget_lock_init
                0x0000000000000d7c        0x4 /home/abso/gcc-arm-none-eabi-6-2017-q2-update-linux/gcc-arm-none-eabi-6-2017-q2-update/bin/../lib/gcc/arm-none-eabi/6.3.1/../../../../arm-none-eabi/lib/thumb/v6-m/libc.a(lib_a-lock.o)
                0x0000000000000d7c                __retarget_lock_init
 .text.__retarget_lock_init_recursive
                0x0000000000000d80        0x4 /home/abso/gcc-arm-none-eabi-6-2017-q2-update-linux/gcc-arm-none-eabi-6-2017-q2-update/bin/../lib/gcc/arm-none-eabi/6.3.1/../../../../arm-none-eabi/lib/thumb/v6-m/libc.a(lib_a-lock.o)
                0x0000000000000d80                __retarget_lock_init_recursive
 .text.__retarget_lock_close
                0x0000000000000d84        0x4 /home/abso/gcc-arm-none-eabi-6-2017-q2-update-linux/gcc-arm-none-eabi-6-2017-q2-update/bin/../lib/gcc/arm-none-eabi/6.3.1/../../../../arm-none-eabi/lib/thumb/v6-m/libc.a(lib_a-lock.o)
                0x0000000000000d84                __retarget_lock_close
 .text.__retarget_lock_close_recursive
                0x0000000000000d88        0x4 /home/abso/gcc-arm-none-eabi-6-2017-q2-update-linux/gcc-arm-none-eabi-6-2017-q2-update/bin/../lib/gcc/arm-none-eabi/6.3.1/../../../../arm-none-eabi/lib/thumb/v6-m/libc.a(lib_a-lock.o)
                0x0000000000000d88                __retarget_lock_close_recursive
 .text.__retarget_lock_acquire
                0x0000000000000d8c        0x4 /home/abso/gcc-arm-none-eabi-6-2017-q2-update-linux/gcc-arm-none-eabi-6-2017-q2-update/bin/../lib/gcc/arm-none-eabi/6.3.1/../../../../arm-none-eabi/lib/thumb/v6-m/libc.a(lib_a-lock.o)
                0x0000000000000d8c                __retarget_lock_acquire
 .text.__retarget_lock_acquire_recursive
                0x0000000000000d90        0x4 /home/abso/gcc-arm-none-eabi-6-2017-q2-update-linux/gcc-arm-none-eabi-6-2017-q2-update/bin/../lib/gcc/arm-none-eabi/6.3.1/../../../../arm-none-eabi/lib/thumb/v6-m/libc.a(lib_a-lock.o)
                0x0000000000000d90                __retarget_lock_acquire_recursive
 .text.__retarget_lock_try_acquire
                0x0000000000000d94        0x4 /home/abso/gcc-arm-none-eabi-6-2017-q2-update-linux/gcc-arm-none-eabi-6-2017-q2-update/bin/../lib/gcc/arm-none-eabi/6.3.1/../../../../arm-none-eabi/lib/thumb/v6-m/libc.a(lib_a-lock.o)
                0x0000000000000d94                __retarget_lock_try_acquire
 .text.__retarget_lock_try_acquire_recursive
                0x0000000000000d98        0x4 /home/abso/gcc-arm-none-eabi-6-2017-q2-update-linux/gcc-arm-none-eabi-6-2017-q2-update/bin/../lib/gcc/arm-none-eabi/6.3.1/../../../../arm-none-eabi/lib/thumb/v6-m/libc.a(lib_a-lock.o)
                0x0000000000000d98                __retarget_lock_try_acquire_recursive
 .text.__retarget_lock_release
                0x0000000000000d9c        0x4 /home/abso/gcc-arm-none-eabi-6-2017-q2-update-linux/gcc-arm-none-eabi-6-2017-q2-update/bin/../lib/gcc/arm-none-eabi/6.3.1/../../../../arm-none-eabi/lib/thumb/v6-m/libc.a(lib_a-lock.o)
                0x0000000000000d9c                __retarget_lock_release
 .text.__retarget_lock_release_recursive
                0x0000000000000da0        0x4 /home/abso/gcc-arm-none-eabi-6-2017-q2-update-linux/gcc-arm-none-eabi-6-2017-q2-update/bin/../lib/gcc/arm-none-eabi/6.3.1/../../../../arm-none-eabi/lib/thumb/v6-m/libc.a(lib_a-lock.o)
                0x0000000000000da0                __retarget_lock_release_recursive
 .text          0x0000000000000da4        0x0 /home/abso/gcc-arm-none-eabi-6-2017-q2-update-linux/gcc-arm-none-eabi-6-2017-q2-update/bin/../lib/gcc/arm-none-eabi/6.3.1/../../../../arm-none-eabi/lib/thumb/v6-m/libc.a(lib_a-reent.o)
 .text.cleanup_glue
                0x0000000000000da4       0x1c /home/abso/gcc-arm-none-eabi-6-2017-q2-update-linux/gcc-arm-none-eabi-6-2017-q2-update/bin/../lib/gcc/arm-none-eabi/6.3.1/../../../../arm-none-eabi/lib/thumb/v6-m/libc.a(lib_a-reent.o)
                0x0000000000000da4                cleanup_glue
 .text._reclaim_reent
                0x0000000000000dc0       0x94 /home/abso/gcc-arm-none-eabi-6-2017-q2-update-linux/gcc-arm-none-eabi-6-2017-q2-update/bin/../lib/gcc/arm-none-eabi/6.3.1/../../../../arm-none-eabi/lib/thumb/v6-m/libc.a(lib_a-reent.o)
                0x0000000000000dc0                _reclaim_reent
 .text          0x0000000000000e54      0x500 /home/abso/gcc-arm-none-eabi-6-2017-q2-update-linux/gcc-arm-none-eabi-6-2017-q2-update/bin/../lib/gcc/arm-none-eabi/6.3.1/thumb/v6-m/libgcc.a(muldf3.o)
                0x0000000000000e54                __aeabi_dmul
 .text          0x0000000000001354      0x62c /home/abso/gcc-arm-none-eabi-6-2017-q2-update-linux/gcc-arm-none-eabi-6-2017-q2-update/bin/../lib/gcc/arm-none-eabi/6.3.1/thumb/v6-m/libgcc.a(subdf3.o)
                0x0000000000001354                __aeabi_dsub
 .text          0x0000000000001980       0x68 /home/abso/gcc-arm-none-eabi-6-2017-q2-update-linux/gcc-arm-none-eabi-6-2017-q2-update/bin/../lib/gcc/arm-none-eabi/6.3.1/thumb/v6-m/libgcc.a(fixdfsi.o)
                0x0000000000001980                __aeabi_d2iz
 .text          0x00000000000019e8       0x84 /home/abso/gcc-arm-none-eabi-6-2017-q2-update-linux/gcc-arm-none-eabi-6-2017-q2-update/bin/../lib/gcc/arm-none-eabi/6.3.1/thumb/v6-m/libgcc.a(floatsidf.o)
                0x00000000000019e8                __aeabi_i2d
 .text          0x0000000000001a6c       0x3c /home/abso/gcc-arm-none-eabi-6-2017-q2-update-linux/gcc-arm-none-eabi-6-2017-q2-update/bin/../lib/gcc/arm-none-eabi/6.3.1/thumb/v6-m/libgcc.a(_clzsi2.o)
                0x0000000000001a6c                __clzsi2
 .text          0x0000000000001aa8        0x0 /home/abso/gcc-arm-none-eabi-6-2017-q2-update-linux/gcc-arm-none-eabi-6-2017-q2-update/bin/../lib/gcc/arm-none-eabi/6.3.1/../../../../arm-none-eabi/lib/thumb/v6-m/libnosys.a(sbrk.o)
 .text._sbrk    0x0000000000001aa8       0x1c /home/abso/gcc-arm-none-eabi-6-2017-q2-update-linux/gcc-arm-none-eabi-6-2017-q2-update/bin/../lib/gcc/arm-none-eabi/6.3.1/../../../../arm-none-eabi/lib/thumb/v6-m/libnosys.a(sbrk.o)
                0x0000000000001aa8                _sbrk

.rodata         0x0000000000001ac4     0x3040
 .rodata        0x0000000000001ac4     0x3000 main.o
                0x0000000000001ac4                inp_data
 .rodata        0x0000000000004ac4       0x40 /home/abso/gcc-arm-none-eabi-6-2017-q2-update-linux/gcc-arm-none-eabi-6-2017-q2-update/bin/../lib/gcc/arm-none-eabi/6.3.1/thumb/v6-m/libgcc.a(muldf3.o)

.rodata._global_impure_ptr
                0x0000000000004b04        0x4
 .rodata._global_impure_ptr
                0x0000000000004b04        0x4 /home/abso/gcc-arm-none-eabi-6-2017-q2-update-linux/gcc-arm-none-eabi-6-2017-q2-update/bin/../lib/gcc/arm-none-eabi/6.3.1/../../../../arm-none-eabi/lib/thumb/v6-m/libc.a(lib_a-impure.o)
                0x0000000000004b04                _global_impure_ptr

.data           0x0000000000004b08        0x8
 .data          0x0000000000004b08        0x0 vectors.o
 .data          0x0000000000004b08        0x0 putget.o
 .data          0x0000000000004b08        0x0 supportFuncs.o
 .data          0x0000000000004b08        0x0 LED.o
 .data          0x0000000000004b08        0x8 timer.o
 .data          0x0000000000004b10        0x0 dwt.o
 .data          0x0000000000004b10        0x0 main.o
 .data          0x0000000000004b10        0x0 /home/abso/gcc-arm-none-eabi-6-2017-q2-update-linux/gcc-arm-none-eabi-6-2017-q2-update/bin/../lib/gcc/arm-none-eabi/6.3.1/../../../../arm-none-eabi/lib/thumb/v6-m/libc.a(lib_a-calloc.o)
 .data          0x0000000000004b10        0x0 /home/abso/gcc-arm-none-eabi-6-2017-q2-update-linux/gcc-arm-none-eabi-6-2017-q2-update/bin/../lib/gcc/arm-none-eabi/6.3.1/../../../../arm-none-eabi/lib/thumb/v6-m/libc.a(lib_a-callocr.o)
 .data          0x0000000000004b10        0x0 /home/abso/gcc-arm-none-eabi-6-2017-q2-update-linux/gcc-arm-none-eabi-6-2017-q2-update/bin/../lib/gcc/arm-none-eabi/6.3.1/../../../../arm-none-eabi/lib/thumb/v6-m/libc.a(lib_a-impure.o)
 .data          0x0000000000004b10        0x0 /home/abso/gcc-arm-none-eabi-6-2017-q2-update-linux/gcc-arm-none-eabi-6-2017-q2-update/bin/../lib/gcc/arm-none-eabi/6.3.1/../../../../arm-none-eabi/lib/thumb/v6-m/libc.a(lib_a-malloc.o)
 .data          0x0000000000004b10        0x0 /home/abso/gcc-arm-none-eabi-6-2017-q2-update-linux/gcc-arm-none-eabi-6-2017-q2-update/bin/../lib/gcc/arm-none-eabi/6.3.1/../../../../arm-none-eabi/lib/thumb/v6-m/libc.a(lib_a-mallocr.o)
 .data          0x0000000000004b10        0x0 /home/abso/gcc-arm-none-eabi-6-2017-q2-update-linux/gcc-arm-none-eabi-6-2017-q2-update/bin/../lib/gcc/arm-none-eabi/6.3.1/../../../../arm-none-eabi/lib/thumb/v6-m/libc.a(lib_a-memcpy-stub.o)
 .data          0x0000000000004b10        0x0 /home/abso/gcc-arm-none-eabi-6-2017-q2-update-linux/gcc-arm-none-eabi-6-2017-q2-update/bin/../lib/gcc/arm-none-eabi/6.3.1/../../../../arm-none-eabi/lib/thumb/v6-m/libc.a(lib_a-memset.o)
 .data          0x0000000000004b10        0x0 /home/abso/gcc-arm-none-eabi-6-2017-q2-update-linux/gcc-arm-none-eabi-6-2017-q2-update/bin/../lib/gcc/arm-none-eabi/6.3.1/../../../../arm-none-eabi/lib/thumb/v6-m/libc.a(lib_a-mlock.o)
 .data          0x0000000000004b10        0x0 /home/abso/gcc-arm-none-eabi-6-2017-q2-update-linux/gcc-arm-none-eabi-6-2017-q2-update/bin/../lib/gcc/arm-none-eabi/6.3.1/../../../../arm-none-eabi/lib/thumb/v6-m/libc.a(lib_a-sbrkr.o)
 .data          0x0000000000004b10        0x0 /home/abso/gcc-arm-none-eabi-6-2017-q2-update-linux/gcc-arm-none-eabi-6-2017-q2-update/bin/../lib/gcc/arm-none-eabi/6.3.1/../../../../arm-none-eabi/lib/thumb/v6-m/libc.a(lib_a-freer.o)
 .data          0x0000000000004b10        0x0 /home/abso/gcc-arm-none-eabi-6-2017-q2-update-linux/gcc-arm-none-eabi-6-2017-q2-update/bin/../lib/gcc/arm-none-eabi/6.3.1/../../../../arm-none-eabi/lib/thumb/v6-m/libc.a(lib_a-lock.o)
 .data          0x0000000000004b10        0x0 /home/abso/gcc-arm-none-eabi-6-2017-q2-update-linux/gcc-arm-none-eabi-6-2017-q2-update/bin/../lib/gcc/arm-none-eabi/6.3.1/../../../../arm-none-eabi/lib/thumb/v6-m/libc.a(lib_a-reent.o)
 .data          0x0000000000004b10        0x0 /home/abso/gcc-arm-none-eabi-6-2017-q2-update-linux/gcc-arm-none-eabi-6-2017-q2-update/bin/../lib/gcc/arm-none-eabi/6.3.1/thumb/v6-m/libgcc.a(muldf3.o)
 .data          0x0000000000004b10        0x0 /home/abso/gcc-arm-none-eabi-6-2017-q2-update-linux/gcc-arm-none-eabi-6-2017-q2-update/bin/../lib/gcc/arm-none-eabi/6.3.1/thumb/v6-m/libgcc.a(subdf3.o)
 .data          0x0000000000004b10        0x0 /home/abso/gcc-arm-none-eabi-6-2017-q2-update-linux/gcc-arm-none-eabi-6-2017-q2-update/bin/../lib/gcc/arm-none-eabi/6.3.1/thumb/v6-m/libgcc.a(fixdfsi.o)
 .data          0x0000000000004b10        0x0 /home/abso/gcc-arm-none-eabi-6-2017-q2-update-linux/gcc-arm-none-eabi-6-2017-q2-update/bin/../lib/gcc/arm-none-eabi/6.3.1/thumb/v6-m/libgcc.a(floatsidf.o)
 .data          0x0000000000004b10        0x0 /home/abso/gcc-arm-none-eabi-6-2017-q2-update-linux/gcc-arm-none-eabi-6-2017-q2-update/bin/../lib/gcc/arm-none-eabi/6.3.1/thumb/v6-m/libgcc.a(_clzsi2.o)
 .data          0x0000000000004b10        0x0 /home/abso/gcc-arm-none-eabi-6-2017-q2-update-linux/gcc-arm-none-eabi-6-2017-q2-update/bin/../lib/gcc/arm-none-eabi/6.3.1/../../../../arm-none-eabi/lib/thumb/v6-m/libnosys.a(sbrk.o)

.igot.plt       0x0000000000004b10        0x0
 .igot.plt      0x0000000000004b10        0x0 vectors.o

.data._impure_ptr
                0x0000000000004b10        0x4
 .data._impure_ptr
                0x0000000000004b10        0x4 /home/abso/gcc-arm-none-eabi-6-2017-q2-update-linux/gcc-arm-none-eabi-6-2017-q2-update/bin/../lib/gcc/arm-none-eabi/6.3.1/../../../../arm-none-eabi/lib/thumb/v6-m/libc.a(lib_a-impure.o)
                0x0000000000004b10                _impure_ptr

.data.impure_data
                0x0000000000004b18      0x428
 .data.impure_data
                0x0000000000004b18      0x428 /home/abso/gcc-arm-none-eabi-6-2017-q2-update-linux/gcc-arm-none-eabi-6-2017-q2-update/bin/../lib/gcc/arm-none-eabi/6.3.1/../../../../arm-none-eabi/lib/thumb/v6-m/libc.a(lib_a-impure.o)

.data.__malloc_av_
                0x0000000000004f40      0x408
 .data.__malloc_av_
                0x0000000000004f40      0x408 /home/abso/gcc-arm-none-eabi-6-2017-q2-update-linux/gcc-arm-none-eabi-6-2017-q2-update/bin/../lib/gcc/arm-none-eabi/6.3.1/../../../../arm-none-eabi/lib/thumb/v6-m/libc.a(lib_a-mallocr.o)
                0x0000000000004f40                __malloc_av_

.data.__malloc_sbrk_base
                0x0000000000005348        0x4
 .data.__malloc_sbrk_base
                0x0000000000005348        0x4 /home/abso/gcc-arm-none-eabi-6-2017-q2-update-linux/gcc-arm-none-eabi-6-2017-q2-update/bin/../lib/gcc/arm-none-eabi/6.3.1/../../../../arm-none-eabi/lib/thumb/v6-m/libc.a(lib_a-mallocr.o)
                0x0000000000005348                __malloc_sbrk_base

.data.__malloc_trim_threshold
                0x000000000000534c        0x4
 .data.__malloc_trim_threshold
                0x000000000000534c        0x4 /home/abso/gcc-arm-none-eabi-6-2017-q2-update-linux/gcc-arm-none-eabi-6-2017-q2-update/bin/../lib/gcc/arm-none-eabi/6.3.1/../../../../arm-none-eabi/lib/thumb/v6-m/libc.a(lib_a-mallocr.o)
                0x000000000000534c                __malloc_trim_threshold

.glue_7         0x0000000000005350        0x0
 .glue_7        0x0000000000005350        0x0 linker stubs

.glue_7t        0x0000000000005350        0x0
 .glue_7t       0x0000000000005350        0x0 linker stubs

.vfp11_veneer   0x0000000000005350        0x0
 .vfp11_veneer  0x0000000000005350        0x0 linker stubs

.v4_bx          0x0000000000005350        0x0
 .v4_bx         0x0000000000005350        0x0 linker stubs

.iplt           0x0000000000005350        0x0
 .iplt          0x0000000000005350        0x0 vectors.o

.rel.dyn        0x0000000000005350        0x0
 .rel.iplt      0x0000000000005350        0x0 vectors.o

.bss            0x0000000040000000       0x60
 *(.bss*)
 .bss           0x0000000040000000        0x0 vectors.o
 .bss           0x0000000040000000        0x0 putget.o
 .bss           0x0000000040000000        0x0 supportFuncs.o
 .bss           0x0000000040000000        0x0 LED.o
 .bss           0x0000000040000000        0x0 timer.o
 .bss           0x0000000040000000        0x0 dwt.o
 .bss           0x0000000040000000        0x0 main.o
 .bss           0x0000000040000000        0x0 /home/abso/gcc-arm-none-eabi-6-2017-q2-update-linux/gcc-arm-none-eabi-6-2017-q2-update/bin/../lib/gcc/arm-none-eabi/6.3.1/../../../../arm-none-eabi/lib/thumb/v6-m/libc.a(lib_a-calloc.o)
 .bss           0x0000000040000000        0x0 /home/abso/gcc-arm-none-eabi-6-2017-q2-update-linux/gcc-arm-none-eabi-6-2017-q2-update/bin/../lib/gcc/arm-none-eabi/6.3.1/../../../../arm-none-eabi/lib/thumb/v6-m/libc.a(lib_a-callocr.o)
 .bss           0x0000000040000000        0x0 /home/abso/gcc-arm-none-eabi-6-2017-q2-update-linux/gcc-arm-none-eabi-6-2017-q2-update/bin/../lib/gcc/arm-none-eabi/6.3.1/../../../../arm-none-eabi/lib/thumb/v6-m/libc.a(lib_a-impure.o)
 .bss           0x0000000040000000        0x0 /home/abso/gcc-arm-none-eabi-6-2017-q2-update-linux/gcc-arm-none-eabi-6-2017-q2-update/bin/../lib/gcc/arm-none-eabi/6.3.1/../../../../arm-none-eabi/lib/thumb/v6-m/libc.a(lib_a-malloc.o)
 .bss           0x0000000040000000        0x0 /home/abso/gcc-arm-none-eabi-6-2017-q2-update-linux/gcc-arm-none-eabi-6-2017-q2-update/bin/../lib/gcc/arm-none-eabi/6.3.1/../../../../arm-none-eabi/lib/thumb/v6-m/libc.a(lib_a-mallocr.o)
 .bss.__malloc_current_mallinfo
                0x0000000040000000       0x28 /home/abso/gcc-arm-none-eabi-6-2017-q2-update-linux/gcc-arm-none-eabi-6-2017-q2-update/bin/../lib/gcc/arm-none-eabi/6.3.1/../../../../arm-none-eabi/lib/thumb/v6-m/libc.a(lib_a-mallocr.o)
                0x0000000040000000                __malloc_current_mallinfo
 .bss.__malloc_max_sbrked_mem
                0x0000000040000028        0x4 /home/abso/gcc-arm-none-eabi-6-2017-q2-update-linux/gcc-arm-none-eabi-6-2017-q2-update/bin/../lib/gcc/arm-none-eabi/6.3.1/../../../../arm-none-eabi/lib/thumb/v6-m/libc.a(lib_a-mallocr.o)
                0x0000000040000028                __malloc_max_sbrked_mem
 .bss.__malloc_max_total_mem
                0x000000004000002c        0x4 /home/abso/gcc-arm-none-eabi-6-2017-q2-update-linux/gcc-arm-none-eabi-6-2017-q2-update/bin/../lib/gcc/arm-none-eabi/6.3.1/../../../../arm-none-eabi/lib/thumb/v6-m/libc.a(lib_a-mallocr.o)
                0x000000004000002c                __malloc_max_total_mem
 .bss.__malloc_top_pad
                0x0000000040000030        0x4 /home/abso/gcc-arm-none-eabi-6-2017-q2-update-linux/gcc-arm-none-eabi-6-2017-q2-update/bin/../lib/gcc/arm-none-eabi/6.3.1/../../../../arm-none-eabi/lib/thumb/v6-m/libc.a(lib_a-mallocr.o)
                0x0000000040000030                __malloc_top_pad
 .bss           0x0000000040000034        0x0 /home/abso/gcc-arm-none-eabi-6-2017-q2-update-linux/gcc-arm-none-eabi-6-2017-q2-update/bin/../lib/gcc/arm-none-eabi/6.3.1/../../../../arm-none-eabi/lib/thumb/v6-m/libc.a(lib_a-memcpy-stub.o)
 .bss           0x0000000040000034        0x0 /home/abso/gcc-arm-none-eabi-6-2017-q2-update-linux/gcc-arm-none-eabi-6-2017-q2-update/bin/../lib/gcc/arm-none-eabi/6.3.1/../../../../arm-none-eabi/lib/thumb/v6-m/libc.a(lib_a-memset.o)
 .bss           0x0000000040000034        0x0 /home/abso/gcc-arm-none-eabi-6-2017-q2-update-linux/gcc-arm-none-eabi-6-2017-q2-update/bin/../lib/gcc/arm-none-eabi/6.3.1/../../../../arm-none-eabi/lib/thumb/v6-m/libc.a(lib_a-mlock.o)
 .bss           0x0000000040000034        0x0 /home/abso/gcc-arm-none-eabi-6-2017-q2-update-linux/gcc-arm-none-eabi-6-2017-q2-update/bin/../lib/gcc/arm-none-eabi/6.3.1/../../../../arm-none-eabi/lib/thumb/v6-m/libc.a(lib_a-sbrkr.o)
 .bss           0x0000000040000034        0x0 /home/abso/gcc-arm-none-eabi-6-2017-q2-update-linux/gcc-arm-none-eabi-6-2017-q2-update/bin/../lib/gcc/arm-none-eabi/6.3.1/../../../../arm-none-eabi/lib/thumb/v6-m/libc.a(lib_a-freer.o)
 .bss           0x0000000040000034        0x0 /home/abso/gcc-arm-none-eabi-6-2017-q2-update-linux/gcc-arm-none-eabi-6-2017-q2-update/bin/../lib/gcc/arm-none-eabi/6.3.1/../../../../arm-none-eabi/lib/thumb/v6-m/libc.a(lib_a-lock.o)
 .bss           0x0000000040000034        0x0 /home/abso/gcc-arm-none-eabi-6-2017-q2-update-linux/gcc-arm-none-eabi-6-2017-q2-update/bin/../lib/gcc/arm-none-eabi/6.3.1/../../../../arm-none-eabi/lib/thumb/v6-m/libc.a(lib_a-reent.o)
 .bss           0x0000000040000034        0x0 /home/abso/gcc-arm-none-eabi-6-2017-q2-update-linux/gcc-arm-none-eabi-6-2017-q2-update/bin/../lib/gcc/arm-none-eabi/6.3.1/thumb/v6-m/libgcc.a(muldf3.o)
 .bss           0x0000000040000034        0x0 /home/abso/gcc-arm-none-eabi-6-2017-q2-update-linux/gcc-arm-none-eabi-6-2017-q2-update/bin/../lib/gcc/arm-none-eabi/6.3.1/thumb/v6-m/libgcc.a(subdf3.o)
 .bss           0x0000000040000034        0x0 /home/abso/gcc-arm-none-eabi-6-2017-q2-update-linux/gcc-arm-none-eabi-6-2017-q2-update/bin/../lib/gcc/arm-none-eabi/6.3.1/thumb/v6-m/libgcc.a(fixdfsi.o)
 .bss           0x0000000040000034        0x0 /home/abso/gcc-arm-none-eabi-6-2017-q2-update-linux/gcc-arm-none-eabi-6-2017-q2-update/bin/../lib/gcc/arm-none-eabi/6.3.1/thumb/v6-m/libgcc.a(floatsidf.o)
 .bss           0x0000000040000034        0x0 /home/abso/gcc-arm-none-eabi-6-2017-q2-update-linux/gcc-arm-none-eabi-6-2017-q2-update/bin/../lib/gcc/arm-none-eabi/6.3.1/thumb/v6-m/libgcc.a(_clzsi2.o)
 .bss           0x0000000040000034        0x0 /home/abso/gcc-arm-none-eabi-6-2017-q2-update-linux/gcc-arm-none-eabi-6-2017-q2-update/bin/../lib/gcc/arm-none-eabi/6.3.1/../../../../arm-none-eabi/lib/thumb/v6-m/libnosys.a(sbrk.o)
 .bss.heap_end.4116
                0x0000000040000034        0x4 /home/abso/gcc-arm-none-eabi-6-2017-q2-update-linux/gcc-arm-none-eabi-6-2017-q2-update/bin/../lib/gcc/arm-none-eabi/6.3.1/../../../../arm-none-eabi/lib/thumb/v6-m/libnosys.a(sbrk.o)
 COMMON         0x0000000040000038       0x21 /home/abso/gcc-arm-none-eabi-6-2017-q2-update-linux/gcc-arm-none-eabi-6-2017-q2-update/bin/../lib/gcc/arm-none-eabi/6.3.1/../../../../arm-none-eabi/lib/thumb/v6-m/libc.a(lib_a-lock.o)
                0x0000000040000038                __lock___atexit_recursive_mutex
                0x000000004000003c                __lock___arc4random_mutex
                0x0000000040000040                __lock___env_recursive_mutex
                0x0000000040000044                __lock___sinit_recursive_mutex
                0x0000000040000048                __lock___malloc_recursive_mutex
                0x000000004000004c                __lock___at_quick_exit_mutex
                0x0000000040000050                __lock___dd_hash_mutex
                0x0000000040000054                __lock___tz_mutex
                0x0000000040000058                __lock___sfp_recursive_mutex
 *fill*         0x0000000040000059        0x3 
 COMMON         0x000000004000005c        0x4 /home/abso/gcc-arm-none-eabi-6-2017-q2-update-linux/gcc-arm-none-eabi-6-2017-q2-update/bin/../lib/gcc/arm-none-eabi/6.3.1/../../../../arm-none-eabi/lib/thumb/v6-m/libc.a(lib_a-reent.o)
                0x000000004000005c                errno

.heap
 *(.heap*)
                0x0000000040400000                end = (ORIGIN (h) + LENGTH (h))
                0x0000000040000000                heapCurrent = ORIGIN (h)
                0x0000000040800000                _stacktop = (ORIGIN (ram) + LENGTH (ram))
OUTPUT(main.elf elf32-littlearm)

.ARM.attributes
                0x0000000000000000       0x2e
 .ARM.attributes
                0x0000000000000000       0x22 vectors.o
 .ARM.attributes
                0x0000000000000022       0x21 putget.o
 .ARM.attributes
                0x0000000000000043       0x32 supportFuncs.o
 .ARM.attributes
                0x0000000000000075       0x21 LED.o
 .ARM.attributes
                0x0000000000000096       0x32 timer.o
 .ARM.attributes
                0x00000000000000c8       0x32 dwt.o
 .ARM.attributes
                0x00000000000000fa       0x32 main.o
 .ARM.attributes
                0x000000000000012c       0x2c /home/abso/gcc-arm-none-eabi-6-2017-q2-update-linux/gcc-arm-none-eabi-6-2017-q2-update/bin/../lib/gcc/arm-none-eabi/6.3.1/../../../../arm-none-eabi/lib/thumb/v6-m/libc.a(lib_a-calloc.o)
 .ARM.attributes
                0x0000000000000158       0x2c /home/abso/gcc-arm-none-eabi-6-2017-q2-update-linux/gcc-arm-none-eabi-6-2017-q2-update/bin/../lib/gcc/arm-none-eabi/6.3.1/../../../../arm-none-eabi/lib/thumb/v6-m/libc.a(lib_a-callocr.o)
 .ARM.attributes
                0x0000000000000184       0x2c /home/abso/gcc-arm-none-eabi-6-2017-q2-update-linux/gcc-arm-none-eabi-6-2017-q2-update/bin/../lib/gcc/arm-none-eabi/6.3.1/../../../../arm-none-eabi/lib/thumb/v6-m/libc.a(lib_a-impure.o)
 .ARM.attributes
                0x00000000000001b0       0x2c /home/abso/gcc-arm-none-eabi-6-2017-q2-update-linux/gcc-arm-none-eabi-6-2017-q2-update/bin/../lib/gcc/arm-none-eabi/6.3.1/../../../../arm-none-eabi/lib/thumb/v6-m/libc.a(lib_a-malloc.o)
 .ARM.attributes
                0x00000000000001dc       0x2c /home/abso/gcc-arm-none-eabi-6-2017-q2-update-linux/gcc-arm-none-eabi-6-2017-q2-update/bin/../lib/gcc/arm-none-eabi/6.3.1/../../../../arm-none-eabi/lib/thumb/v6-m/libc.a(lib_a-mallocr.o)
 .ARM.attributes
                0x0000000000000208       0x2c /home/abso/gcc-arm-none-eabi-6-2017-q2-update-linux/gcc-arm-none-eabi-6-2017-q2-update/bin/../lib/gcc/arm-none-eabi/6.3.1/../../../../arm-none-eabi/lib/thumb/v6-m/libc.a(lib_a-memcpy-stub.o)
 .ARM.attributes
                0x0000000000000234       0x2c /home/abso/gcc-arm-none-eabi-6-2017-q2-update-linux/gcc-arm-none-eabi-6-2017-q2-update/bin/../lib/gcc/arm-none-eabi/6.3.1/../../../../arm-none-eabi/lib/thumb/v6-m/libc.a(lib_a-memset.o)
 .ARM.attributes
                0x0000000000000260       0x2c /home/abso/gcc-arm-none-eabi-6-2017-q2-update-linux/gcc-arm-none-eabi-6-2017-q2-update/bin/../lib/gcc/arm-none-eabi/6.3.1/../../../../arm-none-eabi/lib/thumb/v6-m/libc.a(lib_a-mlock.o)
 .ARM.attributes
                0x000000000000028c       0x2c /home/abso/gcc-arm-none-eabi-6-2017-q2-update-linux/gcc-arm-none-eabi-6-2017-q2-update/bin/../lib/gcc/arm-none-eabi/6.3.1/../../../../arm-none-eabi/lib/thumb/v6-m/libc.a(lib_a-sbrkr.o)
 .ARM.attributes
                0x00000000000002b8       0x2c /home/abso/gcc-arm-none-eabi-6-2017-q2-update-linux/gcc-arm-none-eabi-6-2017-q2-update/bin/../lib/gcc/arm-none-eabi/6.3.1/../../../../arm-none-eabi/lib/thumb/v6-m/libc.a(lib_a-freer.o)
 .ARM.attributes
                0x00000000000002e4       0x2c /home/abso/gcc-arm-none-eabi-6-2017-q2-update-linux/gcc-arm-none-eabi-6-2017-q2-update/bin/../lib/gcc/arm-none-eabi/6.3.1/../../../../arm-none-eabi/lib/thumb/v6-m/libc.a(lib_a-lock.o)
 .ARM.attributes
                0x0000000000000310       0x2c /home/abso/gcc-arm-none-eabi-6-2017-q2-update-linux/gcc-arm-none-eabi-6-2017-q2-update/bin/../lib/gcc/arm-none-eabi/6.3.1/../../../../arm-none-eabi/lib/thumb/v6-m/libc.a(lib_a-reent.o)
 .ARM.attributes
                0x000000000000033c       0x2c /home/abso/gcc-arm-none-eabi-6-2017-q2-update-linux/gcc-arm-none-eabi-6-2017-q2-update/bin/../lib/gcc/arm-none-eabi/6.3.1/thumb/v6-m/libgcc.a(muldf3.o)
 .ARM.attributes
                0x0000000000000368       0x2c /home/abso/gcc-arm-none-eabi-6-2017-q2-update-linux/gcc-arm-none-eabi-6-2017-q2-update/bin/../lib/gcc/arm-none-eabi/6.3.1/thumb/v6-m/libgcc.a(subdf3.o)
 .ARM.attributes
                0x0000000000000394       0x2c /home/abso/gcc-arm-none-eabi-6-2017-q2-update-linux/gcc-arm-none-eabi-6-2017-q2-update/bin/../lib/gcc/arm-none-eabi/6.3.1/thumb/v6-m/libgcc.a(fixdfsi.o)
 .ARM.attributes
                0x00000000000003c0       0x2c /home/abso/gcc-arm-none-eabi-6-2017-q2-update-linux/gcc-arm-none-eabi-6-2017-q2-update/bin/../lib/gcc/arm-none-eabi/6.3.1/thumb/v6-m/libgcc.a(floatsidf.o)
 .ARM.attributes
                0x00000000000003ec       0x1e /home/abso/gcc-arm-none-eabi-6-2017-q2-update-linux/gcc-arm-none-eabi-6-2017-q2-update/bin/../lib/gcc/arm-none-eabi/6.3.1/thumb/v6-m/libgcc.a(_clzsi2.o)
 .ARM.attributes
                0x000000000000040a       0x2c /home/abso/gcc-arm-none-eabi-6-2017-q2-update-linux/gcc-arm-none-eabi-6-2017-q2-update/bin/../lib/gcc/arm-none-eabi/6.3.1/../../../../arm-none-eabi/lib/thumb/v6-m/libnosys.a(sbrk.o)

.comment        0x0000000000000000       0x7f
 .comment       0x0000000000000000       0x7f supportFuncs.o
                                         0x80 (size before relaxing)
 .comment       0x000000000000007f       0x80 timer.o
 .comment       0x000000000000007f       0x80 dwt.o
 .comment       0x000000000000007f       0x80 main.o

.debug_frame    0x0000000000000000      0x3cc
 .debug_frame   0x0000000000000000       0x28 /home/abso/gcc-arm-none-eabi-6-2017-q2-update-linux/gcc-arm-none-eabi-6-2017-q2-update/bin/../lib/gcc/arm-none-eabi/6.3.1/../../../../arm-none-eabi/lib/thumb/v6-m/libc.a(lib_a-calloc.o)
 .debug_frame   0x0000000000000028       0x28 /home/abso/gcc-arm-none-eabi-6-2017-q2-update-linux/gcc-arm-none-eabi-6-2017-q2-update/bin/../lib/gcc/arm-none-eabi/6.3.1/../../../../arm-none-eabi/lib/thumb/v6-m/libc.a(lib_a-callocr.o)
 .debug_frame   0x0000000000000050       0x40 /home/abso/gcc-arm-none-eabi-6-2017-q2-update-linux/gcc-arm-none-eabi-6-2017-q2-update/bin/../lib/gcc/arm-none-eabi/6.3.1/../../../../arm-none-eabi/lib/thumb/v6-m/libc.a(lib_a-malloc.o)
 .debug_frame   0x0000000000000090       0x3c /home/abso/gcc-arm-none-eabi-6-2017-q2-update-linux/gcc-arm-none-eabi-6-2017-q2-update/bin/../lib/gcc/arm-none-eabi/6.3.1/../../../../arm-none-eabi/lib/thumb/v6-m/libc.a(lib_a-mallocr.o)
 .debug_frame   0x00000000000000cc       0x30 /home/abso/gcc-arm-none-eabi-6-2017-q2-update-linux/gcc-arm-none-eabi-6-2017-q2-update/bin/../lib/gcc/arm-none-eabi/6.3.1/../../../../arm-none-eabi/lib/thumb/v6-m/libc.a(lib_a-memcpy-stub.o)
 .debug_frame   0x00000000000000fc       0x30 /home/abso/gcc-arm-none-eabi-6-2017-q2-update-linux/gcc-arm-none-eabi-6-2017-q2-update/bin/../lib/gcc/arm-none-eabi/6.3.1/../../../../arm-none-eabi/lib/thumb/v6-m/libc.a(lib_a-memset.o)
 .debug_frame   0x000000000000012c       0x40 /home/abso/gcc-arm-none-eabi-6-2017-q2-update-linux/gcc-arm-none-eabi-6-2017-q2-update/bin/../lib/gcc/arm-none-eabi/6.3.1/../../../../arm-none-eabi/lib/thumb/v6-m/libc.a(lib_a-mlock.o)
 .debug_frame   0x000000000000016c       0x2c /home/abso/gcc-arm-none-eabi-6-2017-q2-update-linux/gcc-arm-none-eabi-6-2017-q2-update/bin/../lib/gcc/arm-none-eabi/6.3.1/../../../../arm-none-eabi/lib/thumb/v6-m/libc.a(lib_a-sbrkr.o)
 .debug_frame   0x0000000000000198       0x50 /home/abso/gcc-arm-none-eabi-6-2017-q2-update-linux/gcc-arm-none-eabi-6-2017-q2-update/bin/../lib/gcc/arm-none-eabi/6.3.1/../../../../arm-none-eabi/lib/thumb/v6-m/libc.a(lib_a-freer.o)
 .debug_frame   0x00000000000001e8       0xb0 /home/abso/gcc-arm-none-eabi-6-2017-q2-update-linux/gcc-arm-none-eabi-6-2017-q2-update/bin/../lib/gcc/arm-none-eabi/6.3.1/../../../../arm-none-eabi/lib/thumb/v6-m/libc.a(lib_a-lock.o)
 .debug_frame   0x0000000000000298       0x48 /home/abso/gcc-arm-none-eabi-6-2017-q2-update-linux/gcc-arm-none-eabi-6-2017-q2-update/bin/../lib/gcc/arm-none-eabi/6.3.1/../../../../arm-none-eabi/lib/thumb/v6-m/libc.a(lib_a-reent.o)
 .debug_frame   0x00000000000002e0       0x3c /home/abso/gcc-arm-none-eabi-6-2017-q2-update-linux/gcc-arm-none-eabi-6-2017-q2-update/bin/../lib/gcc/arm-none-eabi/6.3.1/thumb/v6-m/libgcc.a(muldf3.o)
 .debug_frame   0x000000000000031c       0x38 /home/abso/gcc-arm-none-eabi-6-2017-q2-update-linux/gcc-arm-none-eabi-6-2017-q2-update/bin/../lib/gcc/arm-none-eabi/6.3.1/thumb/v6-m/libgcc.a(subdf3.o)
 .debug_frame   0x0000000000000354       0x2c /home/abso/gcc-arm-none-eabi-6-2017-q2-update-linux/gcc-arm-none-eabi-6-2017-q2-update/bin/../lib/gcc/arm-none-eabi/6.3.1/thumb/v6-m/libgcc.a(fixdfsi.o)
 .debug_frame   0x0000000000000380       0x2c /home/abso/gcc-arm-none-eabi-6-2017-q2-update-linux/gcc-arm-none-eabi-6-2017-q2-update/bin/../lib/gcc/arm-none-eabi/6.3.1/thumb/v6-m/libgcc.a(floatsidf.o)
 .debug_frame   0x00000000000003ac       0x20 /home/abso/gcc-arm-none-eabi-6-2017-q2-update-linux/gcc-arm-none-eabi-6-2017-q2-update/bin/../lib/gcc/arm-none-eabi/6.3.1/../../../../arm-none-eabi/lib/thumb/v6-m/libnosys.a(sbrk.o)
